Archive member included to satisfy reference by file (symbol)

c:/st/stm32cubeide_1.10.1/stm32cubeide/plugins/com.st.stm32cube.ide.mcu.externaltools.gnu-tools-for-stm32.10.3-2021.10.win32_1.0.0.202111181127/tools/bin/../lib/gcc/arm-none-eabi/10.3.1/../../../../arm-none-eabi/lib/thumb/v6-m/nofp\libc_nano.a(lib_a-errno.o)
                              ./Core/Src/syscalls.o (__errno)
c:/st/stm32cubeide_1.10.1/stm32cubeide/plugins/com.st.stm32cube.ide.mcu.externaltools.gnu-tools-for-stm32.10.3-2021.10.win32_1.0.0.202111181127/tools/bin/../lib/gcc/arm-none-eabi/10.3.1/../../../../arm-none-eabi/lib/thumb/v6-m/nofp\libc_nano.a(lib_a-exit.o)
                              c:/st/stm32cubeide_1.10.1/stm32cubeide/plugins/com.st.stm32cube.ide.mcu.externaltools.gnu-tools-for-stm32.10.3-2021.10.win32_1.0.0.202111181127/tools/bin/../lib/gcc/arm-none-eabi/10.3.1/../../../../arm-none-eabi/lib/thumb/v6-m/nofp/crt0.o (exit)
c:/st/stm32cubeide_1.10.1/stm32cubeide/plugins/com.st.stm32cube.ide.mcu.externaltools.gnu-tools-for-stm32.10.3-2021.10.win32_1.0.0.202111181127/tools/bin/../lib/gcc/arm-none-eabi/10.3.1/../../../../arm-none-eabi/lib/thumb/v6-m/nofp\libc_nano.a(lib_a-findfp.o)
                              ./Middlewares/Third_Party/FreeRTOS/Source/tasks.o (__sf_fake_stderr)
c:/st/stm32cubeide_1.10.1/stm32cubeide/plugins/com.st.stm32cube.ide.mcu.externaltools.gnu-tools-for-stm32.10.3-2021.10.win32_1.0.0.202111181127/tools/bin/../lib/gcc/arm-none-eabi/10.3.1/../../../../arm-none-eabi/lib/thumb/v6-m/nofp\libc_nano.a(lib_a-fwalk.o)
                              c:/st/stm32cubeide_1.10.1/stm32cubeide/plugins/com.st.stm32cube.ide.mcu.externaltools.gnu-tools-for-stm32.10.3-2021.10.win32_1.0.0.202111181127/tools/bin/../lib/gcc/arm-none-eabi/10.3.1/../../../../arm-none-eabi/lib/thumb/v6-m/nofp\libc_nano.a(lib_a-findfp.o) (_fwalk)
c:/st/stm32cubeide_1.10.1/stm32cubeide/plugins/com.st.stm32cube.ide.mcu.externaltools.gnu-tools-for-stm32.10.3-2021.10.win32_1.0.0.202111181127/tools/bin/../lib/gcc/arm-none-eabi/10.3.1/../../../../arm-none-eabi/lib/thumb/v6-m/nofp\libc_nano.a(lib_a-impure.o)
                              c:/st/stm32cubeide_1.10.1/stm32cubeide/plugins/com.st.stm32cube.ide.mcu.externaltools.gnu-tools-for-stm32.10.3-2021.10.win32_1.0.0.202111181127/tools/bin/../lib/gcc/arm-none-eabi/10.3.1/../../../../arm-none-eabi/lib/thumb/v6-m/nofp\libc_nano.a(lib_a-exit.o) (_global_impure_ptr)
c:/st/stm32cubeide_1.10.1/stm32cubeide/plugins/com.st.stm32cube.ide.mcu.externaltools.gnu-tools-for-stm32.10.3-2021.10.win32_1.0.0.202111181127/tools/bin/../lib/gcc/arm-none-eabi/10.3.1/../../../../arm-none-eabi/lib/thumb/v6-m/nofp\libc_nano.a(lib_a-init.o)
                              c:/st/stm32cubeide_1.10.1/stm32cubeide/plugins/com.st.stm32cube.ide.mcu.externaltools.gnu-tools-for-stm32.10.3-2021.10.win32_1.0.0.202111181127/tools/bin/../lib/gcc/arm-none-eabi/10.3.1/../../../../arm-none-eabi/lib/thumb/v6-m/nofp/crt0.o (__libc_init_array)
c:/st/stm32cubeide_1.10.1/stm32cubeide/plugins/com.st.stm32cube.ide.mcu.externaltools.gnu-tools-for-stm32.10.3-2021.10.win32_1.0.0.202111181127/tools/bin/../lib/gcc/arm-none-eabi/10.3.1/../../../../arm-none-eabi/lib/thumb/v6-m/nofp\libc_nano.a(lib_a-lock.o)
                              c:/st/stm32cubeide_1.10.1/stm32cubeide/plugins/com.st.stm32cube.ide.mcu.externaltools.gnu-tools-for-stm32.10.3-2021.10.win32_1.0.0.202111181127/tools/bin/../lib/gcc/arm-none-eabi/10.3.1/../../../../arm-none-eabi/lib/thumb/v6-m/nofp\libc_nano.a(lib_a-findfp.o) (__retarget_lock_init_recursive)
c:/st/stm32cubeide_1.10.1/stm32cubeide/plugins/com.st.stm32cube.ide.mcu.externaltools.gnu-tools-for-stm32.10.3-2021.10.win32_1.0.0.202111181127/tools/bin/../lib/gcc/arm-none-eabi/10.3.1/../../../../arm-none-eabi/lib/thumb/v6-m/nofp\libc_nano.a(lib_a-memcpy-stub.o)
                              ./Middlewares/Third_Party/FreeRTOS/Source/CMSIS_RTOS_V2/cmsis_os2.o (memcpy)
c:/st/stm32cubeide_1.10.1/stm32cubeide/plugins/com.st.stm32cube.ide.mcu.externaltools.gnu-tools-for-stm32.10.3-2021.10.win32_1.0.0.202111181127/tools/bin/../lib/gcc/arm-none-eabi/10.3.1/../../../../arm-none-eabi/lib/thumb/v6-m/nofp\libc_nano.a(lib_a-memset.o)
                              c:/st/stm32cubeide_1.10.1/stm32cubeide/plugins/com.st.stm32cube.ide.mcu.externaltools.gnu-tools-for-stm32.10.3-2021.10.win32_1.0.0.202111181127/tools/bin/../lib/gcc/arm-none-eabi/10.3.1/../../../../arm-none-eabi/lib/thumb/v6-m/nofp/crt0.o (memset)
c:/st/stm32cubeide_1.10.1/stm32cubeide/plugins/com.st.stm32cube.ide.mcu.externaltools.gnu-tools-for-stm32.10.3-2021.10.win32_1.0.0.202111181127/tools/bin/../lib/gcc/arm-none-eabi/10.3.1/../../../../arm-none-eabi/lib/thumb/v6-m/nofp\libc_nano.a(lib_a-nano-mallocr.o)
[...]
Memory Configuration

Name             Origin             Length             Attributes
RAM              0x0000000020000000 0x0000000000008000 xrw
FLASH            0x0000000008000000 0x0000000000040000 xr
*default*        0x0000000000000000 0xffffffffffffffff

Linker script and memory map

LOAD c:/st/stm32cubeide_1.10.1/stm32cubeide/plugins/com.st.stm32cube.ide.mcu.externaltools.gnu-tools-for-stm32.10.3-2021.10.win32_1.0.0.202111181127/tools/bin/../lib/gcc/arm-none-eabi/10.3.1/thumb/v6-m/nofp/crti.o
LOAD c:/st/stm32cubeide_1.10.1/stm32cubeide/plugins/com.st.stm32cube.ide.mcu.externaltools.gnu-tools-for-stm32.10.3-2021.10.win32_1.0.0.202111181127/tools/bin/../lib/gcc/arm-none-eabi/10.3.1/thumb/v6-m/nofp/crtbegin.o
LOAD c:/st/stm32cubeide_1.10.1/stm32cubeide/plugins/com.st.stm32cube.ide.mcu.externaltools.gnu-tools-for-stm32.10.3-2021.10.win32_1.0.0.202111181127/tools/bin/../lib/gcc/arm-none-eabi/10.3.1/../../../../arm-none-eabi/lib/thumb/v6-m/nofp/crt0.o
LOAD ./Core/Src/font.o
LOAD ./Core/Src/freertos.o
LOAD ./Core/Src/function_display.o
LOAD ./Core/Src/function_icons.o
LOAD ./Core/Src/function_servo.o
LOAD ./Core/Src/lcd_st7565.o
LOAD ./Core/Src/main.o
LOAD ./Core/Src/stm32f0xx_hal_msp.o
LOAD ./Core/Src/stm32f0xx_it.o
LOAD ./Core/Src/syscalls.o
LOAD ./Core/Src/sysmem.o
LOAD ./Core/Src/system_stm32f0xx.o
LOAD ./Core/Startup/startup_stm32f091rctx.o
LOAD ./Drivers/STM32F0xx_HAL_Driver/Src/stm32f0xx_hal.o
LOAD ./Drivers/STM32F0xx_HAL_Driver/Src/stm32f0xx_hal_adc.o
LOAD ./Drivers/STM32F0xx_HAL_Driver/Src/stm32f0xx_hal_adc_ex.o
LOAD ./Drivers/STM32F0xx_HAL_Driver/Src/stm32f0xx_hal_cortex.o
LOAD ./Drivers/STM32F0xx_HAL_Driver/Src/stm32f0xx_hal_dma.o
LOAD ./Drivers/STM32F0xx_HAL_Driver/Src/stm32f0xx_hal_exti.o
LOAD ./Drivers/STM32F0xx_HAL_Driver/Src/stm32f0xx_hal_flash.o
LOAD ./Drivers/STM32F0xx_HAL_Driver/Src/stm32f0xx_hal_flash_ex.o
LOAD ./Drivers/STM32F0xx_HAL_Driver/Src/stm32f0xx_hal_gpio.o
LOAD ./Drivers/STM32F0xx_HAL_Driver/Src/stm32f0xx_hal_i2c.o
LOAD ./Drivers/STM32F0xx_HAL_Driver/Src/stm32f0xx_hal_i2c_ex.o
LOAD ./Drivers/STM32F0xx_HAL_Driver/Src/stm32f0xx_hal_pwr.o
LOAD ./Drivers/STM32F0xx_HAL_Driver/Src/stm32f0xx_hal_pwr_ex.o
LOAD ./Drivers/STM32F0xx_HAL_Driver/Src/stm32f0xx_hal_rcc.o
LOAD ./Drivers/STM32F0xx_HAL_Driver/Src/stm32f0xx_hal_rcc_ex.o
LOAD ./Drivers/STM32F0xx_HAL_Driver/Src/stm32f0xx_hal_spi.o
LOAD ./Drivers/STM32F0xx_HAL_Driver/Src/stm32f0xx_hal_spi_ex.o
LOAD ./Drivers/STM32F0xx_HAL_Driver/Src/stm32f0xx_hal_tim.o
LOAD ./Drivers/STM32F0xx_HAL_Driver/Src/stm32f0xx_hal_tim_ex.o
LOAD ./Drivers/STM32F0xx_HAL_Driver/Src/stm32f0xx_hal_uart.o
LOAD ./Drivers/STM32F0xx_HAL_Driver/Src/stm32f0xx_hal_uart_ex.o
LOAD ./Middlewares/Third_Party/FreeRTOS/Source/CMSIS_RTOS_V2/cmsis_os2.o
LOAD ./Middlewares/Third_Party/FreeRTOS/Source/croutine.o
LOAD ./Middlewares/Third_Party/FreeRTOS/Source/event_groups.o
LOAD ./Middlewares/Third_Party/FreeRTOS/Source/list.o
LOAD ./Middlewares/Third_Party/FreeRTOS/Source/queue.o
LOAD ./Middlewares/Third_Party/FreeRTOS/Source/stream_buffer.o
LOAD ./Middlewares/Third_Party/FreeRTOS/Source/tasks.o
LOAD ./Middlewares/Third_Party/FreeRTOS/Source/timers.o
LOAD ./Middlewares/Third_Party/FreeRTOS/Source/portable/GCC/ARM_CM0/port.o
LOAD ./Middlewares/Third_Party/FreeRTOS/Source/portable/MemMang/heap_4.o
START GROUP
LOAD c:/st/stm32cubeide_1.10.1/stm32cubeide/plugins/com.st.stm32cube.ide.mcu.externaltools.gnu-tools-for-stm32.10.3-2021.10.win32_1.0.0.202111181127/tools/bin/../lib/gcc/arm-none-eabi/10.3.1/../../../../arm-none-eabi/lib/thumb/v6-m/nofp\libc_nano.a
LOAD c:/st/stm32cubeide_1.10.1/stm32cubeide/plugins/com.st.stm32cube.ide.mcu.externaltools.gnu-tools-for-stm32.10.3-2021.10.win32_1.0.0.202111181127/tools/bin/../lib/gcc/arm-none-eabi/10.3.1/../../../../arm-none-eabi/lib/thumb/v6-m/nofp\libm.a
END GROUP
START GROUP
LOAD c:/st/stm32cubeide_1.10.1/stm32cubeide/plugins/com.st.stm32cube.ide.mcu.externaltools.gnu-tools-for-stm32.10.3-2021.10.win32_1.0.0.202111181127/tools/bin/../lib/gcc/arm-none-eabi/10.3.1/thumb/v6-m/nofp\libgcc.a
LOAD c:/st/stm32cubeide_1.10.1/stm32cubeide/plugins/com.st.stm32cube.ide.mcu.externaltools.gnu-tools-for-stm32.10.3-2021.10.win32_1.0.0.202111181127/tools/bin/../lib/gcc/arm-none-eabi/10.3.1/../../../../arm-none-eabi/lib/thumb/v6-m/nofp\libc_nano.a
END GROUP
START GROUP
LOAD c:/st/stm32cubeide_1.10.1/stm32cubeide/plugins/com.st.stm32cube.ide.mcu.externaltools.gnu-tools-for-stm32.10.3-2021.10.win32_1.0.0.202111181127/tools/bin/../lib/gcc/arm-none-eabi/10.3.1/thumb/v6-m/nofp\libgcc.a
LOAD c:/st/stm32cubeide_1.10.1/stm32cubeide/plugins/com.st.stm32cube.ide.mcu.externaltools.gnu-tools-for-stm32.10.3-2021.10.win32_1.0.0.202111181127/tools/bin/../lib/gcc/arm-none-eabi/10.3.1/../../../../arm-none-eabi/lib/thumb/v6-m/nofp\libc_nano.a
LOAD c:/st/stm32cubeide_1.10.1/stm32cubeide/plugins/com.st.stm32cube.ide.mcu.externaltools.gnu-tools-for-stm32.10.3-2021.10.win32_1.0.0.202111181127/tools/bin/../lib/gcc/arm-none-eabi/10.3.1/../../../../arm-none-eabi/lib/thumb/v6-m/nofp\libnosys.a
END GROUP
START GROUP
LOAD c:/st/stm32cubeide_1.10.1/stm32cubeide/plugins/com.st.stm32cube.ide.mcu.externaltools.gnu-tools-for-stm32.10.3-2021.10.win32_1.0.0.202111181127/tools/bin/../lib/gcc/arm-none-eabi/10.3.1/thumb/v6-m/nofp\libgcc.a
LOAD c:/st/stm32cubeide_1.10.1/stm32cubeide/plugins/com.st.stm32cube.ide.mcu.externaltools.gnu-tools-for-stm32.10.3-2021.10.win32_1.0.0.202111181127/tools/bin/../lib/gcc/arm-none-eabi/10.3.1/../../../../arm-none-eabi/lib/thumb/v6-m/nofp\libc_nano.a
LOAD c:/st/stm32cubeide_1.10.1/stm32cubeide/plugins/com.st.stm32cube.ide.mcu.externaltools.gnu-tools-for-stm32.10.3-2021.10.win32_1.0.0.202111181127/tools/bin/../lib/gcc/arm-none-eabi/10.3.1/../../../../arm-none-eabi/lib/thumb/v6-m/nofp\libnosys.a
END GROUP
LOAD c:/st/stm32cubeide_1.10.1/stm32cubeide/plugins/com.st.stm32cube.ide.mcu.externaltools.gnu-tools-for-stm32.10.3-2021.10.win32_1.0.0.202111181127/tools/bin/../lib/gcc/arm-none-eabi/10.3.1/thumb/v6-m/nofp/crtend.o
LOAD c:/st/stm32cubeide_1.10.1/stm32cubeide/plugins/com.st.stm32cube.ide.mcu.externaltools.gnu-tools-for-stm32.10.3-2021.10.win32_1.0.0.202111181127/tools/bin/../lib/gcc/arm-none-eabi/10.3.1/thumb/v6-m/nofp/crtn.o
                0x0000000020008000                _estack = (ORIGIN (RAM) + LENGTH (RAM))
                0x0000000000000200                _Min_Heap_Size = 0x200
                0x0000000000000400                _Min_Stack_Size = 0x400

.isr_vector     0x0000000008000000       0xbc
                0x0000000008000000                . = ALIGN (0x4)
 *(.isr_vector)
 .isr_vector    0x0000000008000000       0xbc ./Core/Startup/startup_stm32f091rctx.o
                0x0000000008000000                g_pfnVectors
                0x00000000080000bc                . = ALIGN (0x4)

.text           0x00000000080000c0     0x77dc
                0x00000000080000c0                . = ALIGN (0x4)
 *(.text)
 .text          0x00000000080000c0       0x48 c:/st/stm32cubeide_1.10.1/stm32cubeide/plugins/com.st.stm32cube.ide.mcu.externaltools.gnu-tools-for-stm32.10.3-2021.10.win32_1.0.0.202111181127/tools/bin/../lib/gcc/arm-none-eabi/10.3.1/thumb/v6-m/nofp/crtbegin.o
 .text          0x0000000008000108      0x114 c:/st/stm32cubeide_1.10.1/stm32cubeide/plugins/com.st.stm32cube.ide.mcu.externaltools.gnu-tools-for-stm32.10.3-2021.10.win32_1.0.0.202111181127/tools/bin/../lib/gcc/arm-none-eabi/10.3.1/thumb/v6-m/nofp\libgcc.a(_udivsi3.o)
                0x0000000008000108                __aeabi_uidiv
                0x0000000008000108                __udivsi3
                0x0000000008000214                __aeabi_uidivmod
 .text          0x000000000800021c        0x4 c:/st/stm32cubeide_1.10.1/stm32cubeide/plugins/com.st.stm32cube.ide.mcu.externaltools.gnu-tools-for-stm32.10.3-2021.10.win32_1.0.0.202111181127/tools/bin/../lib/gcc/arm-none-eabi/10.3.1/thumb/v6-m/nofp\libgcc.a(_dvmd_tls.o)
                0x000000000800021c                __aeabi_idiv0
                0x000000000800021c                __aeabi_ldiv0
 *(.text*)
 .text.Display_modLucruDisplay
                0x0000000008000220       0x74 ./Core/Src/function_display.o
                0x0000000008000220                Display_modLucruDisplay
 .text.Display_displayStergereX1
                0x0000000008000294       0x20 ./Core/Src/function_display.o
                0x0000000008000294                Display_displayStergereX1
 .text.Display_displayTreapta1
                0x00000000080002b4       0x30 ./Core/Src/function_display.o
                0x00000000080002b4                Display_displayTreapta1
 .text.Display_displayTreapta2
                0x00000000080002e4       0x30 ./Core/Src/function_display.o
                0x00000000080002e4                Display_displayTreapta2
 .text.Display_displayTreapta3
                0x0000000008000314       0x30 ./Core/Src/function_display.o
                0x0000000008000314                Display_displayTreapta3
 .text.Display_displaySpalareParbriz
                0x0000000008000344       0x20 ./Core/Src/function_display.o
                0x0000000008000344                Display_displaySpalareParbriz
 .text.Display_displaySpalareLuneta
                0x0000000008000364       0x20 ./Core/Src/function_display.o
                0x0000000008000364                Display_displaySpalareLuneta
 .text.Icons_loadX1
                0x0000000008000384       0x34 ./Core/Src/function_icons.o
                0x0000000008000384                Icons_loadX1
 .text.Icons_loadTreapta1
                0x00000000080003b8       0x34 ./Core/Src/function_icons.o
                0x00000000080003b8                Icons_loadTreapta1
 .text.Icons_loadTreapta2
                0x00000000080003ec       0x34 ./Core/Src/function_icons.o
                0x00000000080003ec                Icons_loadTreapta2
 .text.Icons_loadTreapta3
                0x0000000008000420       0x34 ./Core/Src/function_icons.o
                0x0000000008000420                Icons_loadTreapta3
 .text.Icons_loadSpalareParbriz
                0x0000000008000454       0x34 ./Core/Src/function_icons.o
                0x0000000008000454                Icons_loadSpalareParbriz
 .text.Icons_loadSpalareLuneta
                0x0000000008000488       0x34 ./Core/Src/function_icons.o
                0x0000000008000488                Icons_loadSpalareLuneta
 .text.Icons_clearScreen
                0x00000000080004bc       0x20 ./Core/Src/function_icons.o
                0x00000000080004bc                Icons_clearScreen
 .text.Servo_modLucruServo
                0x00000000080004dc       0x60 ./Core/Src/function_servo.o
                0x00000000080004dc                Servo_modLucruServo
 .text.Servo_servoStergereX1
                0x000000000800053c       0x64 ./Core/Src/function_servo.o
                0x000000000800053c                Servo_servoStergereX1
 .text.Servo_servoTreapta1
                0x00000000080005a0       0x64 ./Core/Src/function_servo.o
                0x00000000080005a0                Servo_servoTreapta1
 .text.Servo_servoTreapta2
                0x0000000008000604       0x64 ./Core/Src/function_servo.o
                0x0000000008000604                Servo_servoTreapta2
 .text.Servo_servoTreapta3
                0x0000000008000668       0x64 ./Core/Src/function_servo.o
                0x0000000008000668                Servo_servoTreapta3
 .text.Servo_servoSpalareParbriz
                0x00000000080006cc       0x14 ./Core/Src/function_servo.o
                0x00000000080006cc                Servo_servoSpalareParbriz
 .text.Servo_servoSpalareLuneta
                0x00000000080006e0       0x14 ./Core/Src/function_servo.o
                0x00000000080006e0                Servo_servoSpalareLuneta
 .text.st7565_write_buffer
                0x00000000080006f4       0xf0 ./Core/Src/lcd_st7565.o
                0x00000000080006f4                st7565_write_buffer
 .text.st7565_sendbyte
                0x00000000080007e4       0x24 ./Core/Src/lcd_st7565.o
                0x00000000080007e4                st7565_sendbyte
 .text.st7565_init
                0x0000000008000808      0x15c ./Core/Src/lcd_st7565.o
                0x0000000008000808                st7565_init
 .text.st7565_backlight_enable
                0x0000000008000964       0x1a ./Core/Src/lcd_st7565.o
                0x0000000008000964                st7565_backlight_enable
 *fill*         0x000000000800097e        0x2 
 .text.st7565_set_brightness
                0x0000000008000980       0x48 ./Core/Src/lcd_st7565.o
                0x0000000008000980                st7565_set_brightness
 .text.st7565_clear_screen
                0x00000000080009c8       0xb8 ./Core/Src/lcd_st7565.o
                0x00000000080009c8                st7565_clear_screen
 .text.st7565_clear_buffer
                0x0000000008000a80       0x1e ./Core/Src/lcd_st7565.o
                0x0000000008000a80                st7565_clear_buffer
 .text.st7565_setpixel
                0x0000000008000a9e       0xd6 ./Core/Src/lcd_st7565.o
                0x0000000008000a9e                st7565_setpixel
 .text.st7565_drawbitmap
                0x0000000008000b74       0xe0 ./Core/Src/lcd_st7565.o
                0x0000000008000b74                st7565_drawbitmap
 .text.main     0x0000000008000c54       0x88 ./Core/Src/main.o
                0x0000000008000c54                main
 .text.SystemClock_Config
                0x0000000008000cdc       0xca ./Core/Src/main.o
                0x0000000008000cdc                SystemClock_Config
 *fill*         0x0000000008000da6        0x2 
 .text.MX_ADC_Init
                0x0000000008000da8       0xe8 ./Core/Src/main.o
 .text.MX_SPI1_Init
                0x0000000008000e90       0x7c ./Core/Src/main.o
 .text.MX_TIM3_Init
                0x0000000008000f0c      0x100 ./Core/Src/main.o
 .text.MX_USART2_UART_Init
                0x000000000800100c       0x60 ./Core/Src/main.o
 .text.MX_DMA_Init
                0x000000000800106c       0x4c ./Core/Src/main.o
 .text.MX_GPIO_Init
                0x00000000080010b8      0x138 ./Core/Src/main.o
 .text.Task_Servo
                0x00000000080011f0      0x144 ./Core/Src/main.o
                0x00000000080011f0                Task_Servo
 .text.Task_Joystick
                0x0000000008001334       0x24 ./Core/Src/main.o
                0x0000000008001334                Task_Joystick
 .text.Task_LCD
                0x0000000008001358       0x94 ./Core/Src/main.o
                0x0000000008001358                Task_LCD
 .text.Error_Handler
                0x00000000080013ec        0xa ./Core/Src/main.o
                0x00000000080013ec                Error_Handler
 *fill*         0x00000000080013f6        0x2 
 .text.HAL_MspInit
                0x00000000080013f8       0x54 ./Core/Src/stm32f0xx_hal_msp.o
                0x00000000080013f8                HAL_MspInit
 .text.HAL_ADC_MspInit
                0x000000000800144c      0x10c ./Core/Src/stm32f0xx_hal_msp.o
                0x000000000800144c                HAL_ADC_MspInit
 .text.HAL_SPI_MspInit
                0x0000000008001558       0x98 ./Core/Src/stm32f0xx_hal_msp.o
                0x0000000008001558                HAL_SPI_MspInit
 .text.HAL_TIM_Base_MspInit
                0x00000000080015f0       0xc4 ./Core/Src/stm32f0xx_hal_msp.o
                0x00000000080015f0                HAL_TIM_Base_MspInit
 .text.HAL_TIM_MspPostInit
                0x00000000080016b4       0x80 ./Core/Src/stm32f0xx_hal_msp.o
                0x00000000080016b4                HAL_TIM_MspPostInit
 .text.HAL_UART_MspInit
                0x0000000008001734       0x98 ./Core/Src/stm32f0xx_hal_msp.o
                0x0000000008001734                HAL_UART_MspInit
 .text.NMI_Handler
                0x00000000080017cc        0x6 ./Core/Src/stm32f0xx_it.o
                0x00000000080017cc                NMI_Handler
 .text.HardFault_Handler
                0x00000000080017d2        0x6 ./Core/Src/stm32f0xx_it.o
                0x00000000080017d2                HardFault_Handler
 .text.SysTick_Handler
                0x00000000080017d8       0x1c ./Core/Src/stm32f0xx_it.o
                0x00000000080017d8                SysTick_Handler
 .text.DMA1_Ch1_IRQHandler
                0x00000000080017f4       0x18 ./Core/Src/stm32f0xx_it.o
                0x00000000080017f4                DMA1_Ch1_IRQHandler
 .text.DMA1_Ch2_3_DMA2_Ch1_2_IRQHandler
                0x000000000800180c       0x18 ./Core/Src/stm32f0xx_it.o
                0x000000000800180c                DMA1_Ch2_3_DMA2_Ch1_2_IRQHandler
 .text.SystemInit
                0x0000000008001824        0xa ./Core/Src/system_stm32f0xx.o
                0x0000000008001824                SystemInit
 *fill*         0x000000000800182e        0x2 
 .text.Reset_Handler
                0x0000000008001830       0x50 ./Core/Startup/startup_stm32f091rctx.o
                0x0000000008001830                Reset_Handler
 .text.Default_Handler
                0x0000000008001880        0x2 ./Core/Startup/startup_stm32f091rctx.o
                0x0000000008001880                TIM1_CC_IRQHandler
                0x0000000008001880                TSC_IRQHandler
                0x0000000008001880                ADC1_COMP_IRQHandler
                0x0000000008001880                I2C1_IRQHandler
                0x0000000008001880                RCC_CRS_IRQHandler
                0x0000000008001880                SPI1_IRQHandler
                0x0000000008001880                TIM6_DAC_IRQHandler
                0x0000000008001880                EXTI2_3_IRQHandler
                0x0000000008001880                I2C2_IRQHandler
                0x0000000008001880                TIM17_IRQHandler
                0x0000000008001880                CEC_CAN_IRQHandler
                0x0000000008001880                RTC_IRQHandler
                0x0000000008001880                PVD_VDDIO2_IRQHandler
                0x0000000008001880                TIM16_IRQHandler
                0x0000000008001880                TIM3_IRQHandler
                0x0000000008001880                EXTI4_15_IRQHandler
                0x0000000008001880                USART3_8_IRQHandler
                0x0000000008001880                Default_Handler
                0x0000000008001880                TIM14_IRQHandler
                0x0000000008001880                TIM7_IRQHandler
                0x0000000008001880                TIM15_IRQHandler
                0x0000000008001880                EXTI0_1_IRQHandler
                0x0000000008001880                SPI2_IRQHandler
                0x0000000008001880                DMA1_Ch4_7_DMA2_Ch3_5_IRQHandler
                0x0000000008001880                WWDG_IRQHandler
                0x0000000008001880                TIM2_IRQHandler
                0x0000000008001880                USART2_IRQHandler
                0x0000000008001880                FLASH_IRQHandler
                0x0000000008001880                USART1_IRQHandler
                0x0000000008001880                TIM1_BRK_UP_TRG_COM_IRQHandler
 *fill*         0x0000000008001882        0x2 
 .text.HAL_Init
                0x0000000008001884       0x28 ./Drivers/STM32F0xx_HAL_Driver/Src/stm32f0xx_hal.o
                0x0000000008001884                HAL_Init
 .text.HAL_InitTick
                0x00000000080018ac       0x68 ./Drivers/STM32F0xx_HAL_Driver/Src/stm32f0xx_hal.o
                0x00000000080018ac                HAL_InitTick
 .text.HAL_IncTick
                0x0000000008001914       0x24 ./Drivers/STM32F0xx_HAL_Driver/Src/stm32f0xx_hal.o
                0x0000000008001914                HAL_IncTick
 .text.HAL_GetTick
                0x0000000008001938       0x14 ./Drivers/STM32F0xx_HAL_Driver/Src/stm32f0xx_hal.o
                0x0000000008001938                HAL_GetTick
 .text.HAL_Delay
                0x000000000800194c       0x48 ./Drivers/STM32F0xx_HAL_Driver/Src/stm32f0xx_hal.o
                0x000000000800194c                HAL_Delay
 .text.HAL_ADC_Init
                0x0000000008001994      0x280 ./Drivers/STM32F0xx_HAL_Driver/Src/stm32f0xx_hal_adc.o
                0x0000000008001994                HAL_ADC_Init
 .text.HAL_ADC_Start_DMA
                0x0000000008001c14      0x104 ./Drivers/STM32F0xx_HAL_Driver/Src/stm32f0xx_hal_adc.o
                0x0000000008001c14                HAL_ADC_Start_DMA
 .text.HAL_ADC_ConvCpltCallback
                0x0000000008001d18       0x10 ./Drivers/STM32F0xx_HAL_Driver/Src/stm32f0xx_hal_adc.o
                0x0000000008001d18                HAL_ADC_ConvCpltCallback
 .text.HAL_ADC_ConvHalfCpltCallback
                0x0000000008001d28       0x10 ./Drivers/STM32F0xx_HAL_Driver/Src/stm32f0xx_hal_adc.o
                0x0000000008001d28                HAL_ADC_ConvHalfCpltCallback
 .text.HAL_ADC_ErrorCallback
                0x0000000008001d38       0x10 ./Drivers/STM32F0xx_HAL_Driver/Src/stm32f0xx_hal_adc.o
                0x0000000008001d38                HAL_ADC_ErrorCallback
 .text.HAL_ADC_ConfigChannel
                0x0000000008001d48      0x21c ./Drivers/STM32F0xx_HAL_Driver/Src/stm32f0xx_hal_adc.o
                0x0000000008001d48                HAL_ADC_ConfigChannel
 .text.ADC_Enable
                0x0000000008001f64      0x108 ./Drivers/STM32F0xx_HAL_Driver/Src/stm32f0xx_hal_adc.o
 .text.ADC_DMAConvCplt
                0x000000000800206c       0xb4 ./Drivers/STM32F0xx_HAL_Driver/Src/stm32f0xx_hal_adc.o
 .text.ADC_DMAHalfConvCplt
                0x0000000008002120       0x1e ./Drivers/STM32F0xx_HAL_Driver/Src/stm32f0xx_hal_adc.o
 .text.ADC_DMAError
                0x000000000800213e       0x36 ./Drivers/STM32F0xx_HAL_Driver/Src/stm32f0xx_hal_adc.o
 .text.__NVIC_EnableIRQ
                0x0000000008002174       0x34 ./Drivers/STM32F0xx_HAL_Driver/Src/stm32f0xx_hal_cortex.o
 .text.__NVIC_SetPriority
                0x00000000080021a8       0xdc ./Drivers/STM32F0xx_HAL_Driver/Src/stm32f0xx_hal_cortex.o
 .text.SysTick_Config
                0x0000000008002284       0x48 ./Drivers/STM32F0xx_HAL_Driver/Src/stm32f0xx_hal_cortex.o
 .text.HAL_NVIC_SetPriority
                0x00000000080022cc       0x2a ./Drivers/STM32F0xx_HAL_Driver/Src/stm32f0xx_hal_cortex.o
                0x00000000080022cc                HAL_NVIC_SetPriority
 .text.HAL_NVIC_EnableIRQ
                0x00000000080022f6       0x20 ./Drivers/STM32F0xx_HAL_Driver/Src/stm32f0xx_hal_cortex.o
                0x00000000080022f6                HAL_NVIC_EnableIRQ
 .text.HAL_SYSTICK_Config
                0x0000000008002316       0x1a ./Drivers/STM32F0xx_HAL_Driver/Src/stm32f0xx_hal_cortex.o
                0x0000000008002316                HAL_SYSTICK_Config
 .text.HAL_DMA_Init
                0x0000000008002330       0x90 ./Drivers/STM32F0xx_HAL_Driver/Src/stm32f0xx_hal_dma.o
                0x0000000008002330                HAL_DMA_Init
 .text.HAL_DMA_Start_IT
                0x00000000080023c0       0xcc ./Drivers/STM32F0xx_HAL_Driver/Src/stm32f0xx_hal_dma.o
                0x00000000080023c0                HAL_DMA_Start_IT
 .text.HAL_DMA_IRQHandler
                0x000000000800248c      0x144 ./Drivers/STM32F0xx_HAL_Driver/Src/stm32f0xx_hal_dma.o
                0x000000000800248c                HAL_DMA_IRQHandler
 .text.DMA_SetConfig
                0x00000000080025d0       0x58 ./Drivers/STM32F0xx_HAL_Driver/Src/stm32f0xx_hal_dma.o
 .text.DMA_CalcBaseAndBitshift
                0x0000000008002628       0x74 ./Drivers/STM32F0xx_HAL_Driver/Src/stm32f0xx_hal_dma.o
 .text.HAL_GPIO_Init
                0x000000000800269c      0x2f0 ./Drivers/STM32F0xx_HAL_Driver/Src/stm32f0xx_hal_gpio.o
                0x000000000800269c                HAL_GPIO_Init
 .text.HAL_GPIO_WritePin
                0x000000000800298c       0x3a ./Drivers/STM32F0xx_HAL_Driver/Src/stm32f0xx_hal_gpio.o
                0x000000000800298c                HAL_GPIO_WritePin
 *fill*         0x00000000080029c6        0x2 
 .text.HAL_RCC_OscConfig
                0x00000000080029c8      0x70c ./Drivers/STM32F0xx_HAL_Driver/Src/stm32f0xx_hal_rcc.o
                0x00000000080029c8                HAL_RCC_OscConfig
 .text.HAL_RCC_ClockConfig
                0x00000000080030d4      0x1b4 ./Drivers/STM32F0xx_HAL_Driver/Src/stm32f0xx_hal_rcc.o
                0x00000000080030d4                HAL_RCC_ClockConfig
 .text.HAL_RCC_GetSysClockFreq
                0x0000000008003288      0x100 ./Drivers/STM32F0xx_HAL_Driver/Src/stm32f0xx_hal_rcc.o
                0x0000000008003288                HAL_RCC_GetSysClockFreq
 .text.HAL_RCC_GetHCLKFreq
                0x0000000008003388       0x14 ./Drivers/STM32F0xx_HAL_Driver/Src/stm32f0xx_hal_rcc.o
                0x0000000008003388                HAL_RCC_GetHCLKFreq
 .text.HAL_RCC_GetPCLK1Freq
                0x000000000800339c       0x2c ./Drivers/STM32F0xx_HAL_Driver/Src/stm32f0xx_hal_rcc.o
                0x000000000800339c                HAL_RCC_GetPCLK1Freq
 .text.HAL_RCCEx_PeriphCLKConfig
                0x00000000080033c8      0x200 ./Drivers/STM32F0xx_HAL_Driver/Src/stm32f0xx_hal_rcc_ex.o
                0x00000000080033c8                HAL_RCCEx_PeriphCLKConfig
 .text.HAL_SPI_Init
                0x00000000080035c8      0x170 ./Drivers/STM32F0xx_HAL_Driver/Src/stm32f0xx_hal_spi.o
                0x00000000080035c8                HAL_SPI_Init
 .text.HAL_SPI_Transmit
                0x0000000008003738      0x2b0 ./Drivers/STM32F0xx_HAL_Driver/Src/stm32f0xx_hal_spi.o
                0x0000000008003738                HAL_SPI_Transmit
 .text.SPI_WaitFlagStateUntilTimeout
                0x00000000080039e8      0x11c ./Drivers/STM32F0xx_HAL_Driver/Src/stm32f0xx_hal_spi.o
 .text.SPI_WaitFifoStateUntilTimeout
                0x0000000008003b04      0x144 ./Drivers/STM32F0xx_HAL_Driver/Src/stm32f0xx_hal_spi.o
 .text.SPI_EndRxTxTransaction
                0x0000000008003c48       0x8c ./Drivers/STM32F0xx_HAL_Driver/Src/stm32f0xx_hal_spi.o
 .text.HAL_TIM_Base_Init
                0x0000000008003cd4       0xa0 ./Drivers/STM32F0xx_HAL_Driver/Src/stm32f0xx_hal_tim.o
                0x0000000008003cd4                HAL_TIM_Base_Init
 .text.HAL_TIM_PWM_Init
                0x0000000008003d74       0xa0 ./Drivers/STM32F0xx_HAL_Driver/Src/stm32f0xx_hal_tim.o
                0x0000000008003d74                HAL_TIM_PWM_Init
 .text.HAL_TIM_PWM_MspInit
                0x0000000008003e14       0x10 ./Drivers/STM32F0xx_HAL_Driver/Src/stm32f0xx_hal_tim.o
                0x0000000008003e14                HAL_TIM_PWM_MspInit
 .text.HAL_TIM_PWM_Start
                0x0000000008003e24      0x170 ./Drivers/STM32F0xx_HAL_Driver/Src/stm32f0xx_hal_tim.o
                0x0000000008003e24                HAL_TIM_PWM_Start
 .text.HAL_TIM_PWM_ConfigChannel
                0x0000000008003f94      0x18c ./Drivers/STM32F0xx_HAL_Driver/Src/stm32f0xx_hal_tim.o
                0x0000000008003f94                HAL_TIM_PWM_ConfigChannel
 .text.HAL_TIM_ConfigClockSource
                0x0000000008004120      0x1a8 ./Drivers/STM32F0xx_HAL_Driver/Src/stm32f0xx_hal_tim.o
                0x0000000008004120                HAL_TIM_ConfigClockSource
 .text.TIM_Base_SetConfig
                0x00000000080042c8      0x100 ./Drivers/STM32F0xx_HAL_Driver/Src/stm32f0xx_hal_tim.o
                0x00000000080042c8                TIM_Base_SetConfig
 .text.TIM_OC1_SetConfig
                0x00000000080043c8      0x110 ./Drivers/STM32F0xx_HAL_Driver/Src/stm32f0xx_hal_tim.o
 .text.TIM_OC2_SetConfig
                0x00000000080044d8      0x108 ./Drivers/STM32F0xx_HAL_Driver/Src/stm32f0xx_hal_tim.o
                0x00000000080044d8                TIM_OC2_SetConfig
 .text.TIM_OC3_SetConfig
                0x00000000080045e0      0x10c ./Drivers/STM32F0xx_HAL_Driver/Src/stm32f0xx_hal_tim.o
 .text.TIM_OC4_SetConfig
                0x00000000080046ec       0xd4 ./Drivers/STM32F0xx_HAL_Driver/Src/stm32f0xx_hal_tim.o
 .text.TIM_TI1_ConfigInputStage
                0x00000000080047c0       0x5c ./Drivers/STM32F0xx_HAL_Driver/Src/stm32f0xx_hal_tim.o
 .text.TIM_TI2_ConfigInputStage
                0x000000000800481c       0x64 ./Drivers/STM32F0xx_HAL_Driver/Src/stm32f0xx_hal_tim.o
 .text.TIM_ITRx_SetConfig
                0x0000000008004880       0x32 ./Drivers/STM32F0xx_HAL_Driver/Src/stm32f0xx_hal_tim.o
 *fill*         0x00000000080048b2        0x2 
 .text.TIM_ETR_SetConfig
                0x00000000080048b4       0x40 ./Drivers/STM32F0xx_HAL_Driver/Src/stm32f0xx_hal_tim.o
                0x00000000080048b4                TIM_ETR_SetConfig
 .text.TIM_CCxChannelCmd
                0x00000000080048f4       0x46 ./Drivers/STM32F0xx_HAL_Driver/Src/stm32f0xx_hal_tim.o
                0x00000000080048f4                TIM_CCxChannelCmd
 *fill*         0x000000000800493a        0x2 
 .text.HAL_TIMEx_MasterConfigSynchronization
                0x000000000800493c       0xbc ./Drivers/STM32F0xx_HAL_Driver/Src/stm32f0xx_hal_tim_ex.o
                0x000000000800493c                HAL_TIMEx_MasterConfigSynchronization
 .text.HAL_UART_Init
                0x00000000080049f8       0xa8 ./Drivers/STM32F0xx_HAL_Driver/Src/stm32f0xx_hal_uart.o
                0x00000000080049f8                HAL_UART_Init
 .text.UART_SetConfig
                0x0000000008004aa0      0x3d0 ./Drivers/STM32F0xx_HAL_Driver/Src/stm32f0xx_hal_uart.o
                0x0000000008004aa0                UART_SetConfig
 .text.UART_AdvFeatureConfig
                0x0000000008004e70      0x168 ./Drivers/STM32F0xx_HAL_Driver/Src/stm32f0xx_hal_uart.o
                0x0000000008004e70                UART_AdvFeatureConfig
 .text.UART_CheckIdleState
                0x0000000008004fd8       0x90 ./Drivers/STM32F0xx_HAL_Driver/Src/stm32f0xx_hal_uart.o
                0x0000000008004fd8                UART_CheckIdleState
 .text.UART_WaitOnFlagUntilTimeout
                0x0000000008005068      0x188 ./Drivers/STM32F0xx_HAL_Driver/Src/stm32f0xx_hal_uart.o
                0x0000000008005068                UART_WaitOnFlagUntilTimeout
 .text.osKernelInitialize
                0x00000000080051f0       0x58 ./Middlewares/Third_Party/FreeRTOS/Source/CMSIS_RTOS_V2/cmsis_os2.o
                0x00000000080051f0                osKernelInitialize
 .text.osKernelStart
                0x0000000008005248       0x5c ./Middlewares/Third_Party/FreeRTOS/Source/CMSIS_RTOS_V2/cmsis_os2.o
                0x0000000008005248                osKernelStart
 .text.osThreadNew
                0x00000000080052a4      0x150 ./Middlewares/Third_Party/FreeRTOS/Source/CMSIS_RTOS_V2/cmsis_os2.o
                0x00000000080052a4                osThreadNew
 .text.osDelay  0x00000000080053f4       0x50 ./Middlewares/Third_Party/FreeRTOS/Source/CMSIS_RTOS_V2/cmsis_os2.o
                0x00000000080053f4                osDelay
 .text.vApplicationGetIdleTaskMemory
                0x0000000008005444       0x30 ./Middlewares/Third_Party/FreeRTOS/Source/CMSIS_RTOS_V2/cmsis_os2.o
                0x0000000008005444                vApplicationGetIdleTaskMemory
 .text.vApplicationGetTimerTaskMemory
                0x0000000008005474       0x30 ./Middlewares/Third_Party/FreeRTOS/Source/CMSIS_RTOS_V2/cmsis_os2.o
                0x0000000008005474                vApplicationGetTimerTaskMemory
 .text.vListInitialise
                0x00000000080054a4       0x3c ./Middlewares/Third_Party/FreeRTOS/Source/list.o
                0x00000000080054a4                vListInitialise
 .text.vListInitialiseItem
                0x00000000080054e0       0x16 ./Middlewares/Third_Party/FreeRTOS/Source/list.o
                0x00000000080054e0                vListInitialiseItem
 .text.vListInsertEnd
                0x00000000080054f6       0x44 ./Middlewares/Third_Party/FreeRTOS/Source/list.o
                0x00000000080054f6                vListInsertEnd
 .text.vListInsert
                0x000000000800553a       0x6c ./Middlewares/Third_Party/FreeRTOS/Source/list.o
                0x000000000800553a                vListInsert
 .text.uxListRemove
                0x00000000080055a6       0x50 ./Middlewares/Third_Party/FreeRTOS/Source/list.o
                0x00000000080055a6                uxListRemove
 .text.xQueueGenericReset
                0x00000000080055f6       0xa8 ./Middlewares/Third_Party/FreeRTOS/Source/queue.o
                0x00000000080055f6                xQueueGenericReset
 .text.xQueueGenericCreateStatic
                0x000000000800569e       0x96 ./Middlewares/Third_Party/FreeRTOS/Source/queue.o
                0x000000000800569e                xQueueGenericCreateStatic
 .text.prvInitialiseNewQueue
                0x0000000008005734       0x4e ./Middlewares/Third_Party/FreeRTOS/Source/queue.o
 .text.xQueueGenericSend
                0x0000000008005782      0x188 ./Middlewares/Third_Party/FreeRTOS/Source/queue.o
                0x0000000008005782                xQueueGenericSend
 .text.xQueueGenericSendFromISR
                0x000000000800590a       0xe2 ./Middlewares/Third_Party/FreeRTOS/Source/queue.o
                0x000000000800590a                xQueueGenericSendFromISR
 .text.xQueueReceive
                0x00000000080059ec      0x16a ./Middlewares/Third_Party/FreeRTOS/Source/queue.o
                0x00000000080059ec                xQueueReceive
 .text.prvCopyDataToQueue
                0x0000000008005b56       0xd6 ./Middlewares/Third_Party/FreeRTOS/Source/queue.o
 .text.prvCopyDataFromQueue
                0x0000000008005c2c       0x4c ./Middlewares/Third_Party/FreeRTOS/Source/queue.o
 .text.prvUnlockQueue
                0x0000000008005c78       0xbc ./Middlewares/Third_Party/FreeRTOS/Source/queue.o
 .text.prvIsQueueEmpty
                0x0000000008005d34       0x2c ./Middlewares/Third_Party/FreeRTOS/Source/queue.o
 .text.prvIsQueueFull
                0x0000000008005d60       0x30 ./Middlewares/Third_Party/FreeRTOS/Source/queue.o
 .text.vQueueAddToRegistry
                0x0000000008005d90       0x50 ./Middlewares/Third_Party/FreeRTOS/Source/queue.o
                0x0000000008005d90                vQueueAddToRegistry
 .text.vQueueWaitForMessageRestricted
                0x0000000008005de0       0x66 ./Middlewares/Third_Party/FreeRTOS/Source/queue.o
                0x0000000008005de0                vQueueWaitForMessageRestricted
 .text.xTaskCreateStatic
                0x0000000008005e46       0x86 ./Middlewares/Third_Party/FreeRTOS/Source/tasks.o
                0x0000000008005e46                xTaskCreateStatic
 .text.xTaskCreate
                0x0000000008005ecc       0x98 ./Middlewares/Third_Party/FreeRTOS/Source/tasks.o
                0x0000000008005ecc                xTaskCreate
 .text.prvInitialiseNewTask
                0x0000000008005f64      0x130 ./Middlewares/Third_Party/FreeRTOS/Source/tasks.o
 .text.prvAddNewTaskToReadyList
                0x0000000008006094       0xd0 ./Middlewares/Third_Party/FreeRTOS/Source/tasks.o
 .text.vTaskDelay
                0x0000000008006164       0x4c ./Middlewares/Third_Party/FreeRTOS/Source/tasks.o
                0x0000000008006164                vTaskDelay
 .text.vTaskStartScheduler
                0x00000000080061b0       0xbc ./Middlewares/Third_Party/FreeRTOS/Source/tasks.o
                0x00000000080061b0                vTaskStartScheduler
 .text.vTaskSuspendAll
                0x000000000800626c       0x18 ./Middlewares/Third_Party/FreeRTOS/Source/tasks.o
                0x000000000800626c                vTaskSuspendAll
 .text.xTaskResumeAll
                0x0000000008006284      0x118 ./Middlewares/Third_Party/FreeRTOS/Source/tasks.o
                0x0000000008006284                xTaskResumeAll
 .text.xTaskGetTickCount
                0x000000000800639c       0x1c ./Middlewares/Third_Party/FreeRTOS/Source/tasks.o
                0x000000000800639c                xTaskGetTickCount
 .text.xTaskIncrementTick
                0x00000000080063b8      0x168 ./Middlewares/Third_Party/FreeRTOS/Source/tasks.o
                0x00000000080063b8                xTaskIncrementTick
 .text.vTaskSwitchContext
                0x0000000008006520       0xb4 ./Middlewares/Third_Party/FreeRTOS/Source/tasks.o
                0x0000000008006520                vTaskSwitchContext
 .text.vTaskPlaceOnEventList
                0x00000000080065d4       0x3c ./Middlewares/Third_Party/FreeRTOS/Source/tasks.o
                0x00000000080065d4                vTaskPlaceOnEventList
 .text.vTaskPlaceOnEventListRestricted
                0x0000000008006610       0x4c ./Middlewares/Third_Party/FreeRTOS/Source/tasks.o
                0x0000000008006610                vTaskPlaceOnEventListRestricted
 .text.xTaskRemoveFromEventList
                0x000000000800665c       0xb8 ./Middlewares/Third_Party/FreeRTOS/Source/tasks.o
                0x000000000800665c                xTaskRemoveFromEventList
 .text.vTaskInternalSetTimeOutState
                0x0000000008006714       0x28 ./Middlewares/Third_Party/FreeRTOS/Source/tasks.o
                0x0000000008006714                vTaskInternalSetTimeOutState
 .text.xTaskCheckForTimeOut
                0x000000000800673c       0xa0 ./Middlewares/Third_Party/FreeRTOS/Source/tasks.o
                0x000000000800673c                xTaskCheckForTimeOut
 .text.vTaskMissedYield
                0x00000000080067dc       0x14 ./Middlewares/Third_Party/FreeRTOS/Source/tasks.o
                0x00000000080067dc                vTaskMissedYield
 .text.prvIdleTask
                0x00000000080067f0       0x20 ./Middlewares/Third_Party/FreeRTOS/Source/tasks.o
 .text.prvInitialiseTaskLists
                0x0000000008006810       0x88 ./Middlewares/Third_Party/FreeRTOS/Source/tasks.o
 .text.prvCheckTasksWaitingTermination
                0x0000000008006898       0x5c ./Middlewares/Third_Party/FreeRTOS/Source/tasks.o
 .text.prvDeleteTCB
                0x00000000080068f4       0x5a ./Middlewares/Third_Party/FreeRTOS/Source/tasks.o
 *fill*         0x000000000800694e        0x2 
 .text.prvResetNextTaskUnblockTime
                0x0000000008006950       0x48 ./Middlewares/Third_Party/FreeRTOS/Source/tasks.o
 .text.xTaskGetSchedulerState
                0x0000000008006998       0x38 ./Middlewares/Third_Party/FreeRTOS/Source/tasks.o
                0x0000000008006998                xTaskGetSchedulerState
 .text.xTaskPriorityDisinherit
                0x00000000080069d0       0xb8 ./Middlewares/Third_Party/FreeRTOS/Source/tasks.o
                0x00000000080069d0                xTaskPriorityDisinherit
 .text.prvAddCurrentTaskToDelayedList
                0x0000000008006a88       0xa8 ./Middlewares/Third_Party/FreeRTOS/Source/tasks.o
 .text.xTimerCreateTimerTask
                0x0000000008006b30       0x7c ./Middlewares/Third_Party/FreeRTOS/Source/timers.o
                0x0000000008006b30                xTimerCreateTimerTask
 .text.xTimerGenericCommand
                0x0000000008006bac       0x94 ./Middlewares/Third_Party/FreeRTOS/Source/timers.o
                0x0000000008006bac                xTimerGenericCommand
 .text.prvProcessExpiredTimer
                0x0000000008006c40       0x70 ./Middlewares/Third_Party/FreeRTOS/Source/timers.o
 .text.prvTimerTask
                0x0000000008006cb0       0x28 ./Middlewares/Third_Party/FreeRTOS/Source/timers.o
 .text.prvProcessTimerOrBlockTask
                0x0000000008006cd8       0x8c ./Middlewares/Third_Party/FreeRTOS/Source/timers.o
 .text.prvGetNextExpireTime
                0x0000000008006d64       0x40 ./Middlewares/Third_Party/FreeRTOS/Source/timers.o
 .text.prvSampleTimeNow
                0x0000000008006da4       0x40 ./Middlewares/Third_Party/FreeRTOS/Source/timers.o
 .text.prvInsertTimerInActiveList
                0x0000000008006de4       0x84 ./Middlewares/Third_Party/FreeRTOS/Source/timers.o
 .text.prvProcessReceivedCommands
                0x0000000008006e68      0x130 ./Middlewares/Third_Party/FreeRTOS/Source/timers.o
 .text.prvSwitchTimerLists
                0x0000000008006f98       0xb4 ./Middlewares/Third_Party/FreeRTOS/Source/timers.o
 .text.prvCheckForValidListAndQueue
                0x000000000800704c       0x84 ./Middlewares/Third_Party/FreeRTOS/Source/timers.o
 .text.pxPortInitialiseStack
                0x00000000080070d0       0x54 ./Middlewares/Third_Party/FreeRTOS/Source/portable/GCC/ARM_CM0/port.o
                0x00000000080070d0                pxPortInitialiseStack
 .text.prvTaskExitError
                0x0000000008007124       0x30 ./Middlewares/Third_Party/FreeRTOS/Source/portable/GCC/ARM_CM0/port.o
 .text.SVC_Handler
                0x0000000008007154        0xa ./Middlewares/Third_Party/FreeRTOS/Source/portable/GCC/ARM_CM0/port.o
                0x0000000008007154                SVC_Handler
 *fill*         0x000000000800715e        0x2 
 .text.vPortStartFirstTask
                0x0000000008007160       0x38 ./Middlewares/Third_Party/FreeRTOS/Source/portable/GCC/ARM_CM0/port.o
 .text.xPortStartScheduler
                0x0000000008007198       0x48 ./Middlewares/Third_Party/FreeRTOS/Source/portable/GCC/ARM_CM0/port.o
                0x0000000008007198                xPortStartScheduler
 .text.vPortYield
                0x00000000080071e0       0x20 ./Middlewares/Third_Party/FreeRTOS/Source/portable/GCC/ARM_CM0/port.o
                0x00000000080071e0                vPortYield
 .text.vPortEnterCritical
                0x0000000008007200       0x24 ./Middlewares/Third_Party/FreeRTOS/Source/portable/GCC/ARM_CM0/port.o
                0x0000000008007200                vPortEnterCritical
 .text.vPortExitCritical
                0x0000000008007224       0x30 ./Middlewares/Third_Party/FreeRTOS/Source/portable/GCC/ARM_CM0/port.o
                0x0000000008007224                vPortExitCritical
 .text.ulSetInterruptMaskFromISR
                0x0000000008007254        0xc ./Middlewares/Third_Party/FreeRTOS/Source/portable/GCC/ARM_CM0/port.o
                0x0000000008007254                ulSetInterruptMaskFromISR
 .text.vClearInterruptMaskFromISR
                0x0000000008007260        0x8 ./Middlewares/Third_Party/FreeRTOS/Source/portable/GCC/ARM_CM0/port.o
                0x0000000008007260                vClearInterruptMaskFromISR
 *fill*         0x0000000008007268        0x8 
 .text.PendSV_Handler
                0x0000000008007270       0x48 ./Middlewares/Third_Party/FreeRTOS/Source/portable/GCC/ARM_CM0/port.o
                0x0000000008007270                PendSV_Handler
 .text.xPortSysTickHandler
                0x00000000080072b8       0x34 ./Middlewares/Third_Party/FreeRTOS/Source/portable/GCC/ARM_CM0/port.o
                0x00000000080072b8                xPortSysTickHandler
 .text.prvSetupTimerInterrupt
                0x00000000080072ec       0x44 ./Middlewares/Third_Party/FreeRTOS/Source/portable/GCC/ARM_CM0/port.o
 .text.pvPortMalloc
                0x0000000008007330      0x14c ./Middlewares/Third_Party/FreeRTOS/Source/portable/MemMang/heap_4.o
                0x0000000008007330                pvPortMalloc
 .text.vPortFree
                0x000000000800747c       0x90 ./Middlewares/Third_Party/FreeRTOS/Source/portable/MemMang/heap_4.o
                0x000000000800747c                vPortFree
 .text.prvHeapInit
                0x000000000800750c       0xc0 ./Middlewares/Third_Party/FreeRTOS/Source/portable/MemMang/heap_4.o
 .text.prvInsertBlockIntoFreeList
                0x00000000080075cc       0xb0 ./Middlewares/Third_Party/FreeRTOS/Source/portable/MemMang/heap_4.o
 .text.__libc_init_array
                0x000000000800767c       0x48 c:/st/stm32cubeide_1.10.1/stm32cubeide/plugins/com.st.stm32cube.ide.mcu.externaltools.gnu-tools-for-stm32.10.3-2021.10.win32_1.0.0.202111181127/tools/bin/../lib/gcc/arm-none-eabi/10.3.1/../../../../arm-none-eabi/lib/thumb/v6-m/nofp\libc_nano.a(lib_a-init.o)
                0x000000000800767c                __libc_init_array
 .text.__retarget_lock_acquire_recursive
                0x00000000080076c4        0x2 c:/st/stm32cubeide_1.10.1/stm32cubeide/plugins/com.st.stm32cube.ide.mcu.externaltools.gnu-tools-for-stm32.10.3-2021.10.win32_1.0.0.202111181127/tools/bin/../lib/gcc/arm-none-eabi/10.3.1/../../../../arm-none-eabi/lib/thumb/v6-m/nofp\libc_nano.a(lib_a-lock.o)
                0x00000000080076c4                __retarget_lock_acquire_recursive
 .text.__retarget_lock_release_recursive
                0x00000000080076c6        0x2 c:/st/stm32cubeide_1.10.1/stm32cubeide/plugins/com.st.stm32cube.ide.mcu.externaltools.gnu-tools-for-stm32.10.3-2021.10.win32_1.0.0.202111181127/tools/bin/../lib/gcc/arm-none-eabi/10.3.1/../../../../arm-none-eabi/lib/thumb/v6-m/nofp\libc_nano.a(lib_a-lock.o)
                0x00000000080076c6                __retarget_lock_release_recursive
 .text.memcpy   0x00000000080076c8       0x12 c:/st/stm32cubeide_1.10.1/stm32cubeide/plugins/com.st.stm32cube.ide.mcu.externaltools.gnu-tools-for-stm32.10.3-2021.10.win32_1.0.0.202111181127/tools/bin/../lib/gcc/arm-none-eabi/10.3.1/../../../../arm-none-eabi/lib/thumb/v6-m/nofp\libc_nano.a(lib_a-memcpy-stub.o)
                0x00000000080076c8                memcpy
 .text.memset   0x00000000080076da       0x10 c:/st/stm32cubeide_1.10.1/stm32cubeide/plugins/com.st.stm32cube.ide.mcu.externaltools.gnu-tools-for-stm32.10.3-2021.10.win32_1.0.0.202111181127/tools/bin/../lib/gcc/arm-none-eabi/10.3.1/../../../../arm-none-eabi/lib/thumb/v6-m/nofp\libc_nano.a(lib_a-memset.o)
                0x00000000080076da                memset
 .text.cleanup_glue
                0x00000000080076ea       0x1a c:/st/stm32cubeide_1.10.1/stm32cubeide/plugins/com.st.stm32cube.ide.mcu.externaltools.gnu-tools-for-stm32.10.3-2021.10.win32_1.0.0.202111181127/tools/bin/../lib/gcc/arm-none-eabi/10.3.1/../../../../arm-none-eabi/lib/thumb/v6-m/nofp\libc_nano.a(lib_a-reent.o)
                0x00000000080076ea                cleanup_glue
 .text._reclaim_reent
                0x0000000008007704       0xcc c:/st/stm32cubeide_1.10.1/stm32cubeide/plugins/com.st.stm32cube.ide.mcu.externaltools.gnu-tools-for-stm32.10.3-2021.10.win32_1.0.0.202111181127/tools/bin/../lib/gcc/arm-none-eabi/10.3.1/../../../../arm-none-eabi/lib/thumb/v6-m/nofp\libc_nano.a(lib_a-reent.o)
                0x0000000008007704                _reclaim_reent
 .text.__malloc_lock
                0x00000000080077d0       0x10 c:/st/stm32cubeide_1.10.1/stm32cubeide/plugins/com.st.stm32cube.ide.mcu.externaltools.gnu-tools-for-stm32.10.3-2021.10.win32_1.0.0.202111181127/tools/bin/../lib/gcc/arm-none-eabi/10.3.1/../../../../arm-none-eabi/lib/thumb/v6-m/nofp\libc_nano.a(lib_a-mlock.o)
                0x00000000080077d0                __malloc_lock
 .text.__malloc_unlock
                0x00000000080077e0       0x10 c:/st/stm32cubeide_1.10.1/stm32cubeide/plugins/com.st.stm32cube.ide.mcu.externaltools.gnu-tools-for-stm32.10.3-2021.10.win32_1.0.0.202111181127/tools/bin/../lib/gcc/arm-none-eabi/10.3.1/../../../../arm-none-eabi/lib/thumb/v6-m/nofp\libc_nano.a(lib_a-mlock.o)
                0x00000000080077e0                __malloc_unlock
 .text._free_r  0x00000000080077f0       0x94 c:/st/stm32cubeide_1.10.1/stm32cubeide/plugins/com.st.stm32cube.ide.mcu.externaltools.gnu-tools-for-stm32.10.3-2021.10.win32_1.0.0.202111181127/tools/bin/../lib/gcc/arm-none-eabi/10.3.1/../../../../arm-none-eabi/lib/thumb/v6-m/nofp\libc_nano.a(lib_a-nano-freer.o)
                0x00000000080077f0                _free_r
 *(.glue_7)
 .glue_7        0x0000000008007884        0x0 linker stubs
 *(.glue_7t)
 .glue_7t       0x0000000008007884        0x0 linker stubs
 *(.eh_frame)
 .eh_frame      0x0000000008007884        0x0 c:/st/stm32cubeide_1.10.1/stm32cubeide/plugins/com.st.stm32cube.ide.mcu.externaltools.gnu-tools-for-stm32.10.3-2021.10.win32_1.0.0.202111181127/tools/bin/../lib/gcc/arm-none-eabi/10.3.1/thumb/v6-m/nofp/crtbegin.o
 *(.init)
 .init          0x0000000008007884        0x4 c:/st/stm32cubeide_1.10.1/stm32cubeide/plugins/com.st.stm32cube.ide.mcu.externaltools.gnu-tools-for-stm32.10.3-2021.10.win32_1.0.0.202111181127/tools/bin/../lib/gcc/arm-none-eabi/10.3.1/thumb/v6-m/nofp/crti.o
                0x0000000008007884                _init
 .init          0x0000000008007888        0x8 c:/st/stm32cubeide_1.10.1/stm32cubeide/plugins/com.st.stm32cube.ide.mcu.externaltools.gnu-tools-for-stm32.10.3-2021.10.win32_1.0.0.202111181127/tools/bin/../lib/gcc/arm-none-eabi/10.3.1/thumb/v6-m/nofp/crtn.o
 *(.fini)
 .fini          0x0000000008007890        0x4 c:/st/stm32cubeide_1.10.1/stm32cubeide/plugins/com.st.stm32cube.ide.mcu.externaltools.gnu-tools-for-stm32.10.3-2021.10.win32_1.0.0.202111181127/tools/bin/../lib/gcc/arm-none-eabi/10.3.1/thumb/v6-m/nofp/crti.o
                0x0000000008007890                _fini
 .fini          0x0000000008007894        0x8 c:/st/stm32cubeide_1.10.1/stm32cubeide/plugins/com.st.stm32cube.ide.mcu.externaltools.gnu-tools-for-stm32.10.3-2021.10.win32_1.0.0.202111181127/tools/bin/../lib/gcc/arm-none-eabi/10.3.1/thumb/v6-m/nofp/crtn.o
                0x000000000800789c                . = ALIGN (0x4)
                0x000000000800789c                _etext = .

.vfp11_veneer   0x000000000800789c        0x0
 .vfp11_veneer  0x000000000800789c        0x0 linker stubs

.v4_bx          0x000000000800789c        0x0
 .v4_bx         0x000000000800789c        0x0 linker stubs

.iplt           0x000000000800789c        0x0
 .iplt          0x000000000800789c        0x0 c:/st/stm32cubeide_1.10.1/stm32cubeide/plugins/com.st.stm32cube.ide.mcu.externaltools.gnu-tools-for-stm32.10.3-2021.10.win32_1.0.0.202111181127/tools/bin/../lib/gcc/arm-none-eabi/10.3.1/thumb/v6-m/nofp/crtbegin.o

.rodata         0x000000000800789c      0x15c
                0x000000000800789c                . = ALIGN (0x4)
 *(.rodata)
 .rodata        0x000000000800789c       0x18 ./Core/Src/main.o
 .rodata        0x00000000080078b4       0x20 ./Drivers/STM32F0xx_HAL_Driver/Src/stm32f0xx_hal_rcc.o
 .rodata        0x00000000080078d4        0x5 ./Middlewares/Third_Party/FreeRTOS/Source/tasks.o
 *fill*         0x00000000080078d9        0x3 
 .rodata        0x00000000080078dc        0xd ./Middlewares/Third_Party/FreeRTOS/Source/timers.o
 *(.rodata*)
 *fill*         0x00000000080078e9        0x3 
 .rodata.Servo_attributes
                0x00000000080078ec       0x24 ./Core/Src/main.o
                0x00000000080078ec                Servo_attributes
 .rodata.Joystick_attributes
                0x0000000008007910       0x24 ./Core/Src/main.o
                0x0000000008007910                Joystick_attributes
 .rodata.LCD_attributes
                0x0000000008007934       0x24 ./Core/Src/main.o
                0x0000000008007934                LCD_attributes
 .rodata.AHBPrescTable
                0x0000000008007958       0x10 ./Core/Src/system_stm32f0xx.o
                0x0000000008007958                AHBPrescTable
 .rodata.APBPrescTable
                0x0000000008007968        0x8 ./Core/Src/system_stm32f0xx.o
                0x0000000008007968                APBPrescTable
 .rodata.prvProcessReceivedCommands
                0x0000000008007970       0x28 ./Middlewares/Third_Party/FreeRTOS/Source/timers.o
 .rodata.__sf_fake_stderr
                0x0000000008007998       0x20 c:/st/stm32cubeide_1.10.1/stm32cubeide/plugins/com.st.stm32cube.ide.mcu.externaltools.gnu-tools-for-stm32.10.3-2021.10.win32_1.0.0.202111181127/tools/bin/../lib/gcc/arm-none-eabi/10.3.1/../../../../arm-none-eabi/lib/thumb/v6-m/nofp\libc_nano.a(lib_a-findfp.o)
                0x0000000008007998                __sf_fake_stderr
 .rodata.__sf_fake_stdin
                0x00000000080079b8       0x20 c:/st/stm32cubeide_1.10.1/stm32cubeide/plugins/com.st.stm32cube.ide.mcu.externaltools.gnu-tools-for-stm32.10.3-2021.10.win32_1.0.0.202111181127/tools/bin/../lib/gcc/arm-none-eabi/10.3.1/../../../../arm-none-eabi/lib/thumb/v6-m/nofp\libc_nano.a(lib_a-findfp.o)
                0x00000000080079b8                __sf_fake_stdin
 .rodata.__sf_fake_stdout
                0x00000000080079d8       0x20 c:/st/stm32cubeide_1.10.1/stm32cubeide/plugins/com.st.stm32cube.ide.mcu.externaltools.gnu-tools-for-stm32.10.3-2021.10.win32_1.0.0.202111181127/tools/bin/../lib/gcc/arm-none-eabi/10.3.1/../../../../arm-none-eabi/lib/thumb/v6-m/nofp\libc_nano.a(lib_a-findfp.o)
                0x00000000080079d8                __sf_fake_stdout
                0x00000000080079f8                . = ALIGN (0x4)

.rel.dyn        0x00000000080079f8        0x0
 .rel.iplt      0x00000000080079f8        0x0 c:/st/stm32cubeide_1.10.1/stm32cubeide/plugins/com.st.stm32cube.ide.mcu.externaltools.gnu-tools-for-stm32.10.3-2021.10.win32_1.0.0.202111181127/tools/bin/../lib/gcc/arm-none-eabi/10.3.1/thumb/v6-m/nofp/crtbegin.o

.ARM.extab      0x00000000080079f8        0x0
                0x00000000080079f8                . = ALIGN (0x4)
 *(.ARM.extab* .gnu.linkonce.armextab.*)
                0x00000000080079f8                . = ALIGN (0x4)

.ARM            0x00000000080079f8        0x0
                0x00000000080079f8                . = ALIGN (0x4)
                0x00000000080079f8                __exidx_start = .
 *(.ARM.exidx*)
                0x00000000080079f8                __exidx_end = .
                0x00000000080079f8                . = ALIGN (0x4)

.preinit_array  0x00000000080079f8        0x0
                0x00000000080079f8                . = ALIGN (0x4)
                0x00000000080079f8                PROVIDE (__preinit_array_start = .)
 *(.preinit_array*)
                0x00000000080079f8                PROVIDE (__preinit_array_end = .)
                0x00000000080079f8                . = ALIGN (0x4)

.init_array     0x00000000080079f8        0x4
                0x00000000080079f8                . = ALIGN (0x4)
                0x00000000080079f8                PROVIDE (__init_array_start = .)
 *(SORT_BY_NAME(.init_array.*))
 *(.init_array*)
 .init_array    0x00000000080079f8        0x4 c:/st/stm32cubeide_1.10.1/stm32cubeide/plugins/com.st.stm32cube.ide.mcu.externaltools.gnu-tools-for-stm32.10.3-2021.10.win32_1.0.0.202111181127/tools/bin/../lib/gcc/arm-none-eabi/10.3.1/thumb/v6-m/nofp/crtbegin.o
                0x00000000080079fc                PROVIDE (__init_array_end = .)
                0x00000000080079fc                . = ALIGN (0x4)

.fini_array     0x00000000080079fc        0x4
                0x00000000080079fc                . = ALIGN (0x4)
                [!provide]                        PROVIDE (__fini_array_start = .)
 *(SORT_BY_NAME(.fini_array.*))
 *(.fini_array*)
 .fini_array    0x00000000080079fc        0x4 c:/st/stm32cubeide_1.10.1/stm32cubeide/plugins/com.st.stm32cube.ide.mcu.externaltools.gnu-tools-for-stm32.10.3-2021.10.win32_1.0.0.202111181127/tools/bin/../lib/gcc/arm-none-eabi/10.3.1/thumb/v6-m/nofp/crtbegin.o
                [!provide]                        PROVIDE (__fini_array_end = .)
                0x0000000008007a00                . = ALIGN (0x4)
                0x0000000008007a00                _sidata = LOADADDR (.data)

.data           0x0000000020000000     0x1c7c load address 0x0000000008007a00
                0x0000000020000000                . = ALIGN (0x4)
                0x0000000020000000                _sdata = .
 *(.data)
 *(.data*)
 .data.iconX1   0x0000000020000000      0x400 ./Core/Src/function_icons.o
                0x0000000020000000                iconX1
 .data.iconTreapta1
                0x0000000020000400      0x400 ./Core/Src/function_icons.o
                0x0000000020000400                iconTreapta1
 .data.iconTreapta2
                0x0000000020000800      0x400 ./Core/Src/function_icons.o
                0x0000000020000800                iconTreapta2
 .data.iconTreapta3
                0x0000000020000c00      0x400 ./Core/Src/function_icons.o
                0x0000000020000c00                iconTreapta3
 .data.iconSpalareParbriz
                0x0000000020001000      0x400 ./Core/Src/function_icons.o
                0x0000000020001000                iconSpalareParbriz
 .data.iconSpalareLuneta
                0x0000000020001400      0x400 ./Core/Src/function_icons.o
                0x0000000020001400                iconSpalareLuneta
 .data.buffer   0x0000000020001800      0x400 ./Core/Src/lcd_st7565.o
                0x0000000020001800                buffer
 .data.pagemap  0x0000000020001c00        0x8 ./Core/Src/lcd_st7565.o
                0x0000000020001c00                pagemap
 .data.SystemCoreClock
                0x0000000020001c08        0x4 ./Core/Src/system_stm32f0xx.o
                0x0000000020001c08                SystemCoreClock
 .data.uwTickPrio
                0x0000000020001c0c        0x4 ./Drivers/STM32F0xx_HAL_Driver/Src/stm32f0xx_hal.o
                0x0000000020001c0c                uwTickPrio
 .data.uwTickFreq
                0x0000000020001c10        0x1 ./Drivers/STM32F0xx_HAL_Driver/Src/stm32f0xx_hal.o
                0x0000000020001c10                uwTickFreq
 *fill*         0x0000000020001c11        0x3 
 .data.uxCriticalNesting
                0x0000000020001c14        0x4 ./Middlewares/Third_Party/FreeRTOS/Source/portable/GCC/ARM_CM0/port.o
 .data._impure_ptr
                0x0000000020001c18        0x4 c:/st/stm32cubeide_1.10.1/stm32cubeide/plugins/com.st.stm32cube.ide.mcu.externaltools.gnu-tools-for-stm32.10.3-2021.10.win32_1.0.0.202111181127/tools/bin/../lib/gcc/arm-none-eabi/10.3.1/../../../../arm-none-eabi/lib/thumb/v6-m/nofp\libc_nano.a(lib_a-impure.o)
                0x0000000020001c18                _impure_ptr
 .data.impure_data
                0x0000000020001c1c       0x60 c:/st/stm32cubeide_1.10.1/stm32cubeide/plugins/com.st.stm32cube.ide.mcu.externaltools.gnu-tools-for-stm32.10.3-2021.10.win32_1.0.0.202111181127/tools/bin/../lib/gcc/arm-none-eabi/10.3.1/../../../../arm-none-eabi/lib/thumb/v6-m/nofp\libc_nano.a(lib_a-impure.o)
 *(.RamFunc)
 *(.RamFunc*)
                0x0000000020001c7c                . = ALIGN (0x4)
                0x0000000020001c7c                _edata = .

.igot.plt       0x0000000020001c7c        0x0 load address 0x000000000800967c
 .igot.plt      0x0000000020001c7c        0x0 c:/st/stm32cubeide_1.10.1/stm32cubeide/plugins/com.st.stm32cube.ide.mcu.externaltools.gnu-tools-for-stm32.10.3-2021.10.win32_1.0.0.202111181127/tools/bin/../lib/gcc/arm-none-eabi/10.3.1/thumb/v6-m/nofp/crtbegin.o
                0x0000000020001c7c                . = ALIGN (0x4)

.bss            0x0000000020001c7c     0x1c48 load address 0x000000000800967c
                0x0000000020001c7c                _sbss = .
                0x0000000020001c7c                __bss_start__ = _sbss
 *(.bss)
 .bss           0x0000000020001c7c       0x1c c:/st/stm32cubeide_1.10.1/stm32cubeide/plugins/com.st.stm32cube.ide.mcu.externaltools.gnu-tools-for-stm32.10.3-2021.10.win32_1.0.0.202111181127/tools/bin/../lib/gcc/arm-none-eabi/10.3.1/thumb/v6-m/nofp/crtbegin.o
 *(.bss*)
 .bss.cleared   0x0000000020001c98        0x4 ./Core/Src/function_display.o
                0x0000000020001c98                cleared
 .bss.displayBusy
                0x0000000020001c9c        0x4 ./Core/Src/function_display.o
                0x0000000020001c9c                displayBusy
 .bss.hadc      0x0000000020001ca0       0x40 ./Core/Src/main.o
                0x0000000020001ca0                hadc
 .bss.hdma_adc  0x0000000020001ce0       0x44 ./Core/Src/main.o
                0x0000000020001ce0                hdma_adc
 .bss.hspi1     0x0000000020001d24       0x64 ./Core/Src/main.o
                0x0000000020001d24                hspi1
 .bss.htim3     0x0000000020001d88       0x48 ./Core/Src/main.o
                0x0000000020001d88                htim3
 .bss.hdma_tim3_ch4_up
                0x0000000020001dd0       0x44 ./Core/Src/main.o
                0x0000000020001dd0                hdma_tim3_ch4_up
 .bss.huart2    0x0000000020001e14       0x84 ./Core/Src/main.o
                0x0000000020001e14                huart2
 .bss.ServoHandle
                0x0000000020001e98        0x4 ./Core/Src/main.o
                0x0000000020001e98                ServoHandle
 .bss.JoystickHandle
                0x0000000020001e9c        0x4 ./Core/Src/main.o
                0x0000000020001e9c                JoystickHandle
 .bss.LCDHandle
                0x0000000020001ea0        0x4 ./Core/Src/main.o
                0x0000000020001ea0                LCDHandle
 .bss.treaptaCurentaServo
                0x0000000020001ea4        0x4 ./Core/Src/main.o
                0x0000000020001ea4                treaptaCurentaServo
 .bss.adcValue  0x0000000020001ea8        0xc ./Core/Src/main.o
                0x0000000020001ea8                adcValue
 .bss.isServoBusy
                0x0000000020001eb4        0x4 ./Core/Src/main.o
                0x0000000020001eb4                isServoBusy
 .bss.uwTick    0x0000000020001eb8        0x4 ./Drivers/STM32F0xx_HAL_Driver/Src/stm32f0xx_hal.o
                0x0000000020001eb8                uwTick
 .bss.KernelState
                0x0000000020001ebc        0x4 ./Middlewares/Third_Party/FreeRTOS/Source/CMSIS_RTOS_V2/cmsis_os2.o
 .bss.Idle_TCB  0x0000000020001ec0       0xbc ./Middlewares/Third_Party/FreeRTOS/Source/CMSIS_RTOS_V2/cmsis_os2.o
 .bss.Idle_Stack
                0x0000000020001f7c      0x200 ./Middlewares/Third_Party/FreeRTOS/Source/CMSIS_RTOS_V2/cmsis_os2.o
 .bss.Timer_TCB
                0x000000002000217c       0xbc ./Middlewares/Third_Party/FreeRTOS/Source/CMSIS_RTOS_V2/cmsis_os2.o
 .bss.Timer_Stack
                0x0000000020002238      0x400 ./Middlewares/Third_Party/FreeRTOS/Source/CMSIS_RTOS_V2/cmsis_os2.o
 .bss.xQueueRegistry
                0x0000000020002638       0x40 ./Middlewares/Third_Party/FreeRTOS/Source/queue.o
                0x0000000020002638                xQueueRegistry
 .bss.pxCurrentTCB
                0x0000000020002678        0x4 ./Middlewares/Third_Party/FreeRTOS/Source/tasks.o
                0x0000000020002678                pxCurrentTCB
 .bss.pxReadyTasksLists
                0x000000002000267c      0x460 ./Middlewares/Third_Party/FreeRTOS/Source/tasks.o
 .bss.xDelayedTaskList1
                0x0000000020002adc       0x14 ./Middlewares/Third_Party/FreeRTOS/Source/tasks.o
 .bss.xDelayedTaskList2
                0x0000000020002af0       0x14 ./Middlewares/Third_Party/FreeRTOS/Source/tasks.o
 .bss.pxDelayedTaskList
                0x0000000020002b04        0x4 ./Middlewares/Third_Party/FreeRTOS/Source/tasks.o
 .bss.pxOverflowDelayedTaskList
                0x0000000020002b08        0x4 ./Middlewares/Third_Party/FreeRTOS/Source/tasks.o
 .bss.xPendingReadyList
                0x0000000020002b0c       0x14 ./Middlewares/Third_Party/FreeRTOS/Source/tasks.o
 .bss.xTasksWaitingTermination
                0x0000000020002b20       0x14 ./Middlewares/Third_Party/FreeRTOS/Source/tasks.o
 .bss.uxDeletedTasksWaitingCleanUp
                0x0000000020002b34        0x4 ./Middlewares/Third_Party/FreeRTOS/Source/tasks.o
 .bss.xSuspendedTaskList
                0x0000000020002b38       0x14 ./Middlewares/Third_Party/FreeRTOS/Source/tasks.o
 .bss.uxCurrentNumberOfTasks
                0x0000000020002b4c        0x4 ./Middlewares/Third_Party/FreeRTOS/Source/tasks.o
 .bss.xTickCount
                0x0000000020002b50        0x4 ./Middlewares/Third_Party/FreeRTOS/Source/tasks.o
 .bss.uxTopReadyPriority
                0x0000000020002b54        0x4 ./Middlewares/Third_Party/FreeRTOS/Source/tasks.o
 .bss.xSchedulerRunning
                0x0000000020002b58        0x4 ./Middlewares/Third_Party/FreeRTOS/Source/tasks.o
 .bss.uxPendedTicks
                0x0000000020002b5c        0x4 ./Middlewares/Third_Party/FreeRTOS/Source/tasks.o
 .bss.xYieldPending
                0x0000000020002b60        0x4 ./Middlewares/Third_Party/FreeRTOS/Source/tasks.o
 .bss.xNumOfOverflows
                0x0000000020002b64        0x4 ./Middlewares/Third_Party/FreeRTOS/Source/tasks.o
 .bss.uxTaskNumber
                0x0000000020002b68        0x4 ./Middlewares/Third_Party/FreeRTOS/Source/tasks.o
 .bss.xNextTaskUnblockTime
                0x0000000020002b6c        0x4 ./Middlewares/Third_Party/FreeRTOS/Source/tasks.o
 .bss.xIdleTaskHandle
                0x0000000020002b70        0x4 ./Middlewares/Third_Party/FreeRTOS/Source/tasks.o
 .bss.uxSchedulerSuspended
                0x0000000020002b74        0x4 ./Middlewares/Third_Party/FreeRTOS/Source/tasks.o
 .bss.xActiveTimerList1
                0x0000000020002b78       0x14 ./Middlewares/Third_Party/FreeRTOS/Source/timers.o
 .bss.xActiveTimerList2
                0x0000000020002b8c       0x14 ./Middlewares/Third_Party/FreeRTOS/Source/timers.o
 .bss.pxCurrentTimerList
                0x0000000020002ba0        0x4 ./Middlewares/Third_Party/FreeRTOS/Source/timers.o
 .bss.pxOverflowTimerList
                0x0000000020002ba4        0x4 ./Middlewares/Third_Party/FreeRTOS/Source/timers.o
 .bss.xTimerQueue
                0x0000000020002ba8        0x4 ./Middlewares/Third_Party/FreeRTOS/Source/timers.o
 .bss.xTimerTaskHandle
                0x0000000020002bac        0x4 ./Middlewares/Third_Party/FreeRTOS/Source/timers.o
 .bss.xLastTime.2
                0x0000000020002bb0        0x4 ./Middlewares/Third_Party/FreeRTOS/Source/timers.o
 .bss.ucStaticTimerQueueStorage.1
                0x0000000020002bb4       0xa0 ./Middlewares/Third_Party/FreeRTOS/Source/timers.o
 .bss.xStaticTimerQueue.0
                0x0000000020002c54       0x50 ./Middlewares/Third_Party/FreeRTOS/Source/timers.o
 .bss.ucHeap    0x0000000020002ca4      0xc00 ./Middlewares/Third_Party/FreeRTOS/Source/portable/MemMang/heap_4.o
 .bss.xStart    0x00000000200038a4        0x8 ./Middlewares/Third_Party/FreeRTOS/Source/portable/MemMang/heap_4.o
 .bss.pxEnd     0x00000000200038ac        0x4 ./Middlewares/Third_Party/FreeRTOS/Source/portable/MemMang/heap_4.o
 .bss.xFreeBytesRemaining
                0x00000000200038b0        0x4 ./Middlewares/Third_Party/FreeRTOS/Source/portable/MemMang/heap_4.o
 .bss.xMinimumEverFreeBytesRemaining
                0x00000000200038b4        0x4 ./Middlewares/Third_Party/FreeRTOS/Source/portable/MemMang/heap_4.o
 .bss.xBlockAllocatedBit
                0x00000000200038b8        0x4 ./Middlewares/Third_Party/FreeRTOS/Source/portable/MemMang/heap_4.o
 .bss.__lock___malloc_recursive_mutex
                0x00000000200038bc        0x1 c:/st/stm32cubeide_1.10.1/stm32cubeide/plugins/com.st.stm32cube.ide.mcu.externaltools.gnu-tools-for-stm32.10.3-2021.10.win32_1.0.0.202111181127/tools/bin/../lib/gcc/arm-none-eabi/10.3.1/../../../../arm-none-eabi/lib/thumb/v6-m/nofp\libc_nano.a(lib_a-lock.o)
                0x00000000200038bc                __lock___malloc_recursive_mutex
 *fill*         0x00000000200038bd        0x3 
 .bss.__malloc_free_list
                0x00000000200038c0        0x4 c:/st/stm32cubeide_1.10.1/stm32cubeide/plugins/com.st.stm32cube.ide.mcu.externaltools.gnu-tools-for-stm32.10.3-2021.10.win32_1.0.0.202111181127/tools/bin/../lib/gcc/arm-none-eabi/10.3.1/../../../../arm-none-eabi/lib/thumb/v6-m/nofp\libc_nano.a(lib_a-nano-mallocr.o)
                0x00000000200038c0                __malloc_free_list
 *(COMMON)
                0x00000000200038c4                . = ALIGN (0x4)
                0x00000000200038c4                _ebss = .
                0x00000000200038c4                __bss_end__ = _ebss

._user_heap_stack
                0x00000000200038c4      0x604 load address 0x000000000800967c
                0x00000000200038c8                . = ALIGN (0x8)
 *fill*         0x00000000200038c4        0x4 
                [!provide]                        PROVIDE (end = .)
                0x00000000200038c8                PROVIDE (_end = .)
                0x0000000020003ac8                . = (. + _Min_Heap_Size)
 *fill*         0x00000000200038c8      0x200 
                0x0000000020003ec8                . = (. + _Min_Stack_Size)
 *fill*         0x0000000020003ac8      0x400 
                0x0000000020003ec8                . = ALIGN (0x8)

/DISCARD/
 libc.a(*)
 libm.a(*)
 libgcc.a(*)

.ARM.attributes
                0x0000000000000000       0x28
 *(.ARM.attributes)
 .ARM.attributes
                0x0000000000000000       0x1e c:/st/stm32cubeide_1.10.1/stm32cubeide/plugins/com.st.stm32cube.ide.mcu.externaltools.gnu-tools-for-stm32.10.3-2021.10.win32_1.0.0.202111181127/tools/bin/../lib/gcc/arm-none-eabi/10.3.1/thumb/v6-m/nofp/crti.o
 .ARM.attributes
                0x000000000000001e       0x2c c:/st/stm32cubeide_1.10.1/stm32cubeide/plugins/com.st.stm32cube.ide.mcu.externaltools.gnu-tools-for-stm32.10.3-2021.10.win32_1.0.0.202111181127/tools/bin/../lib/gcc/arm-none-eabi/10.3.1/thumb/v6-m/nofp/crtbegin.o
 .ARM.attributes
                0x000000000000004a       0x2c ./Core/Src/function_display.o
 .ARM.attributes
                0x0000000000000076       0x2c ./Core/Src/function_icons.o
 .ARM.attributes
                0x00000000000000a2       0x2c ./Core/Src/function_servo.o
 .ARM.attributes
                0x00000000000000ce       0x2c ./Core/Src/lcd_st7565.o
 .ARM.attributes
                0x00000000000000fa       0x2c ./Core/Src/main.o
 .ARM.attributes
                0x0000000000000126       0x2c ./Core/Src/stm32f0xx_hal_msp.o
 .ARM.attributes
                0x0000000000000152       0x2c ./Core/Src/stm32f0xx_it.o
 .ARM.attributes
                0x000000000000017e       0x2c ./Core/Src/system_stm32f0xx.o
 .ARM.attributes
                0x00000000000001aa       0x21 ./Core/Startup/startup_stm32f091rctx.o
 .ARM.attributes
                0x00000000000001cb       0x2c ./Drivers/STM32F0xx_HAL_Driver/Src/stm32f0xx_hal.o
 .ARM.attributes
                0x00000000000001f7       0x2c ./Drivers/STM32F0xx_HAL_Driver/Src/stm32f0xx_hal_adc.o
 .ARM.attributes
                0x0000000000000223       0x2c ./Drivers/STM32F0xx_HAL_Driver/Src/stm32f0xx_hal_cortex.o
 .ARM.attributes
                0x000000000000024f       0x2c ./Drivers/STM32F0xx_HAL_Driver/Src/stm32f0xx_hal_dma.o
 .ARM.attributes
                0x000000000000027b       0x2c ./Drivers/STM32F0xx_HAL_Driver/Src/stm32f0xx_hal_gpio.o
 .ARM.attributes
                0x00000000000002a7       0x2c ./Drivers/STM32F0xx_HAL_Driver/Src/stm32f0xx_hal_rcc.o
 .ARM.attributes
                0x00000000000002d3       0x2c ./Drivers/STM32F0xx_HAL_Driver/Src/stm32f0xx_hal_rcc_ex.o
 .ARM.attributes
                0x00000000000002ff       0x2c ./Drivers/STM32F0xx_HAL_Driver/Src/stm32f0xx_hal_spi.o
 .ARM.attributes
                0x000000000000032b       0x2c ./Drivers/STM32F0xx_HAL_Driver/Src/stm32f0xx_hal_tim.o
 .ARM.attributes
                0x0000000000000357       0x2c ./Drivers/STM32F0xx_HAL_Driver/Src/stm32f0xx_hal_tim_ex.o
 .ARM.attributes
                0x0000000000000383       0x2c ./Drivers/STM32F0xx_HAL_Driver/Src/stm32f0xx_hal_uart.o
 .ARM.attributes
                0x00000000000003af       0x2c ./Middlewares/Third_Party/FreeRTOS/Source/CMSIS_RTOS_V2/cmsis_os2.o
 .ARM.attributes
                0x00000000000003db       0x2c ./Middlewares/Third_Party/FreeRTOS/Source/list.o
 .ARM.attributes
                0x0000000000000407       0x2c ./Middlewares/Third_Party/FreeRTOS/Source/queue.o
 .ARM.attributes
                0x0000000000000433       0x2c ./Middlewares/Third_Party/FreeRTOS/Source/tasks.o
 .ARM.attributes
                0x000000000000045f       0x2c ./Middlewares/Third_Party/FreeRTOS/Source/timers.o
 .ARM.attributes
                0x000000000000048b       0x2c ./Middlewares/Third_Party/FreeRTOS/Source/portable/GCC/ARM_CM0/port.o
 .ARM.attributes
                0x00000000000004b7       0x2c ./Middlewares/Third_Party/FreeRTOS/Source/portable/MemMang/heap_4.o
 .ARM.attributes
                0x00000000000004e3       0x2c c:/st/stm32cubeide_1.10.1/stm32cubeide/plugins/com.st.stm32cube.ide.mcu.externaltools.gnu-tools-for-stm32.10.3-2021.10.win32_1.0.0.202111181127/tools/bin/../lib/gcc/arm-none-eabi/10.3.1/../../../../arm-none-eabi/lib/thumb/v6-m/nofp\libc_nano.a(lib_a-findfp.o)
 .ARM.attributes
                0x000000000000050f       0x2c c:/st/stm32cubeide_1.10.1/stm32cubeide/plugins/com.st.stm32cube.ide.mcu.externaltools.gnu-tools-for-stm32.10.3-2021.10.win32_1.0.0.202111181127/tools/bin/../lib/gcc/arm-none-eabi/10.3.1/../../../../arm-none-eabi/lib/thumb/v6-m/nofp\libc_nano.a(lib_a-impure.o)
 .ARM.attributes
                0x000000000000053b       0x2c c:/st/stm32cubeide_1.10.1/stm32cubeide/plugins/com.st.stm32cube.ide.mcu.externaltools.gnu-tools-for-stm32.10.3-2021.10.win32_1.0.0.202111181127/tools/bin/../lib/gcc/arm-none-eabi/10.3.1/../../../../arm-none-eabi/lib/thumb/v6-m/nofp\libc_nano.a(lib_a-init.o)
 .ARM.attributes
                0x0000000000000567       0x2c c:/st/stm32cubeide_1.10.1/stm32cubeide/plugins/com.st.stm32cube.ide.mcu.externaltools.gnu-tools-for-stm32.10.3-2021.10.win32_1.0.0.202111181127/tools/bin/../lib/gcc/arm-none-eabi/10.3.1/../../../../arm-none-eabi/lib/thumb/v6-m/nofp\libc_nano.a(lib_a-lock.o)
 .ARM.attributes
                0x0000000000000593       0x2c c:/st/stm32cubeide_1.10.1/stm32cubeide/plugins/com.st.stm32cube.ide.mcu.externaltools.gnu-tools-for-stm32.10.3-2021.10.win32_1.0.0.202111181127/tools/bin/../lib/gcc/arm-none-eabi/10.3.1/../../../../arm-none-eabi/lib/thumb/v6-m/nofp\libc_nano.a(lib_a-memcpy-stub.o)
 .ARM.attributes
                0x00000000000005bf       0x2c c:/st/stm32cubeide_1.10.1/stm32cubeide/plugins/com.st.stm32cube.ide.mcu.externaltools.gnu-tools-for-stm32.10.3-2021.10.win32_1.0.0.202111181127/tools/bin/../lib/gcc/arm-none-eabi/10.3.1/../../../../arm-none-eabi/lib/thumb/v6-m/nofp\libc_nano.a(lib_a-memset.o)
 .ARM.attributes
                0x00000000000005eb       0x2c c:/st/stm32cubeide_1.10.1/stm32cubeide/plugins/com.st.stm32cube.ide.mcu.externaltools.gnu-tools-for-stm32.10.3-2021.10.win32_1.0.0.202111181127/tools/bin/../lib/gcc/arm-none-eabi/10.3.1/../../../../arm-none-eabi/lib/thumb/v6-m/nofp\libc_nano.a(lib_a-nano-mallocr.o)
 .ARM.attributes
                0x0000000000000617       0x2c c:/st/stm32cubeide_1.10.1/stm32cubeide/plugins/com.st.stm32cube.ide.mcu.externaltools.gnu-tools-for-stm32.10.3-2021.10.win32_1.0.0.202111181127/tools/bin/../lib/gcc/arm-none-eabi/10.3.1/../../../../arm-none-eabi/lib/thumb/v6-m/nofp\libc_nano.a(lib_a-reent.o)
 .ARM.attributes
                0x0000000000000643       0x2c c:/st/stm32cubeide_1.10.1/stm32cubeide/plugins/com.st.stm32cube.ide.mcu.externaltools.gnu-tools-for-stm32.10.3-2021.10.win32_1.0.0.202111181127/tools/bin/../lib/gcc/arm-none-eabi/10.3.1/../../../../arm-none-eabi/lib/thumb/v6-m/nofp\libc_nano.a(lib_a-mlock.o)
 .ARM.attributes
                0x000000000000066f       0x2c c:/st/stm32cubeide_1.10.1/stm32cubeide/plugins/com.st.stm32cube.ide.mcu.externaltools.gnu-tools-for-stm32.10.3-2021.10.win32_1.0.0.202111181127/tools/bin/../lib/gcc/arm-none-eabi/10.3.1/../../../../arm-none-eabi/lib/thumb/v6-m/nofp\libc_nano.a(lib_a-nano-freer.o)
 .ARM.attributes
                0x000000000000069b       0x1e c:/st/stm32cubeide_1.10.1/stm32cubeide/plugins/com.st.stm32cube.ide.mcu.externaltools.gnu-tools-for-stm32.10.3-2021.10.win32_1.0.0.202111181127/tools/bin/../lib/gcc/arm-none-eabi/10.3.1/thumb/v6-m/nofp\libgcc.a(_udivsi3.o)
 .ARM.attributes
                0x00000000000006b9       0x1e c:/st/stm32cubeide_1.10.1/stm32cubeide/plugins/com.st.stm32cube.ide.mcu.externaltools.gnu-tools-for-stm32.10.3-2021.10.win32_1.0.0.202111181127/tools/bin/../lib/gcc/arm-none-eabi/10.3.1/thumb/v6-m/nofp\libgcc.a(_dvmd_tls.o)
 .ARM.attributes
                0x00000000000006d7       0x1e c:/st/stm32cubeide_1.10.1/stm32cubeide/plugins/com.st.stm32cube.ide.mcu.externaltools.gnu-tools-for-stm32.10.3-2021.10.win32_1.0.0.202111181127/tools/bin/../lib/gcc/arm-none-eabi/10.3.1/thumb/v6-m/nofp/crtn.o
OUTPUT(OsProject.elf elf32-littlearm)
LOAD linker stubs
LOAD c:/st/stm32cubeide_1.10.1/stm32cubeide/plugins/com.st.stm32cube.ide.mcu.externaltools.gnu-tools-for-stm32.10.3-2021.10.win32_1.0.0.202111181127/tools/bin/../lib/gcc/arm-none-eabi/10.3.1/../../../../arm-none-eabi/lib/thumb/v6-m/nofp\libc.a
LOAD c:/st/stm32cubeide_1.10.1/stm32cubeide/plugins/com.st.stm32cube.ide.mcu.externaltools.gnu-tools-for-stm32.10.3-2021.10.win32_1.0.0.202111181127/tools/bin/../lib/gcc/arm-none-eabi/10.3.1/../../../../arm-none-eabi/lib/thumb/v6-m/nofp\libm.a
LOAD c:/st/stm32cubeide_1.10.1/stm32cubeide/plugins/com.st.stm32cube.ide.mcu.externaltools.gnu-tools-for-stm32.10.3-2021.10.win32_1.0.0.202111181127/tools/bin/../lib/gcc/arm-none-eabi/10.3.1/thumb/v6-m/nofp\libgcc.a

.debug_info     0x0000000000000000    0x1b38c
 .debug_info    0x0000000000000000      0x192 ./Core/Src/function_display.o
 .debug_info    0x0000000000000192      0x216 ./Core/Src/function_icons.o
 .debug_info    0x00000000000003a8      0x271 ./Core/Src/function_servo.o
 .debug_info    0x0000000000000619      0xf8c ./Core/Src/lcd_st7565.o
 .debug_info    0x00000000000015a5     0x1d63 ./Core/Src/main.o
 .debug_info    0x0000000000003308     0x150b ./Core/Src/stm32f0xx_hal_msp.o
 .debug_info    0x0000000000004813      0x3ab ./Core/Src/stm32f0xx_it.o
 .debug_info    0x0000000000004bbe      0x269 ./Core/Src/system_stm32f0xx.o
 .debug_info    0x0000000000004e27       0x22 ./Core/Startup/startup_stm32f091rctx.o
 .debug_info    0x0000000000004e49      0x6f0 ./Drivers/STM32F0xx_HAL_Driver/Src/stm32f0xx_hal.o
 .debug_info    0x0000000000005539      0xd29 ./Drivers/STM32F0xx_HAL_Driver/Src/stm32f0xx_hal_adc.o
 .debug_info    0x0000000000006262      0x71d ./Drivers/STM32F0xx_HAL_Driver/Src/stm32f0xx_hal_cortex.o
 .debug_info    0x000000000000697f      0x788 ./Drivers/STM32F0xx_HAL_Driver/Src/stm32f0xx_hal_dma.o
 .debug_info    0x0000000000007107      0x66a ./Drivers/STM32F0xx_HAL_Driver/Src/stm32f0xx_hal_gpio.o
 .debug_info    0x0000000000007771      0x8ac ./Drivers/STM32F0xx_HAL_Driver/Src/stm32f0xx_hal_rcc.o
 .debug_info    0x000000000000801d      0x624 ./Drivers/STM32F0xx_HAL_Driver/Src/stm32f0xx_hal_rcc_ex.o
 .debug_info    0x0000000000008641     0x17ad ./Drivers/STM32F0xx_HAL_Driver/Src/stm32f0xx_hal_spi.o
 .debug_info    0x0000000000009dee     0x2b9f ./Drivers/STM32F0xx_HAL_Driver/Src/stm32f0xx_hal_tim.o
 .debug_info    0x000000000000c98d     0x15c4 ./Drivers/STM32F0xx_HAL_Driver/Src/stm32f0xx_hal_tim_ex.o
 .debug_info    0x000000000000df51     0x3c42 ./Drivers/STM32F0xx_HAL_Driver/Src/stm32f0xx_hal_uart.o
 .debug_info    0x0000000000011b93     0x3bdc ./Middlewares/Third_Party/FreeRTOS/Source/CMSIS_RTOS_V2/cmsis_os2.o
 .debug_info    0x000000000001576f      0x2cb ./Middlewares/Third_Party/FreeRTOS/Source/list.o
 .debug_info    0x0000000000015a3a     0x15a8 ./Middlewares/Third_Party/FreeRTOS/Source/queue.o
 .debug_info    0x0000000000016fe2     0x2431 ./Middlewares/Third_Party/FreeRTOS/Source/tasks.o
 .debug_info    0x0000000000019413     0x19b1 ./Middlewares/Third_Party/FreeRTOS/Source/timers.o
 .debug_info    0x000000000001adc4      0x29e ./Middlewares/Third_Party/FreeRTOS/Source/portable/GCC/ARM_CM0/port.o
 .debug_info    0x000000000001b062      0x32a ./Middlewares/Third_Party/FreeRTOS/Source/portable/MemMang/heap_4.o

.debug_abbrev   0x0000000000000000     0x389c
 .debug_abbrev  0x0000000000000000       0x9b ./Core/Src/function_display.o
 .debug_abbrev  0x000000000000009b       0xd0 ./Core/Src/function_icons.o
 .debug_abbrev  0x000000000000016b       0xe2 ./Core/Src/function_servo.o
 .debug_abbrev  0x000000000000024d      0x2f8 ./Core/Src/lcd_st7565.o
 .debug_abbrev  0x0000000000000545      0x2f7 ./Core/Src/main.o
 .debug_abbrev  0x000000000000083c      0x240 ./Core/Src/stm32f0xx_hal_msp.o
 .debug_abbrev  0x0000000000000a7c      0x199 ./Core/Src/stm32f0xx_it.o
 .debug_abbrev  0x0000000000000c15      0x116 ./Core/Src/system_stm32f0xx.o
 .debug_abbrev  0x0000000000000d2b       0x12 ./Core/Startup/startup_stm32f091rctx.o
 .debug_abbrev  0x0000000000000d3d      0x20e ./Drivers/STM32F0xx_HAL_Driver/Src/stm32f0xx_hal.o
 .debug_abbrev  0x0000000000000f4b      0x243 ./Drivers/STM32F0xx_HAL_Driver/Src/stm32f0xx_hal_adc.o
 .debug_abbrev  0x000000000000118e      0x283 ./Drivers/STM32F0xx_HAL_Driver/Src/stm32f0xx_hal_cortex.o
 .debug_abbrev  0x0000000000001411      0x22a ./Drivers/STM32F0xx_HAL_Driver/Src/stm32f0xx_hal_dma.o
 .debug_abbrev  0x000000000000163b      0x1ca ./Drivers/STM32F0xx_HAL_Driver/Src/stm32f0xx_hal_gpio.o
 .debug_abbrev  0x0000000000001805      0x283 ./Drivers/STM32F0xx_HAL_Driver/Src/stm32f0xx_hal_rcc.o
 .debug_abbrev  0x0000000000001a88      0x19f ./Drivers/STM32F0xx_HAL_Driver/Src/stm32f0xx_hal_rcc_ex.o
 .debug_abbrev  0x0000000000001c27      0x266 ./Drivers/STM32F0xx_HAL_Driver/Src/stm32f0xx_hal_spi.o
 .debug_abbrev  0x0000000000001e8d      0x25d ./Drivers/STM32F0xx_HAL_Driver/Src/stm32f0xx_hal_tim.o
 .debug_abbrev  0x00000000000020ea      0x265 ./Drivers/STM32F0xx_HAL_Driver/Src/stm32f0xx_hal_tim_ex.o
 .debug_abbrev  0x000000000000234f      0x2cc ./Drivers/STM32F0xx_HAL_Driver/Src/stm32f0xx_hal_uart.o
 .debug_abbrev  0x000000000000261b      0x419 ./Middlewares/Third_Party/FreeRTOS/Source/CMSIS_RTOS_V2/cmsis_os2.o
 .debug_abbrev  0x0000000000002a34       0xf2 ./Middlewares/Third_Party/FreeRTOS/Source/list.o
 .debug_abbrev  0x0000000000002b26      0x32f ./Middlewares/Third_Party/FreeRTOS/Source/queue.o
 .debug_abbrev  0x0000000000002e55      0x39c ./Middlewares/Third_Party/FreeRTOS/Source/tasks.o
 .debug_abbrev  0x00000000000031f1      0x322 ./Middlewares/Third_Party/FreeRTOS/Source/timers.o
 .debug_abbrev  0x0000000000003513      0x1ec ./Middlewares/Third_Party/FreeRTOS/Source/portable/GCC/ARM_CM0/port.o
 .debug_abbrev  0x00000000000036ff      0x19d ./Middlewares/Third_Party/FreeRTOS/Source/portable/MemMang/heap_4.o

.debug_aranges  0x0000000000000000     0x1828
 .debug_aranges
                0x0000000000000000       0x50 ./Core/Src/function_display.o
 .debug_aranges
                0x0000000000000050       0x50 ./Core/Src/function_icons.o
 .debug_aranges
                0x00000000000000a0       0x50 ./Core/Src/function_servo.o
 .debug_aranges
                0x00000000000000f0       0xc0 ./Core/Src/lcd_st7565.o
 .debug_aranges
                0x00000000000001b0       0x78 ./Core/Src/main.o
 .debug_aranges
                0x0000000000000228       0x68 ./Core/Src/stm32f0xx_hal_msp.o
 .debug_aranges
                0x0000000000000290       0x40 ./Core/Src/stm32f0xx_it.o
 .debug_aranges
                0x00000000000002d0       0x28 ./Core/Src/system_stm32f0xx.o
 .debug_aranges
                0x00000000000002f8       0x28 ./Core/Startup/startup_stm32f091rctx.o
 .debug_aranges
                0x0000000000000320       0xd0 ./Drivers/STM32F0xx_HAL_Driver/Src/stm32f0xx_hal.o
 .debug_aranges
                0x00000000000003f0       0xf8 ./Drivers/STM32F0xx_HAL_Driver/Src/stm32f0xx_hal_adc.o
 .debug_aranges
                0x00000000000004e8       0xc0 ./Drivers/STM32F0xx_HAL_Driver/Src/stm32f0xx_hal_cortex.o
 .debug_aranges
                0x00000000000005a8       0x88 ./Drivers/STM32F0xx_HAL_Driver/Src/stm32f0xx_hal_dma.o
 .debug_aranges
                0x0000000000000630       0x58 ./Drivers/STM32F0xx_HAL_Driver/Src/stm32f0xx_hal_gpio.o
 .debug_aranges
                0x0000000000000688       0x80 ./Drivers/STM32F0xx_HAL_Driver/Src/stm32f0xx_hal_rcc.o
 .debug_aranges
                0x0000000000000708       0x78 ./Drivers/STM32F0xx_HAL_Driver/Src/stm32f0xx_hal_rcc_ex.o
 .debug_aranges
                0x0000000000000780      0x1d8 ./Drivers/STM32F0xx_HAL_Driver/Src/stm32f0xx_hal_spi.o
 .debug_aranges
                0x0000000000000958      0x3d0 ./Drivers/STM32F0xx_HAL_Driver/Src/stm32f0xx_hal_tim.o
 .debug_aranges
                0x0000000000000d28      0x168 ./Drivers/STM32F0xx_HAL_Driver/Src/stm32f0xx_hal_tim_ex.o
 .debug_aranges
                0x0000000000000e90      0x228 ./Drivers/STM32F0xx_HAL_Driver/Src/stm32f0xx_hal_uart.o
 .debug_aranges
                0x00000000000010b8      0x228 ./Middlewares/Third_Party/FreeRTOS/Source/CMSIS_RTOS_V2/cmsis_os2.o
 .debug_aranges
                0x00000000000012e0       0x40 ./Middlewares/Third_Party/FreeRTOS/Source/list.o
 .debug_aranges
                0x0000000000001320      0x158 ./Middlewares/Third_Party/FreeRTOS/Source/queue.o
 .debug_aranges
                0x0000000000001478      0x1f8 ./Middlewares/Third_Party/FreeRTOS/Source/tasks.o
 .debug_aranges
                0x0000000000001670       0xe0 ./Middlewares/Third_Party/FreeRTOS/Source/timers.o
 .debug_aranges
                0x0000000000001750       0x88 ./Middlewares/Third_Party/FreeRTOS/Source/portable/GCC/ARM_CM0/port.o
 .debug_aranges
                0x00000000000017d8       0x50 ./Middlewares/Third_Party/FreeRTOS/Source/portable/MemMang/heap_4.o

.debug_ranges   0x0000000000000000     0x16b0
 .debug_ranges  0x0000000000000000       0x40 ./Core/Src/function_display.o
 .debug_ranges  0x0000000000000040       0x40 ./Core/Src/function_icons.o
 .debug_ranges  0x0000000000000080       0x40 ./Core/Src/function_servo.o
 .debug_ranges  0x00000000000000c0       0xb0 ./Core/Src/lcd_st7565.o
 .debug_ranges  0x0000000000000170       0x68 ./Core/Src/main.o
 .debug_ranges  0x00000000000001d8       0x58 ./Core/Src/stm32f0xx_hal_msp.o
 .debug_ranges  0x0000000000000230       0x30 ./Core/Src/stm32f0xx_it.o
 .debug_ranges  0x0000000000000260       0x18 ./Core/Src/system_stm32f0xx.o
 .debug_ranges  0x0000000000000278       0x20 ./Core/Startup/startup_stm32f091rctx.o
 .debug_ranges  0x0000000000000298       0xc0 ./Drivers/STM32F0xx_HAL_Driver/Src/stm32f0xx_hal.o
 .debug_ranges  0x0000000000000358       0xe8 ./Drivers/STM32F0xx_HAL_Driver/Src/stm32f0xx_hal_adc.o
 .debug_ranges  0x0000000000000440       0xb0 ./Drivers/STM32F0xx_HAL_Driver/Src/stm32f0xx_hal_cortex.o
 .debug_ranges  0x00000000000004f0       0x78 ./Drivers/STM32F0xx_HAL_Driver/Src/stm32f0xx_hal_dma.o
 .debug_ranges  0x0000000000000568       0x48 ./Drivers/STM32F0xx_HAL_Driver/Src/stm32f0xx_hal_gpio.o
 .debug_ranges  0x00000000000005b0       0x70 ./Drivers/STM32F0xx_HAL_Driver/Src/stm32f0xx_hal_rcc.o
 .debug_ranges  0x0000000000000620       0x68 ./Drivers/STM32F0xx_HAL_Driver/Src/stm32f0xx_hal_rcc_ex.o
 .debug_ranges  0x0000000000000688      0x1c8 ./Drivers/STM32F0xx_HAL_Driver/Src/stm32f0xx_hal_spi.o
 .debug_ranges  0x0000000000000850      0x3c0 ./Drivers/STM32F0xx_HAL_Driver/Src/stm32f0xx_hal_tim.o
 .debug_ranges  0x0000000000000c10      0x158 ./Drivers/STM32F0xx_HAL_Driver/Src/stm32f0xx_hal_tim_ex.o
 .debug_ranges  0x0000000000000d68      0x248 ./Drivers/STM32F0xx_HAL_Driver/Src/stm32f0xx_hal_uart.o
 .debug_ranges  0x0000000000000fb0      0x218 ./Middlewares/Third_Party/FreeRTOS/Source/CMSIS_RTOS_V2/cmsis_os2.o
 .debug_ranges  0x00000000000011c8       0x30 ./Middlewares/Third_Party/FreeRTOS/Source/list.o
 .debug_ranges  0x00000000000011f8      0x148 ./Middlewares/Third_Party/FreeRTOS/Source/queue.o
 .debug_ranges  0x0000000000001340      0x1e8 ./Middlewares/Third_Party/FreeRTOS/Source/tasks.o
 .debug_ranges  0x0000000000001528       0xd0 ./Middlewares/Third_Party/FreeRTOS/Source/timers.o
 .debug_ranges  0x00000000000015f8       0x78 ./Middlewares/Third_Party/FreeRTOS/Source/portable/GCC/ARM_CM0/port.o
 .debug_ranges  0x0000000000001670       0x40 ./Middlewares/Third_Party/FreeRTOS/Source/portable/MemMang/heap_4.o

.debug_macro    0x0000000000000000     0x45b7
 .debug_macro   0x0000000000000000      0x2f7 ./Core/Src/function_display.o
 .debug_macro   0x00000000000002f7       0x28 ./Core/Src/function_display.o
 .debug_macro   0x000000000000031f      0x341 ./Core/Src/function_display.o
 .debug_macro   0x0000000000000660       0x10 ./Core/Src/function_display.o
 .debug_macro   0x0000000000000670       0x20 ./Core/Src/function_display.o
 .debug_macro   0x0000000000000690       0xc4 ./Core/Src/function_display.o
 .debug_macro   0x0000000000000754      0x2f3 ./Core/Src/function_icons.o
 .debug_macro   0x0000000000000a47      0x1fe ./Core/Src/function_servo.o
 .debug_macro   0x0000000000000c45      0x351 ./Core/Src/lcd_st7565.o
 .debug_macro   0x0000000000000f96       0x4c ./Core/Src/lcd_st7565.o
 .debug_macro   0x0000000000000fe2       0x94 ./Core/Src/lcd_st7565.o
 .debug_macro   0x0000000000001076       0x16 ./Core/Src/lcd_st7565.o
 .debug_macro   0x000000000000108c      0x10e ./Core/Src/lcd_st7565.o
 .debug_macro   0x000000000000119a       0x8d ./Core/Src/lcd_st7565.o
 .debug_macro   0x0000000000001227       0x57 ./Core/Src/lcd_st7565.o
 .debug_macro   0x000000000000127e       0x16 ./Core/Src/lcd_st7565.o
 .debug_macro   0x0000000000001294       0x29 ./Core/Src/lcd_st7565.o
 .debug_macro   0x00000000000012bd       0x4f ./Core/Src/lcd_st7565.o
 .debug_macro   0x000000000000130c       0x16 ./Core/Src/lcd_st7565.o
 .debug_macro   0x0000000000001322      0x38e ./Core/Src/main.o
 .debug_macro   0x00000000000016b0       0x5b ./Core/Src/main.o
 .debug_macro   0x000000000000170b       0x74 ./Core/Src/main.o
 .debug_macro   0x000000000000177f       0xdd ./Core/Src/main.o
 .debug_macro   0x000000000000185c      0x1fa ./Core/Src/stm32f0xx_hal_msp.o
 .debug_macro   0x0000000000001a56      0x309 ./Core/Src/stm32f0xx_it.o
 .debug_macro   0x0000000000001d5f      0x1eb ./Core/Src/system_stm32f0xx.o
 .debug_macro   0x0000000000001f4a      0x20f ./Drivers/STM32F0xx_HAL_Driver/Src/stm32f0xx_hal.o
 .debug_macro   0x0000000000002159      0x20f ./Drivers/STM32F0xx_HAL_Driver/Src/stm32f0xx_hal_adc.o
 .debug_macro   0x0000000000002368      0x1eb ./Drivers/STM32F0xx_HAL_Driver/Src/stm32f0xx_hal_cortex.o
 .debug_macro   0x0000000000002553      0x1eb ./Drivers/STM32F0xx_HAL_Driver/Src/stm32f0xx_hal_dma.o
 .debug_macro   0x000000000000273e      0x1f2 ./Drivers/STM32F0xx_HAL_Driver/Src/stm32f0xx_hal_gpio.o
 .debug_macro   0x0000000000002930      0x1fd ./Drivers/STM32F0xx_HAL_Driver/Src/stm32f0xx_hal_rcc.o
 .debug_macro   0x0000000000002b2d      0x1fd ./Drivers/STM32F0xx_HAL_Driver/Src/stm32f0xx_hal_rcc_ex.o
 .debug_macro   0x0000000000002d2a      0x1f3 ./Drivers/STM32F0xx_HAL_Driver/Src/stm32f0xx_hal_spi.o
 .debug_macro   0x0000000000002f1d      0x1ec ./Drivers/STM32F0xx_HAL_Driver/Src/stm32f0xx_hal_tim.o
 .debug_macro   0x0000000000003109      0x1eb ./Drivers/STM32F0xx_HAL_Driver/Src/stm32f0xx_hal_tim_ex.o
 .debug_macro   0x00000000000032f4      0x208 ./Drivers/STM32F0xx_HAL_Driver/Src/stm32f0xx_hal_uart.o
 .debug_macro   0x00000000000034fc      0x259 ./Middlewares/Third_Party/FreeRTOS/Source/CMSIS_RTOS_V2/cmsis_os2.o
 .debug_macro   0x0000000000003755       0x10 ./Middlewares/Third_Party/FreeRTOS/Source/CMSIS_RTOS_V2/cmsis_os2.o
 .debug_macro   0x0000000000003765       0xa9 ./Middlewares/Third_Party/FreeRTOS/Source/CMSIS_RTOS_V2/cmsis_os2.o
 .debug_macro   0x000000000000380e       0x16 ./Middlewares/Third_Party/FreeRTOS/Source/CMSIS_RTOS_V2/cmsis_os2.o
 .debug_macro   0x0000000000003824       0x91 ./Middlewares/Third_Party/FreeRTOS/Source/CMSIS_RTOS_V2/cmsis_os2.o
 .debug_macro   0x00000000000038b5       0x8d ./Middlewares/Third_Party/FreeRTOS/Source/CMSIS_RTOS_V2/cmsis_os2.o
 .debug_macro   0x0000000000003942       0x9a ./Middlewares/Third_Party/FreeRTOS/Source/CMSIS_RTOS_V2/cmsis_os2.o
 .debug_macro   0x00000000000039dc      0x199 ./Middlewares/Third_Party/FreeRTOS/Source/list.o
 .debug_macro   0x0000000000003b75      0x224 ./Middlewares/Third_Party/FreeRTOS/Source/queue.o
 .debug_macro   0x0000000000003d99      0x299 ./Middlewares/Third_Party/FreeRTOS/Source/tasks.o
 .debug_macro   0x0000000000004032       0x10 ./Middlewares/Third_Party/FreeRTOS/Source/tasks.o
 .debug_macro   0x0000000000004042      0x1dc ./Middlewares/Third_Party/FreeRTOS/Source/timers.o
 .debug_macro   0x000000000000421e      0x1d9 ./Middlewares/Third_Party/FreeRTOS/Source/portable/GCC/ARM_CM0/port.o
 .debug_macro   0x00000000000043f7      0x1c0 ./Middlewares/Third_Party/FreeRTOS/Source/portable/MemMang/heap_4.o

.debug_line     0x0000000000000000    0x1bb15
 .debug_line    0x0000000000000000      0x9fa ./Core/Src/function_display.o
 .debug_line    0x00000000000009fa      0x970 ./Core/Src/function_icons.o
 .debug_line    0x000000000000136a      0x8cb ./Core/Src/function_servo.o
 .debug_line    0x0000000000001c35      0xf77 ./Core/Src/lcd_st7565.o
 .debug_line    0x0000000000002bac      0xe10 ./Core/Src/main.o
 .debug_line    0x00000000000039bc      0x8cb ./Core/Src/stm32f0xx_hal_msp.o
 .debug_line    0x0000000000004287      0x9de ./Core/Src/stm32f0xx_it.o
 .debug_line    0x0000000000004c65      0x7c1 ./Core/Src/system_stm32f0xx.o
 .debug_line    0x0000000000005426       0x89 ./Core/Startup/startup_stm32f091rctx.o
 .debug_line    0x00000000000054af      0x9b4 ./Drivers/STM32F0xx_HAL_Driver/Src/stm32f0xx_hal.o
 .debug_line    0x0000000000005e63     0x11fa ./Drivers/STM32F0xx_HAL_Driver/Src/stm32f0xx_hal_adc.o
 .debug_line    0x000000000000705d      0xa60 ./Drivers/STM32F0xx_HAL_Driver/Src/stm32f0xx_hal_cortex.o
 .debug_line    0x0000000000007abd      0xcf1 ./Drivers/STM32F0xx_HAL_Driver/Src/stm32f0xx_hal_dma.o
 .debug_line    0x00000000000087ae      0xb46 ./Drivers/STM32F0xx_HAL_Driver/Src/stm32f0xx_hal_gpio.o
 .debug_line    0x00000000000092f4      0xe43 ./Drivers/STM32F0xx_HAL_Driver/Src/stm32f0xx_hal_rcc.o
 .debug_line    0x000000000000a137      0xc1f ./Drivers/STM32F0xx_HAL_Driver/Src/stm32f0xx_hal_rcc_ex.o
 .debug_line    0x000000000000ad56     0x1ec9 ./Drivers/STM32F0xx_HAL_Driver/Src/stm32f0xx_hal_spi.o
 .debug_line    0x000000000000cc1f     0x36e3 ./Drivers/STM32F0xx_HAL_Driver/Src/stm32f0xx_hal_tim.o
 .debug_line    0x0000000000010302     0x1952 ./Drivers/STM32F0xx_HAL_Driver/Src/stm32f0xx_hal_tim_ex.o
 .debug_line    0x0000000000011c54     0x2d4a ./Drivers/STM32F0xx_HAL_Driver/Src/stm32f0xx_hal_uart.o
 .debug_line    0x000000000001499e     0x202b ./Middlewares/Third_Party/FreeRTOS/Source/CMSIS_RTOS_V2/cmsis_os2.o
 .debug_line    0x00000000000169c9      0x707 ./Middlewares/Third_Party/FreeRTOS/Source/list.o