Archive member included to satisfy reference by file (symbol)

c:/st/stm32cubeide_1.10.1/stm32cubeide/plugins/com.st.stm32cube.ide.mcu.externaltools.gnu-tools-for-stm32.10.3-2021.10.win32_1.0.0.202111181127/tools/bin/../lib/gcc/arm-none-eabi/10.3.1/../../../../arm-none-eabi/lib/thumb/v6-m/nofp\libc_nano.a(lib_a-errno.o)
                              ./Core/Src/syscalls.o (__errno)
c:/st/stm32cubeide_1.10.1/stm32cubeide/plugins/com.st.stm32cube.ide.mcu.externaltools.gnu-tools-for-stm32.10.3-2021.10.win32_1.0.0.202111181127/tools/bin/../lib/gcc/arm-none-eabi/10.3.1/../../../../arm-none-eabi/lib/thumb/v6-m/nofp\libc_nano.a(lib_a-exit.o)
                              c:/st/stm32cubeide_1.10.1/stm32cubeide/plugins/com.st.stm32cube.ide.mcu.externaltools.gnu-tools-for-stm32.10.3-2021.10.win32_1.0.0.202111181127/tools/bin/../lib/gcc/arm-none-eabi/10.3.1/../../../../arm-none-eabi/lib/thumb/v6-m/nofp/crt0.o (exit)
c:/st/stm32cubeide_1.10.1/stm32cubeide/plugins/com.st.stm32cube.ide.mcu.externaltools.gnu-tools-for-stm32.10.3-2021.10.win32_1.0.0.202111181127/tools/bin/../lib/gcc/arm-none-eabi/10.3.1/../../../../arm-none-eabi/lib/thumb/v6-m/nofp\libc_nano.a(lib_a-findfp.o)
                              ./Middlewares/Third_Party/FreeRTOS/Source/tasks.o (__sf_fake_stderr)
c:/st/stm32cubeide_1.10.1/stm32cubeide/plugins/com.st.stm32cube.ide.mcu.externaltools.gnu-tools-for-stm32.10.3-2021.10.win32_1.0.0.202111181127/tools/bin/../lib/gcc/arm-none-eabi/10.3.1/../../../../arm-none-eabi/lib/thumb/v6-m/nofp\libc_nano.a(lib_a-fwalk.o)
                              c:/st/stm32cubeide_1.10.1/stm32cubeide/plugins/com.st.stm32cube.ide.mcu.externaltools.gnu-tools-for-stm32.10.3-2021.10.win32_1.0.0.202111181127/tools/bin/../lib/gcc/arm-none-eabi/10.3.1/../../../../arm-none-eabi/lib/thumb/v6-m/nofp\libc_nano.a(lib_a-findfp.o) (_fwalk)
c:/st/stm32cubeide_1.10.1/stm32cubeide/plugins/com.st.stm32cube.ide.mcu.externaltools.gnu-tools-for-stm32.10.3-2021.10.win32_1.0.0.202111181127/tools/bin/../lib/gcc/arm-none-eabi/10.3.1/../../../../arm-none-eabi/lib/thumb/v6-m/nofp\libc_nano.a(lib_a-impure.o)
                              c:/st/stm32cubeide_1.10.1/stm32cubeide/plugins/com.st.stm32cube.ide.mcu.externaltools.gnu-tools-for-stm32.10.3-2021.10.win32_1.0.0.202111181127/tools/bin/../lib/gcc/arm-none-eabi/10.3.1/../../../../arm-none-eabi/lib/thumb/v6-m/nofp\libc_nano.a(lib_a-exit.o) (_global_impure_ptr)
c:/st/stm32cubeide_1.10.1/stm32cubeide/plugins/com.st.stm32cube.ide.mcu.externaltools.gnu-tools-for-stm32.10.3-2021.10.win32_1.0.0.202111181127/tools/bin/../lib/gcc/arm-none-eabi/10.3.1/../../../../arm-none-eabi/lib/thumb/v6-m/nofp\libc_nano.a(lib_a-init.o)
                              c:/st/stm32cubeide_1.10.1/stm32cubeide/plugins/com.st.stm32cube.ide.mcu.externaltools.gnu-tools-for-stm32.10.3-2021.10.win32_1.0.0.202111181127/tools/bin/../lib/gcc/arm-none-eabi/10.3.1/../../../../arm-none-eabi/lib/thumb/v6-m/nofp/crt0.o (__libc_init_array)
c:/st/stm32cubeide_1.10.1/stm32cubeide/plugins/com.st.stm32cube.ide.mcu.externaltools.gnu-tools-for-stm32.10.3-2021.10.win32_1.0.0.202111181127/tools/bin/../lib/gcc/arm-none-eabi/10.3.1/../../../../arm-none-eabi/lib/thumb/v6-m/nofp\libc_nano.a(lib_a-lock.o)
                              c:/st/stm32cubeide_1.10.1/stm32cubeide/plugins/com.st.stm32cube.ide.mcu.externaltools.gnu-tools-for-stm32.10.3-2021.10.win32_1.0.0.202111181127/tools/bin/../lib/gcc/arm-none-eabi/10.3.1/../../../../arm-none-eabi/lib/thumb/v6-m/nofp\libc_nano.a(lib_a-findfp.o) (__retarget_lock_init_recursive)
c:/st/stm32cubeide_1.10.1/stm32cubeide/plugins/com.st.stm32cube.ide.mcu.externaltools.gnu-tools-for-stm32.10.3-2021.10.win32_1.0.0.202111181127/tools/bin/../lib/gcc/arm-none-eabi/10.3.1/../../../../arm-none-eabi/lib/thumb/v6-m/nofp\libc_nano.a(lib_a-memcpy-stub.o)
                              ./Middlewares/Third_Party/FreeRTOS/Source/CMSIS_RTOS_V2/cmsis_os2.o (memcpy)
c:/st/stm32cubeide_1.10.1/stm32cubeide/plugins/com.st.stm32cube.ide.mcu.externaltools.gnu-tools-for-stm32.10.3-2021.10.win32_1.0.0.202111181127/tools/bin/../lib/gcc/arm-none-eabi/10.3.1/../../../../arm-none-eabi/lib/thumb/v6-m/nofp\libc_nano.a(lib_a-memset.o)
                              c:/st/stm32cubeide_1.10.1/stm32cubeide/plugins/com.st.stm32cube.ide.mcu.externaltools.gnu-tools-for-stm32.10.3-2021.10.win32_1.0.0.202111181127/tools/bin/../lib/gcc/arm-none-eabi/10.3.1/../../../../arm-none-eabi/lib/thumb/v6-m/nofp/crt0.o (memset)
c:/st/stm32cubeide_1.10.1/stm32cubeide/plugins/com.st.stm32cube.ide.mcu.externaltools.gnu-tools-for-stm32.10.3-2021.10.win32_1.0.0.202111181127/tools/bin/../lib/gcc/arm-none-eabi/10.3.1/../../../../arm-none-eabi/lib/thumb/v6-m/nofp\libc_nano.a(lib_a-nano-mallocr.o)
[...]
Memory Configuration

Name             Origin             Length             Attributes
RAM              0x0000000020000000 0x0000000000008000 xrw
FLASH            0x0000000008000000 0x0000000000040000 xr
*default*        0x0000000000000000 0xffffffffffffffff

Linker script and memory map

LOAD c:/st/stm32cubeide_1.10.1/stm32cubeide/plugins/com.st.stm32cube.ide.mcu.externaltools.gnu-tools-for-stm32.10.3-2021.10.win32_1.0.0.202111181127/tools/bin/../lib/gcc/arm-none-eabi/10.3.1/thumb/v6-m/nofp/crti.o
LOAD c:/st/stm32cubeide_1.10.1/stm32cubeide/plugins/com.st.stm32cube.ide.mcu.externaltools.gnu-tools-for-stm32.10.3-2021.10.win32_1.0.0.202111181127/tools/bin/../lib/gcc/arm-none-eabi/10.3.1/thumb/v6-m/nofp/crtbegin.o
LOAD c:/st/stm32cubeide_1.10.1/stm32cubeide/plugins/com.st.stm32cube.ide.mcu.externaltools.gnu-tools-for-stm32.10.3-2021.10.win32_1.0.0.202111181127/tools/bin/../lib/gcc/arm-none-eabi/10.3.1/../../../../arm-none-eabi/lib/thumb/v6-m/nofp/crt0.o
LOAD ./Core/Src/font.o
LOAD ./Core/Src/freertos.o
LOAD ./Core/Src/function_display.o
LOAD ./Core/Src/function_icons.o
LOAD ./Core/Src/function_servo.o
LOAD ./Core/Src/lcd_st7565.o
LOAD ./Core/Src/main.o
LOAD ./Core/Src/stm32f0xx_hal_msp.o
LOAD ./Core/Src/stm32f0xx_it.o
LOAD ./Core/Src/syscalls.o
LOAD ./Core/Src/sysmem.o
LOAD ./Core/Src/system_stm32f0xx.o
LOAD ./Core/Startup/startup_stm32f091rctx.o
LOAD ./Drivers/STM32F0xx_HAL_Driver/Src/stm32f0xx_hal.o
LOAD ./Drivers/STM32F0xx_HAL_Driver/Src/stm32f0xx_hal_adc.o
LOAD ./Drivers/STM32F0xx_HAL_Driver/Src/stm32f0xx_hal_adc_ex.o
LOAD ./Drivers/STM32F0xx_HAL_Driver/Src/stm32f0xx_hal_cortex.o
LOAD ./Drivers/STM32F0xx_HAL_Driver/Src/stm32f0xx_hal_dma.o
LOAD ./Drivers/STM32F0xx_HAL_Driver/Src/stm32f0xx_hal_exti.o
LOAD ./Drivers/STM32F0xx_HAL_Driver/Src/stm32f0xx_hal_flash.o
LOAD ./Drivers/STM32F0xx_HAL_Driver/Src/stm32f0xx_hal_flash_ex.o
LOAD ./Drivers/STM32F0xx_HAL_Driver/Src/stm32f0xx_hal_gpio.o
LOAD ./Drivers/STM32F0xx_HAL_Driver/Src/stm32f0xx_hal_i2c.o
LOAD ./Drivers/STM32F0xx_HAL_Driver/Src/stm32f0xx_hal_i2c_ex.o
LOAD ./Drivers/STM32F0xx_HAL_Driver/Src/stm32f0xx_hal_pwr.o
LOAD ./Drivers/STM32F0xx_HAL_Driver/Src/stm32f0xx_hal_pwr_ex.o
LOAD ./Drivers/STM32F0xx_HAL_Driver/Src/stm32f0xx_hal_rcc.o
LOAD ./Drivers/STM32F0xx_HAL_Driver/Src/stm32f0xx_hal_rcc_ex.o
LOAD ./Drivers/STM32F0xx_HAL_Driver/Src/stm32f0xx_hal_spi.o
LOAD ./Drivers/STM32F0xx_HAL_Driver/Src/stm32f0xx_hal_spi_ex.o
LOAD ./Drivers/STM32F0xx_HAL_Driver/Src/stm32f0xx_hal_tim.o
LOAD ./Drivers/STM32F0xx_HAL_Driver/Src/stm32f0xx_hal_tim_ex.o
LOAD ./Drivers/STM32F0xx_HAL_Driver/Src/stm32f0xx_hal_uart.o
LOAD ./Drivers/STM32F0xx_HAL_Driver/Src/stm32f0xx_hal_uart_ex.o
LOAD ./Middlewares/Third_Party/FreeRTOS/Source/CMSIS_RTOS_V2/cmsis_os2.o
LOAD ./Middlewares/Third_Party/FreeRTOS/Source/croutine.o
LOAD ./Middlewares/Third_Party/FreeRTOS/Source/event_groups.o
LOAD ./Middlewares/Third_Party/FreeRTOS/Source/list.o
LOAD ./Middlewares/Third_Party/FreeRTOS/Source/queue.o
LOAD ./Middlewares/Third_Party/FreeRTOS/Source/stream_buffer.o
LOAD ./Middlewares/Third_Party/FreeRTOS/Source/tasks.o
LOAD ./Middlewares/Third_Party/FreeRTOS/Source/timers.o
LOAD ./Middlewares/Third_Party/FreeRTOS/Source/portable/GCC/ARM_CM0/port.o
LOAD ./Middlewares/Third_Party/FreeRTOS/Source/portable/MemMang/heap_4.o
START GROUP
LOAD c:/st/stm32cubeide_1.10.1/stm32cubeide/plugins/com.st.stm32cube.ide.mcu.externaltools.gnu-tools-for-stm32.10.3-2021.10.win32_1.0.0.202111181127/tools/bin/../lib/gcc/arm-none-eabi/10.3.1/../../../../arm-none-eabi/lib/thumb/v6-m/nofp\libc_nano.a
LOAD c:/st/stm32cubeide_1.10.1/stm32cubeide/plugins/com.st.stm32cube.ide.mcu.externaltools.gnu-tools-for-stm32.10.3-2021.10.win32_1.0.0.202111181127/tools/bin/../lib/gcc/arm-none-eabi/10.3.1/../../../../arm-none-eabi/lib/thumb/v6-m/nofp\libm.a
END GROUP
START GROUP
LOAD c:/st/stm32cubeide_1.10.1/stm32cubeide/plugins/com.st.stm32cube.ide.mcu.externaltools.gnu-tools-for-stm32.10.3-2021.10.win32_1.0.0.202111181127/tools/bin/../lib/gcc/arm-none-eabi/10.3.1/thumb/v6-m/nofp\libgcc.a
LOAD c:/st/stm32cubeide_1.10.1/stm32cubeide/plugins/com.st.stm32cube.ide.mcu.externaltools.gnu-tools-for-stm32.10.3-2021.10.win32_1.0.0.202111181127/tools/bin/../lib/gcc/arm-none-eabi/10.3.1/../../../../arm-none-eabi/lib/thumb/v6-m/nofp\libc_nano.a
END GROUP
START GROUP
LOAD c:/st/stm32cubeide_1.10.1/stm32cubeide/plugins/com.st.stm32cube.ide.mcu.externaltools.gnu-tools-for-stm32.10.3-2021.10.win32_1.0.0.202111181127/tools/bin/../lib/gcc/arm-none-eabi/10.3.1/thumb/v6-m/nofp\libgcc.a
LOAD c:/st/stm32cubeide_1.10.1/stm32cubeide/plugins/com.st.stm32cube.ide.mcu.externaltools.gnu-tools-for-stm32.10.3-2021.10.win32_1.0.0.202111181127/tools/bin/../lib/gcc/arm-none-eabi/10.3.1/../../../../arm-none-eabi/lib/thumb/v6-m/nofp\libc_nano.a
LOAD c:/st/stm32cubeide_1.10.1/stm32cubeide/plugins/com.st.stm32cube.ide.mcu.externaltools.gnu-tools-for-stm32.10.3-2021.10.win32_1.0.0.202111181127/tools/bin/../lib/gcc/arm-none-eabi/10.3.1/../../../../arm-none-eabi/lib/thumb/v6-m/nofp\libnosys.a
END GROUP
START GROUP
LOAD c:/st/stm32cubeide_1.10.1/stm32cubeide/plugins/com.st.stm32cube.ide.mcu.externaltools.gnu-tools-for-stm32.10.3-2021.10.win32_1.0.0.202111181127/tools/bin/../lib/gcc/arm-none-eabi/10.3.1/thumb/v6-m/nofp\libgcc.a
LOAD c:/st/stm32cubeide_1.10.1/stm32cubeide/plugins/com.st.stm32cube.ide.mcu.externaltools.gnu-tools-for-stm32.10.3-2021.10.win32_1.0.0.202111181127/tools/bin/../lib/gcc/arm-none-eabi/10.3.1/../../../../arm-none-eabi/lib/thumb/v6-m/nofp\libc_nano.a
LOAD c:/st/stm32cubeide_1.10.1/stm32cubeide/plugins/com.st.stm32cube.ide.mcu.externaltools.gnu-tools-for-stm32.10.3-2021.10.win32_1.0.0.202111181127/tools/bin/../lib/gcc/arm-none-eabi/10.3.1/../../../../arm-none-eabi/lib/thumb/v6-m/nofp\libnosys.a
END GROUP
LOAD c:/st/stm32cubeide_1.10.1/stm32cubeide/plugins/com.st.stm32cube.ide.mcu.externaltools.gnu-tools-for-stm32.10.3-2021.10.win32_1.0.0.202111181127/tools/bin/../lib/gcc/arm-none-eabi/10.3.1/thumb/v6-m/nofp/crtend.o
LOAD c:/st/stm32cubeide_1.10.1/stm32cubeide/plugins/com.st.stm32cube.ide.mcu.externaltools.gnu-tools-for-stm32.10.3-2021.10.win32_1.0.0.202111181127/tools/bin/../lib/gcc/arm-none-eabi/10.3.1/thumb/v6-m/nofp/crtn.o
                0x0000000020008000                _estack = (ORIGIN (RAM) + LENGTH (RAM))
                0x0000000000000200                _Min_Heap_Size = 0x200
                0x0000000000000400                _Min_Stack_Size = 0x400

.isr_vector     0x0000000008000000       0xbc
                0x0000000008000000                . = ALIGN (0x4)
 *(.isr_vector)
 .isr_vector    0x0000000008000000       0xbc ./Core/Startup/startup_stm32f091rctx.o
                0x0000000008000000                g_pfnVectors
                0x00000000080000bc                . = ALIGN (0x4)

.text           0x00000000080000c0     0x7fbc
                0x00000000080000c0                . = ALIGN (0x4)
 *(.text)
 .text          0x00000000080000c0       0x48 c:/st/stm32cubeide_1.10.1/stm32cubeide/plugins/com.st.stm32cube.ide.mcu.externaltools.gnu-tools-for-stm32.10.3-2021.10.win32_1.0.0.202111181127/tools/bin/../lib/gcc/arm-none-eabi/10.3.1/thumb/v6-m/nofp/crtbegin.o
 .text          0x0000000008000108      0x114 c:/st/stm32cubeide_1.10.1/stm32cubeide/plugins/com.st.stm32cube.ide.mcu.externaltools.gnu-tools-for-stm32.10.3-2021.10.win32_1.0.0.202111181127/tools/bin/../lib/gcc/arm-none-eabi/10.3.1/thumb/v6-m/nofp\libgcc.a(_udivsi3.o)
                0x0000000008000108                __aeabi_uidiv
                0x0000000008000108                __udivsi3
                0x0000000008000214                __aeabi_uidivmod
 .text          0x000000000800021c      0x1d4 c:/st/stm32cubeide_1.10.1/stm32cubeide/plugins/com.st.stm32cube.ide.mcu.externaltools.gnu-tools-for-stm32.10.3-2021.10.win32_1.0.0.202111181127/tools/bin/../lib/gcc/arm-none-eabi/10.3.1/thumb/v6-m/nofp\libgcc.a(_divsi3.o)
                0x000000000800021c                __divsi3
                0x000000000800021c                __aeabi_idiv
                0x00000000080003e8                __aeabi_idivmod
 .text          0x00000000080003f0        0x4 c:/st/stm32cubeide_1.10.1/stm32cubeide/plugins/com.st.stm32cube.ide.mcu.externaltools.gnu-tools-for-stm32.10.3-2021.10.win32_1.0.0.202111181127/tools/bin/../lib/gcc/arm-none-eabi/10.3.1/thumb/v6-m/nofp\libgcc.a(_dvmd_tls.o)
                0x00000000080003f0                __aeabi_idiv0
                0x00000000080003f0                __aeabi_ldiv0
 *(.text*)
 .text.Display_master_function
                0x00000000080003f4       0x7c ./Core/Src/function_display.o
                0x00000000080003f4                Display_master_function
 .text.Display_start_screen
                0x0000000008000470       0x2c ./Core/Src/function_display.o
                0x0000000008000470                Display_start_screen
 .text.Display_stergere_x1
                0x000000000800049c       0x20 ./Core/Src/function_display.o
                0x000000000800049c                Display_stergere_x1
 .text.Display_treapta_1
                0x00000000080004bc       0x30 ./Core/Src/function_display.o
                0x00000000080004bc                Display_treapta_1
 .text.Display_treapta_2
                0x00000000080004ec       0x30 ./Core/Src/function_display.o
                0x00000000080004ec                Display_treapta_2
 .text.Display_treapta_3
                0x000000000800051c       0x30 ./Core/Src/function_display.o
                0x000000000800051c                Display_treapta_3
 .text.Display_spalare_parbriz
                0x000000000800054c       0x20 ./Core/Src/function_display.o
                0x000000000800054c                Display_spalare_parbriz
 .text.Display_spalare_luneta
                0x000000000800056c       0x20 ./Core/Src/function_display.o
                0x000000000800056c                Display_spalare_luneta
 .text.Icons_start_screen
                0x000000000800058c      0x160 ./Core/Src/function_icons.o
                0x000000000800058c                Icons_start_screen
 .text.Icons_load_x1
                0x00000000080006ec       0x34 ./Core/Src/function_icons.o
                0x00000000080006ec                Icons_load_x1
 .text.Icons_load_treapta_1
                0x0000000008000720       0x34 ./Core/Src/function_icons.o
                0x0000000008000720                Icons_load_treapta_1
 .text.Icons_load_treapta_2
                0x0000000008000754       0x34 ./Core/Src/function_icons.o
                0x0000000008000754                Icons_load_treapta_2
 .text.Icons_load_treapta_3
                0x0000000008000788       0x34 ./Core/Src/function_icons.o
                0x0000000008000788                Icons_load_treapta_3
 .text.Icons_load_spalare_parbriz
                0x00000000080007bc       0x34 ./Core/Src/function_icons.o
                0x00000000080007bc                Icons_load_spalare_parbriz
 .text.Icons_load_spalare_luneta
                0x00000000080007f0       0x34 ./Core/Src/function_icons.o
                0x00000000080007f0                Icons_load_spalare_luneta
 .text.Icons_clear_screen
                0x0000000008000824       0x20 ./Core/Src/function_icons.o
                0x0000000008000824                Icons_clear_screen
 .text.Servo_master_function
                0x0000000008000844      0x104 ./Core/Src/function_servo.o
                0x0000000008000844                Servo_master_function
 .text.Servo_up_movement
                0x0000000008000948       0x78 ./Core/Src/function_servo.o
                0x0000000008000948                Servo_up_movement
 .text.Servo_down_movement
                0x00000000080009c0       0x78 ./Core/Src/function_servo.o
                0x00000000080009c0                Servo_down_movement
 .text.Servo_spalare
                0x0000000008000a38       0x90 ./Core/Src/function_servo.o
                0x0000000008000a38                Servo_spalare
 .text.st7565_write_buffer
                0x0000000008000ac8       0xf0 ./Core/Src/lcd_st7565.o
                0x0000000008000ac8                st7565_write_buffer
 .text.st7565_sendbyte
                0x0000000008000bb8       0x24 ./Core/Src/lcd_st7565.o
                0x0000000008000bb8                st7565_sendbyte
 .text.st7565_init
                0x0000000008000bdc      0x15c ./Core/Src/lcd_st7565.o
                0x0000000008000bdc                st7565_init
 .text.st7565_backlight_enable
                0x0000000008000d38       0x1a ./Core/Src/lcd_st7565.o
                0x0000000008000d38                st7565_backlight_enable
 *fill*         0x0000000008000d52        0x2 
 .text.st7565_set_brightness
                0x0000000008000d54       0x48 ./Core/Src/lcd_st7565.o
                0x0000000008000d54                st7565_set_brightness
 .text.st7565_clear_screen
                0x0000000008000d9c       0xb8 ./Core/Src/lcd_st7565.o
                0x0000000008000d9c                st7565_clear_screen
 .text.st7565_clear_buffer
                0x0000000008000e54       0x1e ./Core/Src/lcd_st7565.o
                0x0000000008000e54                st7565_clear_buffer
 .text.st7565_setpixel
                0x0000000008000e72       0xd6 ./Core/Src/lcd_st7565.o
                0x0000000008000e72                st7565_setpixel
 .text.st7565_drawbitmap
                0x0000000008000f48       0xe0 ./Core/Src/lcd_st7565.o
                0x0000000008000f48                st7565_drawbitmap
 .text.system_init
                0x0000000008001028       0x50 ./Core/Src/main.o
                0x0000000008001028                system_init
 .text.main     0x0000000008001078       0xa8 ./Core/Src/main.o
                0x0000000008001078                main
 .text.SystemClock_Config
                0x0000000008001120       0xca ./Core/Src/main.o
                0x0000000008001120                SystemClock_Config
 *fill*         0x00000000080011ea        0x2 
 .text.MX_ADC_Init
                0x00000000080011ec       0xe8 ./Core/Src/main.o
 .text.MX_SPI1_Init
                0x00000000080012d4       0x7c ./Core/Src/main.o
 .text.MX_TIM3_Init
                0x0000000008001350      0x100 ./Core/Src/main.o
 .text.MX_USART2_UART_Init
                0x0000000008001450       0x60 ./Core/Src/main.o
 .text.MX_DMA_Init
                0x00000000080014b0       0x4c ./Core/Src/main.o
 .text.MX_GPIO_Init
                0x00000000080014fc      0x138 ./Core/Src/main.o
 .text.speed_function.0
                0x0000000008001634       0x9c ./Core/Src/main.o
 .text.Task_Servo
                0x00000000080016d0      0x1b4 ./Core/Src/main.o
                0x00000000080016d0                Task_Servo
 .text.moving_average.1
                0x0000000008001884       0xd0 ./Core/Src/main.o
 .text.Task_Joystick
                0x0000000008001954      0x184 ./Core/Src/main.o
                0x0000000008001954                Task_Joystick
 .text.speed_function_LCD.2
                0x0000000008001ad8       0x50 ./Core/Src/main.o
 .text.Task_LCD
                0x0000000008001b28       0x78 ./Core/Src/main.o
                0x0000000008001b28                Task_LCD
 .text.Task_CounterUp
                0x0000000008001ba0       0x2c ./Core/Src/main.o
                0x0000000008001ba0                Task_CounterUp
 .text.Error_Handler
                0x0000000008001bcc        0xa ./Core/Src/main.o
                0x0000000008001bcc                Error_Handler
 *fill*         0x0000000008001bd6        0x2 
 .text.HAL_MspInit
                0x0000000008001bd8       0x54 ./Core/Src/stm32f0xx_hal_msp.o
                0x0000000008001bd8                HAL_MspInit
 .text.HAL_ADC_MspInit
                0x0000000008001c2c      0x10c ./Core/Src/stm32f0xx_hal_msp.o
                0x0000000008001c2c                HAL_ADC_MspInit
 .text.HAL_SPI_MspInit
                0x0000000008001d38       0x98 ./Core/Src/stm32f0xx_hal_msp.o
                0x0000000008001d38                HAL_SPI_MspInit
 .text.HAL_TIM_Base_MspInit
                0x0000000008001dd0       0xc4 ./Core/Src/stm32f0xx_hal_msp.o
                0x0000000008001dd0                HAL_TIM_Base_MspInit
 .text.HAL_TIM_MspPostInit
                0x0000000008001e94       0x80 ./Core/Src/stm32f0xx_hal_msp.o
                0x0000000008001e94                HAL_TIM_MspPostInit
 .text.HAL_UART_MspInit
                0x0000000008001f14       0x98 ./Core/Src/stm32f0xx_hal_msp.o
                0x0000000008001f14                HAL_UART_MspInit
 .text.NMI_Handler
                0x0000000008001fac        0x6 ./Core/Src/stm32f0xx_it.o
                0x0000000008001fac                NMI_Handler
 .text.HardFault_Handler
                0x0000000008001fb2        0x6 ./Core/Src/stm32f0xx_it.o
                0x0000000008001fb2                HardFault_Handler
 .text.SysTick_Handler
                0x0000000008001fb8       0x1c ./Core/Src/stm32f0xx_it.o
                0x0000000008001fb8                SysTick_Handler
 .text.DMA1_Ch1_IRQHandler
                0x0000000008001fd4       0x18 ./Core/Src/stm32f0xx_it.o
                0x0000000008001fd4                DMA1_Ch1_IRQHandler
 .text.DMA1_Ch2_3_DMA2_Ch1_2_IRQHandler
                0x0000000008001fec       0x18 ./Core/Src/stm32f0xx_it.o
                0x0000000008001fec                DMA1_Ch2_3_DMA2_Ch1_2_IRQHandler
 .text.SystemInit
                0x0000000008002004        0xa ./Core/Src/system_stm32f0xx.o
                0x0000000008002004                SystemInit
 *fill*         0x000000000800200e        0x2 
 .text.Reset_Handler
                0x0000000008002010       0x50 ./Core/Startup/startup_stm32f091rctx.o
                0x0000000008002010                Reset_Handler
 .text.Default_Handler
                0x0000000008002060        0x2 ./Core/Startup/startup_stm32f091rctx.o
                0x0000000008002060                TIM1_CC_IRQHandler
                0x0000000008002060                TSC_IRQHandler
                0x0000000008002060                ADC1_COMP_IRQHandler
                0x0000000008002060                I2C1_IRQHandler
                0x0000000008002060                RCC_CRS_IRQHandler
                0x0000000008002060                SPI1_IRQHandler
                0x0000000008002060                TIM6_DAC_IRQHandler
                0x0000000008002060                EXTI2_3_IRQHandler
                0x0000000008002060                I2C2_IRQHandler
                0x0000000008002060                TIM17_IRQHandler
                0x0000000008002060                CEC_CAN_IRQHandler
                0x0000000008002060                RTC_IRQHandler
                0x0000000008002060                PVD_VDDIO2_IRQHandler
                0x0000000008002060                TIM16_IRQHandler
                0x0000000008002060                TIM3_IRQHandler
                0x0000000008002060                EXTI4_15_IRQHandler
                0x0000000008002060                USART3_8_IRQHandler
                0x0000000008002060                Default_Handler
                0x0000000008002060                TIM14_IRQHandler
                0x0000000008002060                TIM7_IRQHandler
                0x0000000008002060                TIM15_IRQHandler
                0x0000000008002060                EXTI0_1_IRQHandler
                0x0000000008002060                SPI2_IRQHandler
                0x0000000008002060                DMA1_Ch4_7_DMA2_Ch3_5_IRQHandler
                0x0000000008002060                WWDG_IRQHandler
                0x0000000008002060                TIM2_IRQHandler
                0x0000000008002060                USART2_IRQHandler
                0x0000000008002060                FLASH_IRQHandler
                0x0000000008002060                USART1_IRQHandler
                0x0000000008002060                TIM1_BRK_UP_TRG_COM_IRQHandler
 *fill*         0x0000000008002062        0x2 
 .text.HAL_Init
                0x0000000008002064       0x28 ./Drivers/STM32F0xx_HAL_Driver/Src/stm32f0xx_hal.o
                0x0000000008002064                HAL_Init
 .text.HAL_InitTick
                0x000000000800208c       0x68 ./Drivers/STM32F0xx_HAL_Driver/Src/stm32f0xx_hal.o
                0x000000000800208c                HAL_InitTick
 .text.HAL_IncTick
                0x00000000080020f4       0x24 ./Drivers/STM32F0xx_HAL_Driver/Src/stm32f0xx_hal.o
                0x00000000080020f4                HAL_IncTick
 .text.HAL_GetTick
                0x0000000008002118       0x14 ./Drivers/STM32F0xx_HAL_Driver/Src/stm32f0xx_hal.o
                0x0000000008002118                HAL_GetTick
 .text.HAL_Delay
                0x000000000800212c       0x48 ./Drivers/STM32F0xx_HAL_Driver/Src/stm32f0xx_hal.o
                0x000000000800212c                HAL_Delay
 .text.HAL_ADC_Init
                0x0000000008002174      0x280 ./Drivers/STM32F0xx_HAL_Driver/Src/stm32f0xx_hal_adc.o
                0x0000000008002174                HAL_ADC_Init
 .text.HAL_ADC_Start_DMA
                0x00000000080023f4      0x104 ./Drivers/STM32F0xx_HAL_Driver/Src/stm32f0xx_hal_adc.o
                0x00000000080023f4                HAL_ADC_Start_DMA
 .text.HAL_ADC_ConvCpltCallback
                0x00000000080024f8       0x10 ./Drivers/STM32F0xx_HAL_Driver/Src/stm32f0xx_hal_adc.o
                0x00000000080024f8                HAL_ADC_ConvCpltCallback
 .text.HAL_ADC_ConvHalfCpltCallback
                0x0000000008002508       0x10 ./Drivers/STM32F0xx_HAL_Driver/Src/stm32f0xx_hal_adc.o
                0x0000000008002508                HAL_ADC_ConvHalfCpltCallback
 .text.HAL_ADC_ErrorCallback
                0x0000000008002518       0x10 ./Drivers/STM32F0xx_HAL_Driver/Src/stm32f0xx_hal_adc.o
                0x0000000008002518                HAL_ADC_ErrorCallback
 .text.HAL_ADC_ConfigChannel
                0x0000000008002528      0x21c ./Drivers/STM32F0xx_HAL_Driver/Src/stm32f0xx_hal_adc.o
                0x0000000008002528                HAL_ADC_ConfigChannel
 .text.ADC_Enable
                0x0000000008002744      0x108 ./Drivers/STM32F0xx_HAL_Driver/Src/stm32f0xx_hal_adc.o
 .text.ADC_DMAConvCplt
                0x000000000800284c       0xb4 ./Drivers/STM32F0xx_HAL_Driver/Src/stm32f0xx_hal_adc.o
 .text.ADC_DMAHalfConvCplt
                0x0000000008002900       0x1e ./Drivers/STM32F0xx_HAL_Driver/Src/stm32f0xx_hal_adc.o
 .text.ADC_DMAError
                0x000000000800291e       0x36 ./Drivers/STM32F0xx_HAL_Driver/Src/stm32f0xx_hal_adc.o
 .text.__NVIC_EnableIRQ
                0x0000000008002954       0x34 ./Drivers/STM32F0xx_HAL_Driver/Src/stm32f0xx_hal_cortex.o
 .text.__NVIC_SetPriority
                0x0000000008002988       0xdc ./Drivers/STM32F0xx_HAL_Driver/Src/stm32f0xx_hal_cortex.o
 .text.SysTick_Config
                0x0000000008002a64       0x48 ./Drivers/STM32F0xx_HAL_Driver/Src/stm32f0xx_hal_cortex.o
 .text.HAL_NVIC_SetPriority
                0x0000000008002aac       0x2a ./Drivers/STM32F0xx_HAL_Driver/Src/stm32f0xx_hal_cortex.o
                0x0000000008002aac                HAL_NVIC_SetPriority
 .text.HAL_NVIC_EnableIRQ
                0x0000000008002ad6       0x20 ./Drivers/STM32F0xx_HAL_Driver/Src/stm32f0xx_hal_cortex.o
                0x0000000008002ad6                HAL_NVIC_EnableIRQ
 .text.HAL_SYSTICK_Config
                0x0000000008002af6       0x1a ./Drivers/STM32F0xx_HAL_Driver/Src/stm32f0xx_hal_cortex.o
                0x0000000008002af6                HAL_SYSTICK_Config
 .text.HAL_DMA_Init
                0x0000000008002b10       0x90 ./Drivers/STM32F0xx_HAL_Driver/Src/stm32f0xx_hal_dma.o
                0x0000000008002b10                HAL_DMA_Init
 .text.HAL_DMA_Start_IT
                0x0000000008002ba0       0xcc ./Drivers/STM32F0xx_HAL_Driver/Src/stm32f0xx_hal_dma.o
                0x0000000008002ba0                HAL_DMA_Start_IT
 .text.HAL_DMA_IRQHandler
                0x0000000008002c6c      0x144 ./Drivers/STM32F0xx_HAL_Driver/Src/stm32f0xx_hal_dma.o
                0x0000000008002c6c                HAL_DMA_IRQHandler
 .text.DMA_SetConfig
                0x0000000008002db0       0x58 ./Drivers/STM32F0xx_HAL_Driver/Src/stm32f0xx_hal_dma.o
 .text.DMA_CalcBaseAndBitshift
                0x0000000008002e08       0x74 ./Drivers/STM32F0xx_HAL_Driver/Src/stm32f0xx_hal_dma.o
 .text.HAL_GPIO_Init
                0x0000000008002e7c      0x2f0 ./Drivers/STM32F0xx_HAL_Driver/Src/stm32f0xx_hal_gpio.o
                0x0000000008002e7c                HAL_GPIO_Init
 .text.HAL_GPIO_WritePin
                0x000000000800316c       0x3a ./Drivers/STM32F0xx_HAL_Driver/Src/stm32f0xx_hal_gpio.o
                0x000000000800316c                HAL_GPIO_WritePin
 *fill*         0x00000000080031a6        0x2 
 .text.HAL_RCC_OscConfig
                0x00000000080031a8      0x70c ./Drivers/STM32F0xx_HAL_Driver/Src/stm32f0xx_hal_rcc.o
                0x00000000080031a8                HAL_RCC_OscConfig
 .text.HAL_RCC_ClockConfig
                0x00000000080038b4      0x1b4 ./Drivers/STM32F0xx_HAL_Driver/Src/stm32f0xx_hal_rcc.o
                0x00000000080038b4                HAL_RCC_ClockConfig
 .text.HAL_RCC_GetSysClockFreq
                0x0000000008003a68      0x100 ./Drivers/STM32F0xx_HAL_Driver/Src/stm32f0xx_hal_rcc.o
                0x0000000008003a68                HAL_RCC_GetSysClockFreq
 .text.HAL_RCC_GetHCLKFreq
                0x0000000008003b68       0x14 ./Drivers/STM32F0xx_HAL_Driver/Src/stm32f0xx_hal_rcc.o
                0x0000000008003b68                HAL_RCC_GetHCLKFreq
 .text.HAL_RCC_GetPCLK1Freq
                0x0000000008003b7c       0x2c ./Drivers/STM32F0xx_HAL_Driver/Src/stm32f0xx_hal_rcc.o
                0x0000000008003b7c                HAL_RCC_GetPCLK1Freq
 .text.HAL_RCCEx_PeriphCLKConfig
                0x0000000008003ba8      0x200 ./Drivers/STM32F0xx_HAL_Driver/Src/stm32f0xx_hal_rcc_ex.o
                0x0000000008003ba8                HAL_RCCEx_PeriphCLKConfig
 .text.HAL_SPI_Init
                0x0000000008003da8      0x170 ./Drivers/STM32F0xx_HAL_Driver/Src/stm32f0xx_hal_spi.o
                0x0000000008003da8                HAL_SPI_Init
 .text.HAL_SPI_Transmit
                0x0000000008003f18      0x2b0 ./Drivers/STM32F0xx_HAL_Driver/Src/stm32f0xx_hal_spi.o
                0x0000000008003f18                HAL_SPI_Transmit
 .text.SPI_WaitFlagStateUntilTimeout
                0x00000000080041c8      0x11c ./Drivers/STM32F0xx_HAL_Driver/Src/stm32f0xx_hal_spi.o
 .text.SPI_WaitFifoStateUntilTimeout
                0x00000000080042e4      0x144 ./Drivers/STM32F0xx_HAL_Driver/Src/stm32f0xx_hal_spi.o
 .text.SPI_EndRxTxTransaction
                0x0000000008004428       0x8c ./Drivers/STM32F0xx_HAL_Driver/Src/stm32f0xx_hal_spi.o
 .text.HAL_TIM_Base_Init
                0x00000000080044b4       0xa0 ./Drivers/STM32F0xx_HAL_Driver/Src/stm32f0xx_hal_tim.o
                0x00000000080044b4                HAL_TIM_Base_Init
 .text.HAL_TIM_PWM_Init
                0x0000000008004554       0xa0 ./Drivers/STM32F0xx_HAL_Driver/Src/stm32f0xx_hal_tim.o
                0x0000000008004554                HAL_TIM_PWM_Init
 .text.HAL_TIM_PWM_MspInit
                0x00000000080045f4       0x10 ./Drivers/STM32F0xx_HAL_Driver/Src/stm32f0xx_hal_tim.o
                0x00000000080045f4                HAL_TIM_PWM_MspInit
 .text.HAL_TIM_PWM_Start
                0x0000000008004604      0x170 ./Drivers/STM32F0xx_HAL_Driver/Src/stm32f0xx_hal_tim.o
                0x0000000008004604                HAL_TIM_PWM_Start
 .text.HAL_TIM_PWM_ConfigChannel
                0x0000000008004774      0x18c ./Drivers/STM32F0xx_HAL_Driver/Src/stm32f0xx_hal_tim.o
                0x0000000008004774                HAL_TIM_PWM_ConfigChannel
 .text.HAL_TIM_ConfigClockSource
                0x0000000008004900      0x1a8 ./Drivers/STM32F0xx_HAL_Driver/Src/stm32f0xx_hal_tim.o
                0x0000000008004900                HAL_TIM_ConfigClockSource
 .text.TIM_Base_SetConfig
                0x0000000008004aa8      0x100 ./Drivers/STM32F0xx_HAL_Driver/Src/stm32f0xx_hal_tim.o
                0x0000000008004aa8                TIM_Base_SetConfig
 .text.TIM_OC1_SetConfig
                0x0000000008004ba8      0x110 ./Drivers/STM32F0xx_HAL_Driver/Src/stm32f0xx_hal_tim.o
 .text.TIM_OC2_SetConfig
                0x0000000008004cb8      0x108 ./Drivers/STM32F0xx_HAL_Driver/Src/stm32f0xx_hal_tim.o
                0x0000000008004cb8                TIM_OC2_SetConfig
 .text.TIM_OC3_SetConfig
                0x0000000008004dc0      0x10c ./Drivers/STM32F0xx_HAL_Driver/Src/stm32f0xx_hal_tim.o
 .text.TIM_OC4_SetConfig
                0x0000000008004ecc       0xd4 ./Drivers/STM32F0xx_HAL_Driver/Src/stm32f0xx_hal_tim.o
 .text.TIM_TI1_ConfigInputStage
                0x0000000008004fa0       0x5c ./Drivers/STM32F0xx_HAL_Driver/Src/stm32f0xx_hal_tim.o
 .text.TIM_TI2_ConfigInputStage
                0x0000000008004ffc       0x64 ./Drivers/STM32F0xx_HAL_Driver/Src/stm32f0xx_hal_tim.o
 .text.TIM_ITRx_SetConfig
                0x0000000008005060       0x32 ./Drivers/STM32F0xx_HAL_Driver/Src/stm32f0xx_hal_tim.o
 *fill*         0x0000000008005092        0x2 
 .text.TIM_ETR_SetConfig
                0x0000000008005094       0x40 ./Drivers/STM32F0xx_HAL_Driver/Src/stm32f0xx_hal_tim.o
                0x0000000008005094                TIM_ETR_SetConfig
 .text.TIM_CCxChannelCmd
                0x00000000080050d4       0x46 ./Drivers/STM32F0xx_HAL_Driver/Src/stm32f0xx_hal_tim.o
                0x00000000080050d4                TIM_CCxChannelCmd
 *fill*         0x000000000800511a        0x2 
 .text.HAL_TIMEx_MasterConfigSynchronization
                0x000000000800511c       0xbc ./Drivers/STM32F0xx_HAL_Driver/Src/stm32f0xx_hal_tim_ex.o
                0x000000000800511c                HAL_TIMEx_MasterConfigSynchronization
 .text.HAL_UART_Init
                0x00000000080051d8       0xa8 ./Drivers/STM32F0xx_HAL_Driver/Src/stm32f0xx_hal_uart.o
                0x00000000080051d8                HAL_UART_Init
 .text.UART_SetConfig
                0x0000000008005280      0x3d0 ./Drivers/STM32F0xx_HAL_Driver/Src/stm32f0xx_hal_uart.o
                0x0000000008005280                UART_SetConfig
 .text.UART_AdvFeatureConfig
                0x0000000008005650      0x168 ./Drivers/STM32F0xx_HAL_Driver/Src/stm32f0xx_hal_uart.o
                0x0000000008005650                UART_AdvFeatureConfig
 .text.UART_CheckIdleState
                0x00000000080057b8       0x90 ./Drivers/STM32F0xx_HAL_Driver/Src/stm32f0xx_hal_uart.o
                0x00000000080057b8                UART_CheckIdleState
 .text.UART_WaitOnFlagUntilTimeout
                0x0000000008005848      0x188 ./Drivers/STM32F0xx_HAL_Driver/Src/stm32f0xx_hal_uart.o
                0x0000000008005848                UART_WaitOnFlagUntilTimeout
 .text.osKernelInitialize
                0x00000000080059d0       0x58 ./Middlewares/Third_Party/FreeRTOS/Source/CMSIS_RTOS_V2/cmsis_os2.o
                0x00000000080059d0                osKernelInitialize
 .text.osKernelStart
                0x0000000008005a28       0x5c ./Middlewares/Third_Party/FreeRTOS/Source/CMSIS_RTOS_V2/cmsis_os2.o
                0x0000000008005a28                osKernelStart
 .text.osThreadNew
                0x0000000008005a84      0x150 ./Middlewares/Third_Party/FreeRTOS/Source/CMSIS_RTOS_V2/cmsis_os2.o
                0x0000000008005a84                osThreadNew
 .text.osDelay  0x0000000008005bd4       0x50 ./Middlewares/Third_Party/FreeRTOS/Source/CMSIS_RTOS_V2/cmsis_os2.o
                0x0000000008005bd4                osDelay
 .text.vApplicationGetIdleTaskMemory
                0x0000000008005c24       0x30 ./Middlewares/Third_Party/FreeRTOS/Source/CMSIS_RTOS_V2/cmsis_os2.o
                0x0000000008005c24                vApplicationGetIdleTaskMemory
 .text.vApplicationGetTimerTaskMemory
                0x0000000008005c54       0x30 ./Middlewares/Third_Party/FreeRTOS/Source/CMSIS_RTOS_V2/cmsis_os2.o
                0x0000000008005c54                vApplicationGetTimerTaskMemory
 .text.vListInitialise
                0x0000000008005c84       0x3c ./Middlewares/Third_Party/FreeRTOS/Source/list.o
                0x0000000008005c84                vListInitialise
 .text.vListInitialiseItem
                0x0000000008005cc0       0x16 ./Middlewares/Third_Party/FreeRTOS/Source/list.o
                0x0000000008005cc0                vListInitialiseItem
 .text.vListInsertEnd
                0x0000000008005cd6       0x44 ./Middlewares/Third_Party/FreeRTOS/Source/list.o
                0x0000000008005cd6                vListInsertEnd
 .text.vListInsert
                0x0000000008005d1a       0x6c ./Middlewares/Third_Party/FreeRTOS/Source/list.o
                0x0000000008005d1a                vListInsert
 .text.uxListRemove
                0x0000000008005d86       0x50 ./Middlewares/Third_Party/FreeRTOS/Source/list.o
                0x0000000008005d86                uxListRemove
 .text.xQueueGenericReset
                0x0000000008005dd6       0xa8 ./Middlewares/Third_Party/FreeRTOS/Source/queue.o
                0x0000000008005dd6                xQueueGenericReset
 .text.xQueueGenericCreateStatic
                0x0000000008005e7e       0x96 ./Middlewares/Third_Party/FreeRTOS/Source/queue.o
                0x0000000008005e7e                xQueueGenericCreateStatic
 .text.prvInitialiseNewQueue
                0x0000000008005f14       0x4e ./Middlewares/Third_Party/FreeRTOS/Source/queue.o
 .text.xQueueGenericSend
                0x0000000008005f62      0x188 ./Middlewares/Third_Party/FreeRTOS/Source/queue.o
                0x0000000008005f62                xQueueGenericSend
 .text.xQueueGenericSendFromISR
                0x00000000080060ea       0xe2 ./Middlewares/Third_Party/FreeRTOS/Source/queue.o
                0x00000000080060ea                xQueueGenericSendFromISR
 .text.xQueueReceive
                0x00000000080061cc      0x16a ./Middlewares/Third_Party/FreeRTOS/Source/queue.o
                0x00000000080061cc                xQueueReceive
 .text.prvCopyDataToQueue
                0x0000000008006336       0xd6 ./Middlewares/Third_Party/FreeRTOS/Source/queue.o
 .text.prvCopyDataFromQueue
                0x000000000800640c       0x4c ./Middlewares/Third_Party/FreeRTOS/Source/queue.o
 .text.prvUnlockQueue
                0x0000000008006458       0xbc ./Middlewares/Third_Party/FreeRTOS/Source/queue.o
 .text.prvIsQueueEmpty
                0x0000000008006514       0x2c ./Middlewares/Third_Party/FreeRTOS/Source/queue.o
 .text.prvIsQueueFull
                0x0000000008006540       0x30 ./Middlewares/Third_Party/FreeRTOS/Source/queue.o
 .text.vQueueAddToRegistry
                0x0000000008006570       0x50 ./Middlewares/Third_Party/FreeRTOS/Source/queue.o
                0x0000000008006570                vQueueAddToRegistry
 .text.vQueueWaitForMessageRestricted
                0x00000000080065c0       0x66 ./Middlewares/Third_Party/FreeRTOS/Source/queue.o
                0x00000000080065c0                vQueueWaitForMessageRestricted
 .text.xTaskCreateStatic
                0x0000000008006626       0x86 ./Middlewares/Third_Party/FreeRTOS/Source/tasks.o
                0x0000000008006626                xTaskCreateStatic
 .text.xTaskCreate
                0x00000000080066ac       0x98 ./Middlewares/Third_Party/FreeRTOS/Source/tasks.o
                0x00000000080066ac                xTaskCreate
 .text.prvInitialiseNewTask
                0x0000000008006744      0x130 ./Middlewares/Third_Party/FreeRTOS/Source/tasks.o
 .text.prvAddNewTaskToReadyList
                0x0000000008006874       0xd0 ./Middlewares/Third_Party/FreeRTOS/Source/tasks.o
 .text.vTaskDelay
                0x0000000008006944       0x4c ./Middlewares/Third_Party/FreeRTOS/Source/tasks.o
                0x0000000008006944                vTaskDelay
 .text.vTaskStartScheduler
                0x0000000008006990       0xbc ./Middlewares/Third_Party/FreeRTOS/Source/tasks.o
                0x0000000008006990                vTaskStartScheduler
 .text.vTaskSuspendAll
                0x0000000008006a4c       0x18 ./Middlewares/Third_Party/FreeRTOS/Source/tasks.o
                0x0000000008006a4c                vTaskSuspendAll
 .text.xTaskResumeAll
                0x0000000008006a64      0x118 ./Middlewares/Third_Party/FreeRTOS/Source/tasks.o
                0x0000000008006a64                xTaskResumeAll
 .text.xTaskGetTickCount
                0x0000000008006b7c       0x1c ./Middlewares/Third_Party/FreeRTOS/Source/tasks.o
                0x0000000008006b7c                xTaskGetTickCount
 .text.xTaskIncrementTick
                0x0000000008006b98      0x168 ./Middlewares/Third_Party/FreeRTOS/Source/tasks.o
                0x0000000008006b98                xTaskIncrementTick
 .text.vTaskSwitchContext
                0x0000000008006d00       0xb4 ./Middlewares/Third_Party/FreeRTOS/Source/tasks.o
                0x0000000008006d00                vTaskSwitchContext
 .text.vTaskPlaceOnEventList
                0x0000000008006db4       0x3c ./Middlewares/Third_Party/FreeRTOS/Source/tasks.o
                0x0000000008006db4                vTaskPlaceOnEventList
 .text.vTaskPlaceOnEventListRestricted
                0x0000000008006df0       0x4c ./Middlewares/Third_Party/FreeRTOS/Source/tasks.o
                0x0000000008006df0                vTaskPlaceOnEventListRestricted
 .text.xTaskRemoveFromEventList
                0x0000000008006e3c       0xb8 ./Middlewares/Third_Party/FreeRTOS/Source/tasks.o
                0x0000000008006e3c                xTaskRemoveFromEventList
 .text.vTaskInternalSetTimeOutState
                0x0000000008006ef4       0x28 ./Middlewares/Third_Party/FreeRTOS/Source/tasks.o
                0x0000000008006ef4                vTaskInternalSetTimeOutState
 .text.xTaskCheckForTimeOut
                0x0000000008006f1c       0xa0 ./Middlewares/Third_Party/FreeRTOS/Source/tasks.o
                0x0000000008006f1c                xTaskCheckForTimeOut
 .text.vTaskMissedYield
                0x0000000008006fbc       0x14 ./Middlewares/Third_Party/FreeRTOS/Source/tasks.o
                0x0000000008006fbc                vTaskMissedYield
 .text.prvIdleTask
                0x0000000008006fd0       0x20 ./Middlewares/Third_Party/FreeRTOS/Source/tasks.o
 .text.prvInitialiseTaskLists
                0x0000000008006ff0       0x88 ./Middlewares/Third_Party/FreeRTOS/Source/tasks.o
 .text.prvCheckTasksWaitingTermination
                0x0000000008007078       0x5c ./Middlewares/Third_Party/FreeRTOS/Source/tasks.o
 .text.prvDeleteTCB
                0x00000000080070d4       0x5a ./Middlewares/Third_Party/FreeRTOS/Source/tasks.o
 *fill*         0x000000000800712e        0x2 
 .text.prvResetNextTaskUnblockTime
                0x0000000008007130       0x48 ./Middlewares/Third_Party/FreeRTOS/Source/tasks.o
 .text.xTaskGetSchedulerState
                0x0000000008007178       0x38 ./Middlewares/Third_Party/FreeRTOS/Source/tasks.o
                0x0000000008007178                xTaskGetSchedulerState
 .text.xTaskPriorityDisinherit
                0x00000000080071b0       0xb8 ./Middlewares/Third_Party/FreeRTOS/Source/tasks.o
                0x00000000080071b0                xTaskPriorityDisinherit
 .text.prvAddCurrentTaskToDelayedList
                0x0000000008007268       0xa8 ./Middlewares/Third_Party/FreeRTOS/Source/tasks.o
 .text.xTimerCreateTimerTask
                0x0000000008007310       0x7c ./Middlewares/Third_Party/FreeRTOS/Source/timers.o
                0x0000000008007310                xTimerCreateTimerTask
 .text.xTimerGenericCommand
                0x000000000800738c       0x94 ./Middlewares/Third_Party/FreeRTOS/Source/timers.o
                0x000000000800738c                xTimerGenericCommand
 .text.prvProcessExpiredTimer
                0x0000000008007420       0x70 ./Middlewares/Third_Party/FreeRTOS/Source/timers.o
 .text.prvTimerTask
                0x0000000008007490       0x28 ./Middlewares/Third_Party/FreeRTOS/Source/timers.o
 .text.prvProcessTimerOrBlockTask
                0x00000000080074b8       0x8c ./Middlewares/Third_Party/FreeRTOS/Source/timers.o
 .text.prvGetNextExpireTime
                0x0000000008007544       0x40 ./Middlewares/Third_Party/FreeRTOS/Source/timers.o
 .text.prvSampleTimeNow
                0x0000000008007584       0x40 ./Middlewares/Third_Party/FreeRTOS/Source/timers.o
 .text.prvInsertTimerInActiveList
                0x00000000080075c4       0x84 ./Middlewares/Third_Party/FreeRTOS/Source/timers.o
 .text.prvProcessReceivedCommands
                0x0000000008007648      0x130 ./Middlewares/Third_Party/FreeRTOS/Source/timers.o
 .text.prvSwitchTimerLists
                0x0000000008007778       0xb4 ./Middlewares/Third_Party/FreeRTOS/Source/timers.o
 .text.prvCheckForValidListAndQueue
                0x000000000800782c       0x84 ./Middlewares/Third_Party/FreeRTOS/Source/timers.o
 .text.pxPortInitialiseStack
                0x00000000080078b0       0x54 ./Middlewares/Third_Party/FreeRTOS/Source/portable/GCC/ARM_CM0/port.o
                0x00000000080078b0                pxPortInitialiseStack
 .text.prvTaskExitError
                0x0000000008007904       0x30 ./Middlewares/Third_Party/FreeRTOS/Source/portable/GCC/ARM_CM0/port.o
 .text.SVC_Handler
                0x0000000008007934        0xa ./Middlewares/Third_Party/FreeRTOS/Source/portable/GCC/ARM_CM0/port.o
                0x0000000008007934                SVC_Handler
 *fill*         0x000000000800793e        0x2 
 .text.vPortStartFirstTask
                0x0000000008007940       0x38 ./Middlewares/Third_Party/FreeRTOS/Source/portable/GCC/ARM_CM0/port.o
 .text.xPortStartScheduler
                0x0000000008007978       0x48 ./Middlewares/Third_Party/FreeRTOS/Source/portable/GCC/ARM_CM0/port.o
                0x0000000008007978                xPortStartScheduler
 .text.vPortYield
                0x00000000080079c0       0x20 ./Middlewares/Third_Party/FreeRTOS/Source/portable/GCC/ARM_CM0/port.o
                0x00000000080079c0                vPortYield
 .text.vPortEnterCritical
                0x00000000080079e0       0x24 ./Middlewares/Third_Party/FreeRTOS/Source/portable/GCC/ARM_CM0/port.o
                0x00000000080079e0                vPortEnterCritical
 .text.vPortExitCritical
                0x0000000008007a04       0x30 ./Middlewares/Third_Party/FreeRTOS/Source/portable/GCC/ARM_CM0/port.o
                0x0000000008007a04                vPortExitCritical
 .text.ulSetInterruptMaskFromISR
                0x0000000008007a34        0xc ./Middlewares/Third_Party/FreeRTOS/Source/portable/GCC/ARM_CM0/port.o
                0x0000000008007a34                ulSetInterruptMaskFromISR
 .text.vClearInterruptMaskFromISR
                0x0000000008007a40        0x8 ./Middlewares/Third_Party/FreeRTOS/Source/portable/GCC/ARM_CM0/port.o
                0x0000000008007a40                vClearInterruptMaskFromISR
 *fill*         0x0000000008007a48        0x8 
 .text.PendSV_Handler
                0x0000000008007a50       0x48 ./Middlewares/Third_Party/FreeRTOS/Source/portable/GCC/ARM_CM0/port.o
                0x0000000008007a50                PendSV_Handler
 .text.xPortSysTickHandler
                0x0000000008007a98       0x34 ./Middlewares/Third_Party/FreeRTOS/Source/portable/GCC/ARM_CM0/port.o
                0x0000000008007a98                xPortSysTickHandler
 .text.prvSetupTimerInterrupt
                0x0000000008007acc       0x44 ./Middlewares/Third_Party/FreeRTOS/Source/portable/GCC/ARM_CM0/port.o
 .text.pvPortMalloc
                0x0000000008007b10      0x14c ./Middlewares/Third_Party/FreeRTOS/Source/portable/MemMang/heap_4.o
                0x0000000008007b10                pvPortMalloc
 .text.vPortFree
                0x0000000008007c5c       0x90 ./Middlewares/Third_Party/FreeRTOS/Source/portable/MemMang/heap_4.o
                0x0000000008007c5c                vPortFree
 .text.prvHeapInit
                0x0000000008007cec       0xc0 ./Middlewares/Third_Party/FreeRTOS/Source/portable/MemMang/heap_4.o
 .text.prvInsertBlockIntoFreeList
                0x0000000008007dac       0xb0 ./Middlewares/Third_Party/FreeRTOS/Source/portable/MemMang/heap_4.o
 .text.__libc_init_array
                0x0000000008007e5c       0x48 c:/st/stm32cubeide_1.10.1/stm32cubeide/plugins/com.st.stm32cube.ide.mcu.externaltools.gnu-tools-for-stm32.10.3-2021.10.win32_1.0.0.202111181127/tools/bin/../lib/gcc/arm-none-eabi/10.3.1/../../../../arm-none-eabi/lib/thumb/v6-m/nofp\libc_nano.a(lib_a-init.o)
                0x0000000008007e5c                __libc_init_array
 .text.__retarget_lock_acquire_recursive
                0x0000000008007ea4        0x2 c:/st/stm32cubeide_1.10.1/stm32cubeide/plugins/com.st.stm32cube.ide.mcu.externaltools.gnu-tools-for-stm32.10.3-2021.10.win32_1.0.0.202111181127/tools/bin/../lib/gcc/arm-none-eabi/10.3.1/../../../../arm-none-eabi/lib/thumb/v6-m/nofp\libc_nano.a(lib_a-lock.o)
                0x0000000008007ea4                __retarget_lock_acquire_recursive
 .text.__retarget_lock_release_recursive
                0x0000000008007ea6        0x2 c:/st/stm32cubeide_1.10.1/stm32cubeide/plugins/com.st.stm32cube.ide.mcu.externaltools.gnu-tools-for-stm32.10.3-2021.10.win32_1.0.0.202111181127/tools/bin/../lib/gcc/arm-none-eabi/10.3.1/../../../../arm-none-eabi/lib/thumb/v6-m/nofp\libc_nano.a(lib_a-lock.o)
                0x0000000008007ea6                __retarget_lock_release_recursive
 .text.memcpy   0x0000000008007ea8       0x12 c:/st/stm32cubeide_1.10.1/stm32cubeide/plugins/com.st.stm32cube.ide.mcu.externaltools.gnu-tools-for-stm32.10.3-2021.10.win32_1.0.0.202111181127/tools/bin/../lib/gcc/arm-none-eabi/10.3.1/../../../../arm-none-eabi/lib/thumb/v6-m/nofp\libc_nano.a(lib_a-memcpy-stub.o)
                0x0000000008007ea8                memcpy
 .text.memset   0x0000000008007eba       0x10 c:/st/stm32cubeide_1.10.1/stm32cubeide/plugins/com.st.stm32cube.ide.mcu.externaltools.gnu-tools-for-stm32.10.3-2021.10.win32_1.0.0.202111181127/tools/bin/../lib/gcc/arm-none-eabi/10.3.1/../../../../arm-none-eabi/lib/thumb/v6-m/nofp\libc_nano.a(lib_a-memset.o)
                0x0000000008007eba                memset
 .text.cleanup_glue
                0x0000000008007eca       0x1a c:/st/stm32cubeide_1.10.1/stm32cubeide/plugins/com.st.stm32cube.ide.mcu.externaltools.gnu-tools-for-stm32.10.3-2021.10.win32_1.0.0.202111181127/tools/bin/../lib/gcc/arm-none-eabi/10.3.1/../../../../arm-none-eabi/lib/thumb/v6-m/nofp\libc_nano.a(lib_a-reent.o)
                0x0000000008007eca                cleanup_glue
 .text._reclaim_reent
                0x0000000008007ee4       0xcc c:/st/stm32cubeide_1.10.1/stm32cubeide/plugins/com.st.stm32cube.ide.mcu.externaltools.gnu-tools-for-stm32.10.3-2021.10.win32_1.0.0.202111181127/tools/bin/../lib/gcc/arm-none-eabi/10.3.1/../../../../arm-none-eabi/lib/thumb/v6-m/nofp\libc_nano.a(lib_a-reent.o)
                0x0000000008007ee4                _reclaim_reent
 .text.__malloc_lock
                0x0000000008007fb0       0x10 c:/st/stm32cubeide_1.10.1/stm32cubeide/plugins/com.st.stm32cube.ide.mcu.externaltools.gnu-tools-for-stm32.10.3-2021.10.win32_1.0.0.202111181127/tools/bin/../lib/gcc/arm-none-eabi/10.3.1/../../../../arm-none-eabi/lib/thumb/v6-m/nofp\libc_nano.a(lib_a-mlock.o)
                0x0000000008007fb0                __malloc_lock
 .text.__malloc_unlock
                0x0000000008007fc0       0x10 c:/st/stm32cubeide_1.10.1/stm32cubeide/plugins/com.st.stm32cube.ide.mcu.externaltools.gnu-tools-for-stm32.10.3-2021.10.win32_1.0.0.202111181127/tools/bin/../lib/gcc/arm-none-eabi/10.3.1/../../../../arm-none-eabi/lib/thumb/v6-m/nofp\libc_nano.a(lib_a-mlock.o)
                0x0000000008007fc0                __malloc_unlock
 .text._free_r  0x0000000008007fd0       0x94 c:/st/stm32cubeide_1.10.1/stm32cubeide/plugins/com.st.stm32cube.ide.mcu.externaltools.gnu-tools-for-stm32.10.3-2021.10.win32_1.0.0.202111181127/tools/bin/../lib/gcc/arm-none-eabi/10.3.1/../../../../arm-none-eabi/lib/thumb/v6-m/nofp\libc_nano.a(lib_a-nano-freer.o)
                0x0000000008007fd0                _free_r
 *(.glue_7)
 .glue_7        0x0000000008008064        0x0 linker stubs
 *(.glue_7t)
 .glue_7t       0x0000000008008064        0x0 linker stubs
 *(.eh_frame)
 .eh_frame      0x0000000008008064        0x0 c:/st/stm32cubeide_1.10.1/stm32cubeide/plugins/com.st.stm32cube.ide.mcu.externaltools.gnu-tools-for-stm32.10.3-2021.10.win32_1.0.0.202111181127/tools/bin/../lib/gcc/arm-none-eabi/10.3.1/thumb/v6-m/nofp/crtbegin.o
 *(.init)
 .init          0x0000000008008064        0x4 c:/st/stm32cubeide_1.10.1/stm32cubeide/plugins/com.st.stm32cube.ide.mcu.externaltools.gnu-tools-for-stm32.10.3-2021.10.win32_1.0.0.202111181127/tools/bin/../lib/gcc/arm-none-eabi/10.3.1/thumb/v6-m/nofp/crti.o
                0x0000000008008064                _init
 .init          0x0000000008008068        0x8 c:/st/stm32cubeide_1.10.1/stm32cubeide/plugins/com.st.stm32cube.ide.mcu.externaltools.gnu-tools-for-stm32.10.3-2021.10.win32_1.0.0.202111181127/tools/bin/../lib/gcc/arm-none-eabi/10.3.1/thumb/v6-m/nofp/crtn.o
 *(.fini)
 .fini          0x0000000008008070        0x4 c:/st/stm32cubeide_1.10.1/stm32cubeide/plugins/com.st.stm32cube.ide.mcu.externaltools.gnu-tools-for-stm32.10.3-2021.10.win32_1.0.0.202111181127/tools/bin/../lib/gcc/arm-none-eabi/10.3.1/thumb/v6-m/nofp/crti.o
                0x0000000008008070                _fini
 .fini          0x0000000008008074        0x8 c:/st/stm32cubeide_1.10.1/stm32cubeide/plugins/com.st.stm32cube.ide.mcu.externaltools.gnu-tools-for-stm32.10.3-2021.10.win32_1.0.0.202111181127/tools/bin/../lib/gcc/arm-none-eabi/10.3.1/thumb/v6-m/nofp/crtn.o
                0x000000000800807c                . = ALIGN (0x4)
                0x000000000800807c                _etext = .

.vfp11_veneer   0x000000000800807c        0x0
 .vfp11_veneer  0x000000000800807c        0x0 linker stubs

.v4_bx          0x000000000800807c        0x0
 .v4_bx         0x000000000800807c        0x0 linker stubs

.iplt           0x000000000800807c        0x0
 .iplt          0x000000000800807c        0x0 c:/st/stm32cubeide_1.10.1/stm32cubeide/plugins/com.st.stm32cube.ide.mcu.externaltools.gnu-tools-for-stm32.10.3-2021.10.win32_1.0.0.202111181127/tools/bin/../lib/gcc/arm-none-eabi/10.3.1/thumb/v6-m/nofp/crtbegin.o

.rodata         0x000000000800807c      0x1ec
                0x000000000800807c                . = ALIGN (0x4)
 *(.rodata)
 .rodata        0x000000000800807c       0x20 ./Core/Src/main.o
 .rodata        0x000000000800809c       0x20 ./Drivers/STM32F0xx_HAL_Driver/Src/stm32f0xx_hal_rcc.o
 .rodata        0x00000000080080bc        0x5 ./Middlewares/Third_Party/FreeRTOS/Source/tasks.o
 *fill*         0x00000000080080c1        0x3 
 .rodata        0x00000000080080c4        0xd ./Middlewares/Third_Party/FreeRTOS/Source/timers.o
 *(.rodata*)
 *fill*         0x00000000080080d1        0x3 
 .rodata.Display_master_function
                0x00000000080080d4       0x1c ./Core/Src/function_display.o
 .rodata.Servo_master_function
                0x00000000080080f0       0x18 ./Core/Src/function_servo.o
 .rodata.Servo_attributes
                0x0000000008008108       0x24 ./Core/Src/main.o
                0x0000000008008108                Servo_attributes
 .rodata.Joystick_attributes
                0x000000000800812c       0x24 ./Core/Src/main.o
                0x000000000800812c                Joystick_attributes
 .rodata.LCD_attributes
                0x0000000008008150       0x24 ./Core/Src/main.o
                0x0000000008008150                LCD_attributes
 .rodata.Counter_attributes
                0x0000000008008174       0x24 ./Core/Src/main.o
                0x0000000008008174                Counter_attributes
 .rodata.Task_Servo
                0x0000000008008198       0x18 ./Core/Src/main.o
 .rodata.Task_LCD
                0x00000000080081b0       0x18 ./Core/Src/main.o
 .rodata.AHBPrescTable
                0x00000000080081c8       0x10 ./Core/Src/system_stm32f0xx.o
                0x00000000080081c8                AHBPrescTable
 .rodata.APBPrescTable
                0x00000000080081d8        0x8 ./Core/Src/system_stm32f0xx.o
                0x00000000080081d8                APBPrescTable
 .rodata.prvProcessReceivedCommands
                0x00000000080081e0       0x28 ./Middlewares/Third_Party/FreeRTOS/Source/timers.o
 .rodata.__sf_fake_stderr
                0x0000000008008208       0x20 c:/st/stm32cubeide_1.10.1/stm32cubeide/plugins/com.st.stm32cube.ide.mcu.externaltools.gnu-tools-for-stm32.10.3-2021.10.win32_1.0.0.202111181127/tools/bin/../lib/gcc/arm-none-eabi/10.3.1/../../../../arm-none-eabi/lib/thumb/v6-m/nofp\libc_nano.a(lib_a-findfp.o)
                0x0000000008008208                __sf_fake_stderr
 .rodata.__sf_fake_stdin
                0x0000000008008228       0x20 c:/st/stm32cubeide_1.10.1/stm32cubeide/plugins/com.st.stm32cube.ide.mcu.externaltools.gnu-tools-for-stm32.10.3-2021.10.win32_1.0.0.202111181127/tools/bin/../lib/gcc/arm-none-eabi/10.3.1/../../../../arm-none-eabi/lib/thumb/v6-m/nofp\libc_nano.a(lib_a-findfp.o)
                0x0000000008008228                __sf_fake_stdin
 .rodata.__sf_fake_stdout
                0x0000000008008248       0x20 c:/st/stm32cubeide_1.10.1/stm32cubeide/plugins/com.st.stm32cube.ide.mcu.externaltools.gnu-tools-for-stm32.10.3-2021.10.win32_1.0.0.202111181127/tools/bin/../lib/gcc/arm-none-eabi/10.3.1/../../../../arm-none-eabi/lib/thumb/v6-m/nofp\libc_nano.a(lib_a-findfp.o)
                0x0000000008008248                __sf_fake_stdout
                0x0000000008008268                . = ALIGN (0x4)

.rel.dyn        0x0000000008008268        0x0
 .rel.iplt      0x0000000008008268        0x0 c:/st/stm32cubeide_1.10.1/stm32cubeide/plugins/com.st.stm32cube.ide.mcu.externaltools.gnu-tools-for-stm32.10.3-2021.10.win32_1.0.0.202111181127/tools/bin/../lib/gcc/arm-none-eabi/10.3.1/thumb/v6-m/nofp/crtbegin.o

.ARM.extab      0x0000000008008268        0x0
                0x0000000008008268                . = ALIGN (0x4)
 *(.ARM.extab* .gnu.linkonce.armextab.*)
                0x0000000008008268                . = ALIGN (0x4)

.ARM            0x0000000008008268        0x0
                0x0000000008008268                . = ALIGN (0x4)
                0x0000000008008268                __exidx_start = .
 *(.ARM.exidx*)
                0x0000000008008268                __exidx_end = .
                0x0000000008008268                . = ALIGN (0x4)

.preinit_array  0x0000000008008268        0x0
                0x0000000008008268                . = ALIGN (0x4)
                0x0000000008008268                PROVIDE (__preinit_array_start = .)
 *(.preinit_array*)
                0x0000000008008268                PROVIDE (__preinit_array_end = .)
                0x0000000008008268                . = ALIGN (0x4)

.init_array     0x0000000008008268        0x4
                0x0000000008008268                . = ALIGN (0x4)
                0x0000000008008268                PROVIDE (__init_array_start = .)
 *(SORT_BY_NAME(.init_array.*))
 *(.init_array*)
 .init_array    0x0000000008008268        0x4 c:/st/stm32cubeide_1.10.1/stm32cubeide/plugins/com.st.stm32cube.ide.mcu.externaltools.gnu-tools-for-stm32.10.3-2021.10.win32_1.0.0.202111181127/tools/bin/../lib/gcc/arm-none-eabi/10.3.1/thumb/v6-m/nofp/crtbegin.o
                0x000000000800826c                PROVIDE (__init_array_end = .)
                0x000000000800826c                . = ALIGN (0x4)

.fini_array     0x000000000800826c        0x4
                0x000000000800826c                . = ALIGN (0x4)
                [!provide]                        PROVIDE (__fini_array_start = .)
 *(SORT_BY_NAME(.fini_array.*))
 *(.fini_array*)
 .fini_array    0x000000000800826c        0x4 c:/st/stm32cubeide_1.10.1/stm32cubeide/plugins/com.st.stm32cube.ide.mcu.externaltools.gnu-tools-for-stm32.10.3-2021.10.win32_1.0.0.202111181127/tools/bin/../lib/gcc/arm-none-eabi/10.3.1/thumb/v6-m/nofp/crtbegin.o
                [!provide]                        PROVIDE (__fini_array_end = .)
                0x0000000008008270                . = ALIGN (0x4)
                0x0000000008008270                _sidata = LOADADDR (.data)

.data           0x0000000020000000     0x2884 load address 0x0000000008008270
                0x0000000020000000                . = ALIGN (0x4)
                0x0000000020000000                _sdata = .
 *(.data)
 *(.data*)
 .data.starter_1
                0x0000000020000000      0x400 ./Core/Src/function_icons.o
                0x0000000020000000                starter_1
 .data.starter_2
                0x0000000020000400      0x400 ./Core/Src/function_icons.o
                0x0000000020000400                starter_2
 .data.starter_3
                0x0000000020000800      0x400 ./Core/Src/function_icons.o
                0x0000000020000800                starter_3
 .data.icon_x1  0x0000000020000c00      0x400 ./Core/Src/function_icons.o
                0x0000000020000c00                icon_x1
 .data.icon_treapta_1
                0x0000000020001000      0x400 ./Core/Src/function_icons.o
                0x0000000020001000                icon_treapta_1
 .data.icon_treapta_2
                0x0000000020001400      0x400 ./Core/Src/function_icons.o
                0x0000000020001400                icon_treapta_2
 .data.icon_treapta_3
                0x0000000020001800      0x400 ./Core/Src/function_icons.o
                0x0000000020001800                icon_treapta_3
 .data.icon_spalare_parbriz
                0x0000000020001c00      0x400 ./Core/Src/function_icons.o
                0x0000000020001c00                icon_spalare_parbriz
 .data.icon_spalare_luneta
                0x0000000020002000      0x400 ./Core/Src/function_icons.o
                0x0000000020002000                icon_spalare_luneta
 .data.buffer   0x0000000020002400      0x400 ./Core/Src/lcd_st7565.o
                0x0000000020002400                buffer
 .data.pagemap  0x0000000020002800        0x8 ./Core/Src/lcd_st7565.o
                0x0000000020002800                pagemap
 .data.change_speed
                0x0000000020002808        0x4 ./Core/Src/main.o
                0x0000000020002808                change_speed
 .data.is_first_swipe
                0x000000002000280c        0x4 ./Core/Src/main.o
                0x000000002000280c                is_first_swipe
 .data.SystemCoreClock
                0x0000000020002810        0x4 ./Core/Src/system_stm32f0xx.o
                0x0000000020002810                SystemCoreClock
 .data.uwTickPrio
                0x0000000020002814        0x4 ./Drivers/STM32F0xx_HAL_Driver/Src/stm32f0xx_hal.o
                0x0000000020002814                uwTickPrio
 .data.uwTickFreq
                0x0000000020002818        0x1 ./Drivers/STM32F0xx_HAL_Driver/Src/stm32f0xx_hal.o
                0x0000000020002818                uwTickFreq
 *fill*         0x0000000020002819        0x3 
 .data.uxCriticalNesting
                0x000000002000281c        0x4 ./Middlewares/Third_Party/FreeRTOS/Source/portable/GCC/ARM_CM0/port.o
 .data._impure_ptr
                0x0000000020002820        0x4 c:/st/stm32cubeide_1.10.1/stm32cubeide/plugins/com.st.stm32cube.ide.mcu.externaltools.gnu-tools-for-stm32.10.3-2021.10.win32_1.0.0.202111181127/tools/bin/../lib/gcc/arm-none-eabi/10.3.1/../../../../arm-none-eabi/lib/thumb/v6-m/nofp\libc_nano.a(lib_a-impure.o)
                0x0000000020002820                _impure_ptr
 .data.impure_data
                0x0000000020002824       0x60 c:/st/stm32cubeide_1.10.1/stm32cubeide/plugins/com.st.stm32cube.ide.mcu.externaltools.gnu-tools-for-stm32.10.3-2021.10.win32_1.0.0.202111181127/tools/bin/../lib/gcc/arm-none-eabi/10.3.1/../../../../arm-none-eabi/lib/thumb/v6-m/nofp\libc_nano.a(lib_a-impure.o)
 *(.RamFunc)
 *(.RamFunc*)
                0x0000000020002884                . = ALIGN (0x4)
                0x0000000020002884                _edata = .

.igot.plt       0x0000000020002884        0x0 load address 0x000000000800aaf4
 .igot.plt      0x0000000020002884        0x0 c:/st/stm32cubeide_1.10.1/stm32cubeide/plugins/com.st.stm32cube.ide.mcu.externaltools.gnu-tools-for-stm32.10.3-2021.10.win32_1.0.0.202111181127/tools/bin/../lib/gcc/arm-none-eabi/10.3.1/thumb/v6-m/nofp/crtbegin.o
                0x0000000020002884                . = ALIGN (0x4)

.bss            0x0000000020002884     0x1c74 load address 0x000000000800aaf4
                0x0000000020002884                _sbss = .
                0x0000000020002884                __bss_start__ = _sbss
 *(.bss)
 .bss           0x0000000020002884       0x1c c:/st/stm32cubeide_1.10.1/stm32cubeide/plugins/com.st.stm32cube.ide.mcu.externaltools.gnu-tools-for-stm32.10.3-2021.10.win32_1.0.0.202111181127/tools/bin/../lib/gcc/arm-none-eabi/10.3.1/thumb/v6-m/nofp/crtbegin.o
 *(.bss*)
 .bss.was_screen_cleared
                0x00000000200028a0        0x4 ./Core/Src/function_display.o
                0x00000000200028a0                was_screen_cleared
 .bss.is_display_busy
                0x00000000200028a4        0x4 ./Core/Src/function_display.o
                0x00000000200028a4                is_display_busy
 .bss.hadc      0x00000000200028a8       0x40 ./Core/Src/main.o
                0x00000000200028a8                hadc
 .bss.hdma_adc  0x00000000200028e8       0x44 ./Core/Src/main.o
                0x00000000200028e8                hdma_adc
 .bss.hspi1     0x000000002000292c       0x64 ./Core/Src/main.o
                0x000000002000292c                hspi1
 .bss.htim3     0x0000000020002990       0x48 ./Core/Src/main.o
                0x0000000020002990                htim3
 .bss.hdma_tim3_ch4_up
                0x00000000200029d8       0x44 ./Core/Src/main.o
                0x00000000200029d8                hdma_tim3_ch4_up
 .bss.huart2    0x0000000020002a1c       0x84 ./Core/Src/main.o
                0x0000000020002a1c                huart2
 .bss.ServoHandle
                0x0000000020002aa0        0x4 ./Core/Src/main.o
                0x0000000020002aa0                ServoHandle
 .bss.JoystickHandle
                0x0000000020002aa4        0x4 ./Core/Src/main.o
                0x0000000020002aa4                JoystickHandle
 .bss.LCDHandle
                0x0000000020002aa8        0x4 ./Core/Src/main.o
                0x0000000020002aa8                LCDHandle
 .bss.CounterHandle
                0x0000000020002aac        0x4 ./Core/Src/main.o
                0x0000000020002aac                CounterHandle
 .bss.current_speed
                0x0000000020002ab0        0x4 ./Core/Src/main.o
                0x0000000020002ab0                current_speed
 .bss.averaged_ADC_values
                0x0000000020002ab4        0xc ./Core/Src/main.o
                0x0000000020002ab4                averaged_ADC_values
 .bss.instant_ADC_values
                0x0000000020002ac0        0xc ./Core/Src/main.o
                0x0000000020002ac0                instant_ADC_values
 .bss.lucru_in_trepte
                0x0000000020002acc        0x4 ./Core/Src/main.o
                0x0000000020002acc                lucru_in_trepte
 .bss.servo_mode
                0x0000000020002ad0        0x4 ./Core/Src/main.o
                0x0000000020002ad0                servo_mode
 .bss.display_mode
                0x0000000020002ad4        0x4 ./Core/Src/main.o
                0x0000000020002ad4                display_mode
 .bss.system_initialized
                0x0000000020002ad8        0x4 ./Core/Src/main.o
                0x0000000020002ad8                system_initialized
 .bss.timer     0x0000000020002adc        0x4 ./Core/Src/main.o
                0x0000000020002adc                timer
 .bss.aux_timer
                0x0000000020002ae0        0x4 ./Core/Src/main.o
                0x0000000020002ae0                aux_timer
 .bss.abort_signal
                0x0000000020002ae4        0x4 ./Core/Src/main.o
                0x0000000020002ae4                abort_signal
 .bss.stop      0x0000000020002ae8        0x4 ./Core/Src/main.o
                0x0000000020002ae8                stop
 .bss.uwTick    0x0000000020002aec        0x4 ./Drivers/STM32F0xx_HAL_Driver/Src/stm32f0xx_hal.o
                0x0000000020002aec                uwTick
 .bss.KernelState
                0x0000000020002af0        0x4 ./Middlewares/Third_Party/FreeRTOS/Source/CMSIS_RTOS_V2/cmsis_os2.o
 .bss.Idle_TCB  0x0000000020002af4       0xbc ./Middlewares/Third_Party/FreeRTOS/Source/CMSIS_RTOS_V2/cmsis_os2.o
 .bss.Idle_Stack
                0x0000000020002bb0      0x200 ./Middlewares/Third_Party/FreeRTOS/Source/CMSIS_RTOS_V2/cmsis_os2.o
 .bss.Timer_TCB
                0x0000000020002db0       0xbc ./Middlewares/Third_Party/FreeRTOS/Source/CMSIS_RTOS_V2/cmsis_os2.o
 .bss.Timer_Stack
                0x0000000020002e6c      0x400 ./Middlewares/Third_Party/FreeRTOS/Source/CMSIS_RTOS_V2/cmsis_os2.o
 .bss.xQueueRegistry
                0x000000002000326c       0x40 ./Middlewares/Third_Party/FreeRTOS/Source/queue.o
                0x000000002000326c                xQueueRegistry
 .bss.pxCurrentTCB
                0x00000000200032ac        0x4 ./Middlewares/Third_Party/FreeRTOS/Source/tasks.o
                0x00000000200032ac                pxCurrentTCB
 .bss.pxReadyTasksLists
                0x00000000200032b0      0x460 ./Middlewares/Third_Party/FreeRTOS/Source/tasks.o
 .bss.xDelayedTaskList1
                0x0000000020003710       0x14 ./Middlewares/Third_Party/FreeRTOS/Source/tasks.o
 .bss.xDelayedTaskList2
                0x0000000020003724       0x14 ./Middlewares/Third_Party/FreeRTOS/Source/tasks.o
 .bss.pxDelayedTaskList
                0x0000000020003738        0x4 ./Middlewares/Third_Party/FreeRTOS/Source/tasks.o
 .bss.pxOverflowDelayedTaskList
                0x000000002000373c        0x4 ./Middlewares/Third_Party/FreeRTOS/Source/tasks.o
 .bss.xPendingReadyList
                0x0000000020003740       0x14 ./Middlewares/Third_Party/FreeRTOS/Source/tasks.o
 .bss.xTasksWaitingTermination
                0x0000000020003754       0x14 ./Middlewares/Third_Party/FreeRTOS/Source/tasks.o
 .bss.uxDeletedTasksWaitingCleanUp
                0x0000000020003768        0x4 ./Middlewares/Third_Party/FreeRTOS/Source/tasks.o
 .bss.xSuspendedTaskList
                0x000000002000376c       0x14 ./Middlewares/Third_Party/FreeRTOS/Source/tasks.o
 .bss.uxCurrentNumberOfTasks
                0x0000000020003780        0x4 ./Middlewares/Third_Party/FreeRTOS/Source/tasks.o
 .bss.xTickCount
                0x0000000020003784        0x4 ./Middlewares/Third_Party/FreeRTOS/Source/tasks.o
 .bss.uxTopReadyPriority
                0x0000000020003788        0x4 ./Middlewares/Third_Party/FreeRTOS/Source/tasks.o
 .bss.xSchedulerRunning
                0x000000002000378c        0x4 ./Middlewares/Third_Party/FreeRTOS/Source/tasks.o
 .bss.uxPendedTicks
                0x0000000020003790        0x4 ./Middlewares/Third_Party/FreeRTOS/Source/tasks.o
 .bss.xYieldPending
                0x0000000020003794        0x4 ./Middlewares/Third_Party/FreeRTOS/Source/tasks.o
 .bss.xNumOfOverflows
                0x0000000020003798        0x4 ./Middlewares/Third_Party/FreeRTOS/Source/tasks.o
 .bss.uxTaskNumber
                0x000000002000379c        0x4 ./Middlewares/Third_Party/FreeRTOS/Source/tasks.o
 .bss.xNextTaskUnblockTime
                0x00000000200037a0        0x4 ./Middlewares/Third_Party/FreeRTOS/Source/tasks.o
 .bss.xIdleTaskHandle
                0x00000000200037a4        0x4 ./Middlewares/Third_Party/FreeRTOS/Source/tasks.o
 .bss.uxSchedulerSuspended
                0x00000000200037a8        0x4 ./Middlewares/Third_Party/FreeRTOS/Source/tasks.o
 .bss.xActiveTimerList1
                0x00000000200037ac       0x14 ./Middlewares/Third_Party/FreeRTOS/Source/timers.o
 .bss.xActiveTimerList2
                0x00000000200037c0       0x14 ./Middlewares/Third_Party/FreeRTOS/Source/timers.o
 .bss.pxCurrentTimerList
                0x00000000200037d4        0x4 ./Middlewares/Third_Party/FreeRTOS/Source/timers.o
 .bss.pxOverflowTimerList
                0x00000000200037d8        0x4 ./Middlewares/Third_Party/FreeRTOS/Source/timers.o
 .bss.xTimerQueue
                0x00000000200037dc        0x4 ./Middlewares/Third_Party/FreeRTOS/Source/timers.o
 .bss.xTimerTaskHandle
                0x00000000200037e0        0x4 ./Middlewares/Third_Party/FreeRTOS/Source/timers.o
 .bss.xLastTime.2
                0x00000000200037e4        0x4 ./Middlewares/Third_Party/FreeRTOS/Source/timers.o
 .bss.ucStaticTimerQueueStorage.1
                0x00000000200037e8       0xa0 ./Middlewares/Third_Party/FreeRTOS/Source/timers.o
 .bss.xStaticTimerQueue.0
                0x0000000020003888       0x50 ./Middlewares/Third_Party/FreeRTOS/Source/timers.o
 .bss.ucHeap    0x00000000200038d8      0xc00 ./Middlewares/Third_Party/FreeRTOS/Source/portable/MemMang/heap_4.o
 .bss.xStart    0x00000000200044d8        0x8 ./Middlewares/Third_Party/FreeRTOS/Source/portable/MemMang/heap_4.o
 .bss.pxEnd     0x00000000200044e0        0x4 ./Middlewares/Third_Party/FreeRTOS/Source/portable/MemMang/heap_4.o
 .bss.xFreeBytesRemaining
                0x00000000200044e4        0x4 ./Middlewares/Third_Party/FreeRTOS/Source/portable/MemMang/heap_4.o
 .bss.xMinimumEverFreeBytesRemaining
                0x00000000200044e8        0x4 ./Middlewares/Third_Party/FreeRTOS/Source/portable/MemMang/heap_4.o
 .bss.xBlockAllocatedBit
                0x00000000200044ec        0x4 ./Middlewares/Third_Party/FreeRTOS/Source/portable/MemMang/heap_4.o
 .bss.__lock___malloc_recursive_mutex
                0x00000000200044f0        0x1 c:/st/stm32cubeide_1.10.1/stm32cubeide/plugins/com.st.stm32cube.ide.mcu.externaltools.gnu-tools-for-stm32.10.3-2021.10.win32_1.0.0.202111181127/tools/bin/../lib/gcc/arm-none-eabi/10.3.1/../../../../arm-none-eabi/lib/thumb/v6-m/nofp\libc_nano.a(lib_a-lock.o)
                0x00000000200044f0                __lock___malloc_recursive_mutex
 *fill*         0x00000000200044f1        0x3 
 .bss.__malloc_free_list
                0x00000000200044f4        0x4 c:/st/stm32cubeide_1.10.1/stm32cubeide/plugins/com.st.stm32cube.ide.mcu.externaltools.gnu-tools-for-stm32.10.3-2021.10.win32_1.0.0.202111181127/tools/bin/../lib/gcc/arm-none-eabi/10.3.1/../../../../arm-none-eabi/lib/thumb/v6-m/nofp\libc_nano.a(lib_a-nano-mallocr.o)
                0x00000000200044f4                __malloc_free_list
 *(COMMON)
                0x00000000200044f8                . = ALIGN (0x4)
                0x00000000200044f8                _ebss = .
                0x00000000200044f8                __bss_end__ = _ebss

._user_heap_stack
                0x00000000200044f8      0x600 load address 0x000000000800aaf4
                0x00000000200044f8                . = ALIGN (0x8)
                [!provide]                        PROVIDE (end = .)
                0x00000000200044f8                PROVIDE (_end = .)
                0x00000000200046f8                . = (. + _Min_Heap_Size)
 *fill*         0x00000000200044f8      0x200 
                0x0000000020004af8                . = (. + _Min_Stack_Size)
 *fill*         0x00000000200046f8      0x400 
                0x0000000020004af8                . = ALIGN (0x8)

/DISCARD/
 libc.a(*)
 libm.a(*)
 libgcc.a(*)

.ARM.attributes
                0x0000000000000000       0x28
 *(.ARM.attributes)
 .ARM.attributes
                0x0000000000000000       0x1e c:/st/stm32cubeide_1.10.1/stm32cubeide/plugins/com.st.stm32cube.ide.mcu.externaltools.gnu-tools-for-stm32.10.3-2021.10.win32_1.0.0.202111181127/tools/bin/../lib/gcc/arm-none-eabi/10.3.1/thumb/v6-m/nofp/crti.o
 .ARM.attributes
                0x000000000000001e       0x2c c:/st/stm32cubeide_1.10.1/stm32cubeide/plugins/com.st.stm32cube.ide.mcu.externaltools.gnu-tools-for-stm32.10.3-2021.10.win32_1.0.0.202111181127/tools/bin/../lib/gcc/arm-none-eabi/10.3.1/thumb/v6-m/nofp/crtbegin.o
 .ARM.attributes
                0x000000000000004a       0x2c ./Core/Src/function_display.o
 .ARM.attributes
                0x0000000000000076       0x2c ./Core/Src/function_icons.o
 .ARM.attributes
                0x00000000000000a2       0x2c ./Core/Src/function_servo.o
 .ARM.attributes
                0x00000000000000ce       0x2c ./Core/Src/lcd_st7565.o
 .ARM.attributes
                0x00000000000000fa       0x2c ./Core/Src/main.o
 .ARM.attributes
                0x0000000000000126       0x2c ./Core/Src/stm32f0xx_hal_msp.o
 .ARM.attributes
                0x0000000000000152       0x2c ./Core/Src/stm32f0xx_it.o
 .ARM.attributes
                0x000000000000017e       0x2c ./Core/Src/system_stm32f0xx.o
 .ARM.attributes
                0x00000000000001aa       0x21 ./Core/Startup/startup_stm32f091rctx.o
 .ARM.attributes
                0x00000000000001cb       0x2c ./Drivers/STM32F0xx_HAL_Driver/Src/stm32f0xx_hal.o
 .ARM.attributes
                0x00000000000001f7       0x2c ./Drivers/STM32F0xx_HAL_Driver/Src/stm32f0xx_hal_adc.o
 .ARM.attributes
                0x0000000000000223       0x2c ./Drivers/STM32F0xx_HAL_Driver/Src/stm32f0xx_hal_cortex.o
 .ARM.attributes
                0x000000000000024f       0x2c ./Drivers/STM32F0xx_HAL_Driver/Src/stm32f0xx_hal_dma.o
 .ARM.attributes
                0x000000000000027b       0x2c ./Drivers/STM32F0xx_HAL_Driver/Src/stm32f0xx_hal_gpio.o
 .ARM.attributes
                0x00000000000002a7       0x2c ./Drivers/STM32F0xx_HAL_Driver/Src/stm32f0xx_hal_rcc.o
 .ARM.attributes
                0x00000000000002d3       0x2c ./Drivers/STM32F0xx_HAL_Driver/Src/stm32f0xx_hal_rcc_ex.o
 .ARM.attributes
                0x00000000000002ff       0x2c ./Drivers/STM32F0xx_HAL_Driver/Src/stm32f0xx_hal_spi.o
 .ARM.attributes
                0x000000000000032b       0x2c ./Drivers/STM32F0xx_HAL_Driver/Src/stm32f0xx_hal_tim.o
 .ARM.attributes
                0x0000000000000357       0x2c ./Drivers/STM32F0xx_HAL_Driver/Src/stm32f0xx_hal_tim_ex.o
 .ARM.attributes
                0x0000000000000383       0x2c ./Drivers/STM32F0xx_HAL_Driver/Src/stm32f0xx_hal_uart.o
 .ARM.attributes
                0x00000000000003af       0x2c ./Middlewares/Third_Party/FreeRTOS/Source/CMSIS_RTOS_V2/cmsis_os2.o
 .ARM.attributes
                0x00000000000003db       0x2c ./Middlewares/Third_Party/FreeRTOS/Source/list.o
 .ARM.attributes
                0x0000000000000407       0x2c ./Middlewares/Third_Party/FreeRTOS/Source/queue.o
 .ARM.attributes
                0x0000000000000433       0x2c ./Middlewares/Third_Party/FreeRTOS/Source/tasks.o
 .ARM.attributes
                0x000000000000045f       0x2c ./Middlewares/Third_Party/FreeRTOS/Source/timers.o
 .ARM.attributes
                0x000000000000048b       0x2c ./Middlewares/Third_Party/FreeRTOS/Source/portable/GCC/ARM_CM0/port.o
 .ARM.attributes
                0x00000000000004b7       0x2c ./Middlewares/Third_Party/FreeRTOS/Source/portable/MemMang/heap_4.o
 .ARM.attributes
                0x00000000000004e3       0x2c c:/st/stm32cubeide_1.10.1/stm32cubeide/plugins/com.st.stm32cube.ide.mcu.externaltools.gnu-tools-for-stm32.10.3-2021.10.win32_1.0.0.202111181127/tools/bin/../lib/gcc/arm-none-eabi/10.3.1/../../../../arm-none-eabi/lib/thumb/v6-m/nofp\libc_nano.a(lib_a-findfp.o)
 .ARM.attributes
                0x000000000000050f       0x2c c:/st/stm32cubeide_1.10.1/stm32cubeide/plugins/com.st.stm32cube.ide.mcu.externaltools.gnu-tools-for-stm32.10.3-2021.10.win32_1.0.0.202111181127/tools/bin/../lib/gcc/arm-none-eabi/10.3.1/../../../../arm-none-eabi/lib/thumb/v6-m/nofp\libc_nano.a(lib_a-impure.o)
 .ARM.attributes
                0x000000000000053b       0x2c c:/st/stm32cubeide_1.10.1/stm32cubeide/plugins/com.st.stm32cube.ide.mcu.externaltools.gnu-tools-for-stm32.10.3-2021.10.win32_1.0.0.202111181127/tools/bin/../lib/gcc/arm-none-eabi/10.3.1/../../../../arm-none-eabi/lib/thumb/v6-m/nofp\libc_nano.a(lib_a-init.o)
 .ARM.attributes
                0x0000000000000567       0x2c c:/st/stm32cubeide_1.10.1/stm32cubeide/plugins/com.st.stm32cube.ide.mcu.externaltools.gnu-tools-for-stm32.10.3-2021.10.win32_1.0.0.202111181127/tools/bin/../lib/gcc/arm-none-eabi/10.3.1/../../../../arm-none-eabi/lib/thumb/v6-m/nofp\libc_nano.a(lib_a-lock.o)
 .ARM.attributes
                0x0000000000000593       0x2c c:/st/stm32cubeide_1.10.1/stm32cubeide/plugins/com.st.stm32cube.ide.mcu.externaltools.gnu-tools-for-stm32.10.3-2021.10.win32_1.0.0.202111181127/tools/bin/../lib/gcc/arm-none-eabi/10.3.1/../../../../arm-none-eabi/lib/thumb/v6-m/nofp\libc_nano.a(lib_a-memcpy-stub.o)
 .ARM.attributes
                0x00000000000005bf       0x2c c:/st/stm32cubeide_1.10.1/stm32cubeide/plugins/com.st.stm32cube.ide.mcu.externaltools.gnu-tools-for-stm32.10.3-2021.10.win32_1.0.0.202111181127/tools/bin/../lib/gcc/arm-none-eabi/10.3.1/../../../../arm-none-eabi/lib/thumb/v6-m/nofp\libc_nano.a(lib_a-memset.o)
 .ARM.attributes
                0x00000000000005eb       0x2c c:/st/stm32cubeide_1.10.1/stm32cubeide/plugins/com.st.stm32cube.ide.mcu.externaltools.gnu-tools-for-stm32.10.3-2021.10.win32_1.0.0.202111181127/tools/bin/../lib/gcc/arm-none-eabi/10.3.1/../../../../arm-none-eabi/lib/thumb/v6-m/nofp\libc_nano.a(lib_a-nano-mallocr.o)
 .ARM.attributes
                0x0000000000000617       0x2c c:/st/stm32cubeide_1.10.1/stm32cubeide/plugins/com.st.stm32cube.ide.mcu.externaltools.gnu-tools-for-stm32.10.3-2021.10.win32_1.0.0.202111181127/tools/bin/../lib/gcc/arm-none-eabi/10.3.1/../../../../arm-none-eabi/lib/thumb/v6-m/nofp\libc_nano.a(lib_a-reent.o)
 .ARM.attributes
                0x0000000000000643       0x2c c:/st/stm32cubeide_1.10.1/stm32cubeide/plugins/com.st.stm32cube.ide.mcu.externaltools.gnu-tools-for-stm32.10.3-2021.10.win32_1.0.0.202111181127/tools/bin/../lib/gcc/arm-none-eabi/10.3.1/../../../../arm-none-eabi/lib/thumb/v6-m/nofp\libc_nano.a(lib_a-mlock.o)
 .ARM.attributes
                0x000000000000066f       0x2c c:/st/stm32cubeide_1.10.1/stm32cubeide/plugins/com.st.stm32cube.ide.mcu.externaltools.gnu-tools-for-stm32.10.3-2021.10.win32_1.0.0.202111181127/tools/bin/../lib/gcc/arm-none-eabi/10.3.1/../../../../arm-none-eabi/lib/thumb/v6-m/nofp\libc_nano.a(lib_a-nano-freer.o)
 .ARM.attributes
                0x000000000000069b       0x1e c:/st/stm32cubeide_1.10.1/stm32cubeide/plugins/com.st.stm32cube.ide.mcu.externaltools.gnu-tools-for-stm32.10.3-2021.10.win32_1.0.0.202111181127/tools/bin/../lib/gcc/arm-none-eabi/10.3.1/thumb/v6-m/nofp\libgcc.a(_udivsi3.o)
 .ARM.attributes
                0x00000000000006b9       0x1e c:/st/stm32cubeide_1.10.1/stm32cubeide/plugins/com.st.stm32cube.ide.mcu.externaltools.gnu-tools-for-stm32.10.3-2021.10.win32_1.0.0.202111181127/tools/bin/../lib/gcc/arm-none-eabi/10.3.1/thumb/v6-m/nofp\libgcc.a(_divsi3.o)
 .ARM.attributes
                0x00000000000006d7       0x1e c:/st/stm32cubeide_1.10.1/stm32cubeide/plugins/com.st.stm32cube.ide.mcu.externaltools.gnu-tools-for-stm32.10.3-2021.10.win32_1.0.0.202111181127/tools/bin/../lib/gcc/arm-none-eabi/10.3.1/thumb/v6-m/nofp\libgcc.a(_dvmd_tls.o)
 .ARM.attributes
                0x00000000000006f5       0x1e c:/st/stm32cubeide_1.10.1/stm32cubeide/plugins/com.st.stm32cube.ide.mcu.externaltools.gnu-tools-for-stm32.10.3-2021.10.win32_1.0.0.202111181127/tools/bin/../lib/gcc/arm-none-eabi/10.3.1/thumb/v6-m/nofp/crtn.o
OUTPUT(OsProject.elf elf32-littlearm)
LOAD linker stubs
LOAD c:/st/stm32cubeide_1.10.1/stm32cubeide/plugins/com.st.stm32cube.ide.mcu.externaltools.gnu-tools-for-stm32.10.3-2021.10.win32_1.0.0.202111181127/tools/bin/../lib/gcc/arm-none-eabi/10.3.1/../../../../arm-none-eabi/lib/thumb/v6-m/nofp\libc.a
LOAD c:/st/stm32cubeide_1.10.1/stm32cubeide/plugins/com.st.stm32cube.ide.mcu.externaltools.gnu-tools-for-stm32.10.3-2021.10.win32_1.0.0.202111181127/tools/bin/../lib/gcc/arm-none-eabi/10.3.1/../../../../arm-none-eabi/lib/thumb/v6-m/nofp\libm.a
LOAD c:/st/stm32cubeide_1.10.1/stm32cubeide/plugins/com.st.stm32cube.ide.mcu.externaltools.gnu-tools-for-stm32.10.3-2021.10.win32_1.0.0.202111181127/tools/bin/../lib/gcc/arm-none-eabi/10.3.1/thumb/v6-m/nofp\libgcc.a

.debug_info     0x0000000000000000    0x1b78a
 .debug_info    0x0000000000000000      0x1d8 ./Core/Src/function_display.o
 .debug_info    0x00000000000001d8      0x29a ./Core/Src/function_icons.o
 .debug_info    0x0000000000000472      0x381 ./Core/Src/function_servo.o
 .debug_info    0x00000000000007f3      0xf8c ./Core/Src/lcd_st7565.o
 .debug_info    0x000000000000177f     0x1f87 ./Core/Src/main.o
 .debug_info    0x0000000000003706     0x150b ./Core/Src/stm32f0xx_hal_msp.o
 .debug_info    0x0000000000004c11      0x3ab ./Core/Src/stm32f0xx_it.o
 .debug_info    0x0000000000004fbc      0x269 ./Core/Src/system_stm32f0xx.o
 .debug_info    0x0000000000005225       0x22 ./Core/Startup/startup_stm32f091rctx.o
 .debug_info    0x0000000000005247      0x6f0 ./Drivers/STM32F0xx_HAL_Driver/Src/stm32f0xx_hal.o
 .debug_info    0x0000000000005937      0xd29 ./Drivers/STM32F0xx_HAL_Driver/Src/stm32f0xx_hal_adc.o
 .debug_info    0x0000000000006660      0x71d ./Drivers/STM32F0xx_HAL_Driver/Src/stm32f0xx_hal_cortex.o
 .debug_info    0x0000000000006d7d      0x788 ./Drivers/STM32F0xx_HAL_Driver/Src/stm32f0xx_hal_dma.o
 .debug_info    0x0000000000007505      0x66a ./Drivers/STM32F0xx_HAL_Driver/Src/stm32f0xx_hal_gpio.o
 .debug_info    0x0000000000007b6f      0x8ac ./Drivers/STM32F0xx_HAL_Driver/Src/stm32f0xx_hal_rcc.o
 .debug_info    0x000000000000841b      0x624 ./Drivers/STM32F0xx_HAL_Driver/Src/stm32f0xx_hal_rcc_ex.o
 .debug_info    0x0000000000008a3f     0x17ad ./Drivers/STM32F0xx_HAL_Driver/Src/stm32f0xx_hal_spi.o
 .debug_info    0x000000000000a1ec     0x2b9f ./Drivers/STM32F0xx_HAL_Driver/Src/stm32f0xx_hal_tim.o
 .debug_info    0x000000000000cd8b     0x15c4 ./Drivers/STM32F0xx_HAL_Driver/Src/stm32f0xx_hal_tim_ex.o
 .debug_info    0x000000000000e34f     0x3c42 ./Drivers/STM32F0xx_HAL_Driver/Src/stm32f0xx_hal_uart.o
 .debug_info    0x0000000000011f91     0x3bdc ./Middlewares/Third_Party/FreeRTOS/Source/CMSIS_RTOS_V2/cmsis_os2.o
 .debug_info    0x0000000000015b6d      0x2cb ./Middlewares/Third_Party/FreeRTOS/Source/list.o
 .debug_info    0x0000000000015e38     0x15a8 ./Middlewares/Third_Party/FreeRTOS/Source/queue.o
 .debug_info    0x00000000000173e0     0x2431 ./Middlewares/Third_Party/FreeRTOS/Source/tasks.o
 .debug_info    0x0000000000019811     0x19b1 ./Middlewares/Third_Party/FreeRTOS/Source/timers.o
 .debug_info    0x000000000001b1c2      0x29e ./Middlewares/Third_Party/FreeRTOS/Source/portable/GCC/ARM_CM0/port.o
 .debug_info    0x000000000001b460      0x32a ./Middlewares/Third_Party/FreeRTOS/Source/portable/MemMang/heap_4.o

.debug_abbrev   0x0000000000000000     0x3967
 .debug_abbrev  0x0000000000000000       0xe0 ./Core/Src/function_display.o
 .debug_abbrev  0x00000000000000e0      0x119 ./Core/Src/function_icons.o
 .debug_abbrev  0x00000000000001f9      0x120 ./Core/Src/function_servo.o
 .debug_abbrev  0x0000000000000319      0x2f8 ./Core/Src/lcd_st7565.o
 .debug_abbrev  0x0000000000000611      0x2f6 ./Core/Src/main.o
 .debug_abbrev  0x0000000000000907      0x240 ./Core/Src/stm32f0xx_hal_msp.o
 .debug_abbrev  0x0000000000000b47      0x199 ./Core/Src/stm32f0xx_it.o
 .debug_abbrev  0x0000000000000ce0      0x116 ./Core/Src/system_stm32f0xx.o
 .debug_abbrev  0x0000000000000df6       0x12 ./Core/Startup/startup_stm32f091rctx.o
 .debug_abbrev  0x0000000000000e08      0x20e ./Drivers/STM32F0xx_HAL_Driver/Src/stm32f0xx_hal.o
 .debug_abbrev  0x0000000000001016      0x243 ./Drivers/STM32F0xx_HAL_Driver/Src/stm32f0xx_hal_adc.o
 .debug_abbrev  0x0000000000001259      0x283 ./Drivers/STM32F0xx_HAL_Driver/Src/stm32f0xx_hal_cortex.o
 .debug_abbrev  0x00000000000014dc      0x22a ./Drivers/STM32F0xx_HAL_Driver/Src/stm32f0xx_hal_dma.o
 .debug_abbrev  0x0000000000001706      0x1ca ./Drivers/STM32F0xx_HAL_Driver/Src/stm32f0xx_hal_gpio.o
 .debug_abbrev  0x00000000000018d0      0x283 ./Drivers/STM32F0xx_HAL_Driver/Src/stm32f0xx_hal_rcc.o
 .debug_abbrev  0x0000000000001b53      0x19f ./Drivers/STM32F0xx_HAL_Driver/Src/stm32f0xx_hal_rcc_ex.o
 .debug_abbrev  0x0000000000001cf2      0x266 ./Drivers/STM32F0xx_HAL_Driver/Src/stm32f0xx_hal_spi.o
 .debug_abbrev  0x0000000000001f58      0x25d ./Drivers/STM32F0xx_HAL_Driver/Src/stm32f0xx_hal_tim.o
 .debug_abbrev  0x00000000000021b5      0x265 ./Drivers/STM32F0xx_HAL_Driver/Src/stm32f0xx_hal_tim_ex.o
 .debug_abbrev  0x000000000000241a      0x2cc ./Drivers/STM32F0xx_HAL_Driver/Src/stm32f0xx_hal_uart.o
 .debug_abbrev  0x00000000000026e6      0x419 ./Middlewares/Third_Party/FreeRTOS/Source/CMSIS_RTOS_V2/cmsis_os2.o
 .debug_abbrev  0x0000000000002aff       0xf2 ./Middlewares/Third_Party/FreeRTOS/Source/list.o
 .debug_abbrev  0x0000000000002bf1      0x32f ./Middlewares/Third_Party/FreeRTOS/Source/queue.o
 .debug_abbrev  0x0000000000002f20      0x39c ./Middlewares/Third_Party/FreeRTOS/Source/tasks.o
 .debug_abbrev  0x00000000000032bc      0x322 ./Middlewares/Third_Party/FreeRTOS/Source/timers.o
 .debug_abbrev  0x00000000000035de      0x1ec ./Middlewares/Third_Party/FreeRTOS/Source/portable/GCC/ARM_CM0/port.o
 .debug_abbrev  0x00000000000037ca      0x19d ./Middlewares/Third_Party/FreeRTOS/Source/portable/MemMang/heap_4.o

.debug_aranges  0x0000000000000000     0x1848
 .debug_aranges
                0x0000000000000000       0x58 ./Core/Src/function_display.o
 .debug_aranges
                0x0000000000000058       0x58 ./Core/Src/function_icons.o
 .debug_aranges
                0x00000000000000b0       0x38 ./Core/Src/function_servo.o
 .debug_aranges
                0x00000000000000e8       0xc0 ./Core/Src/lcd_st7565.o
 .debug_aranges
                0x00000000000001a8       0xa0 ./Core/Src/main.o
 .debug_aranges
                0x0000000000000248       0x68 ./Core/Src/stm32f0xx_hal_msp.o
 .debug_aranges
                0x00000000000002b0       0x40 ./Core/Src/stm32f0xx_it.o
 .debug_aranges
                0x00000000000002f0       0x28 ./Core/Src/system_stm32f0xx.o
 .debug_aranges
                0x0000000000000318       0x28 ./Core/Startup/startup_stm32f091rctx.o
 .debug_aranges
                0x0000000000000340       0xd0 ./Drivers/STM32F0xx_HAL_Driver/Src/stm32f0xx_hal.o
 .debug_aranges
                0x0000000000000410       0xf8 ./Drivers/STM32F0xx_HAL_Driver/Src/stm32f0xx_hal_adc.o
 .debug_aranges
                0x0000000000000508       0xc0 ./Drivers/STM32F0xx_HAL_Driver/Src/stm32f0xx_hal_cortex.o
 .debug_aranges
                0x00000000000005c8       0x88 ./Drivers/STM32F0xx_HAL_Driver/Src/stm32f0xx_hal_dma.o
 .debug_aranges
                0x0000000000000650       0x58 ./Drivers/STM32F0xx_HAL_Driver/Src/stm32f0xx_hal_gpio.o
 .debug_aranges
                0x00000000000006a8       0x80 ./Drivers/STM32F0xx_HAL_Driver/Src/stm32f0xx_hal_rcc.o
 .debug_aranges
                0x0000000000000728       0x78 ./Drivers/STM32F0xx_HAL_Driver/Src/stm32f0xx_hal_rcc_ex.o
 .debug_aranges
                0x00000000000007a0      0x1d8 ./Drivers/STM32F0xx_HAL_Driver/Src/stm32f0xx_hal_spi.o
 .debug_aranges
                0x0000000000000978      0x3d0 ./Drivers/STM32F0xx_HAL_Driver/Src/stm32f0xx_hal_tim.o
 .debug_aranges
                0x0000000000000d48      0x168 ./Drivers/STM32F0xx_HAL_Driver/Src/stm32f0xx_hal_tim_ex.o
 .debug_aranges
                0x0000000000000eb0      0x228 ./Drivers/STM32F0xx_HAL_Driver/Src/stm32f0xx_hal_uart.o
 .debug_aranges
                0x00000000000010d8      0x228 ./Middlewares/Third_Party/FreeRTOS/Source/CMSIS_RTOS_V2/cmsis_os2.o
 .debug_aranges
                0x0000000000001300       0x40 ./Middlewares/Third_Party/FreeRTOS/Source/list.o
 .debug_aranges
                0x0000000000001340      0x158 ./Middlewares/Third_Party/FreeRTOS/Source/queue.o
 .debug_aranges
                0x0000000000001498      0x1f8 ./Middlewares/Third_Party/FreeRTOS/Source/tasks.o
 .debug_aranges
                0x0000000000001690       0xe0 ./Middlewares/Third_Party/FreeRTOS/Source/timers.o
 .debug_aranges
                0x0000000000001770       0x88 ./Middlewares/Third_Party/FreeRTOS/Source/portable/GCC/ARM_CM0/port.o
 .debug_aranges
                0x00000000000017f8       0x50 ./Middlewares/Third_Party/FreeRTOS/Source/portable/MemMang/heap_4.o

.debug_ranges   0x0000000000000000     0x16d0
 .debug_ranges  0x0000000000000000       0x48 ./Core/Src/function_display.o
 .debug_ranges  0x0000000000000048       0x48 ./Core/Src/function_icons.o
 .debug_ranges  0x0000000000000090       0x28 ./Core/Src/function_servo.o
 .debug_ranges  0x00000000000000b8       0xb0 ./Core/Src/lcd_st7565.o
 .debug_ranges  0x0000000000000168       0x90 ./Core/Src/main.o
 .debug_ranges  0x00000000000001f8       0x58 ./Core/Src/stm32f0xx_hal_msp.o
 .debug_ranges  0x0000000000000250       0x30 ./Core/Src/stm32f0xx_it.o
 .debug_ranges  0x0000000000000280       0x18 ./Core/Src/system_stm32f0xx.o
 .debug_ranges  0x0000000000000298       0x20 ./Core/Startup/startup_stm32f091rctx.o
 .debug_ranges  0x00000000000002b8       0xc0 ./Drivers/STM32F0xx_HAL_Driver/Src/stm32f0xx_hal.o
 .debug_ranges  0x0000000000000378       0xe8 ./Drivers/STM32F0xx_HAL_Driver/Src/stm32f0xx_hal_adc.o
 .debug_ranges  0x0000000000000460       0xb0 ./Drivers/STM32F0xx_HAL_Driver/Src/stm32f0xx_hal_cortex.o
 .debug_ranges  0x0000000000000510       0x78 ./Drivers/STM32F0xx_HAL_Driver/Src/stm32f0xx_hal_dma.o
 .debug_ranges  0x0000000000000588       0x48 ./Drivers/STM32F0xx_HAL_Driver/Src/stm32f0xx_hal_gpio.o
 .debug_ranges  0x00000000000005d0       0x70 ./Drivers/STM32F0xx_HAL_Driver/Src/stm32f0xx_hal_rcc.o
 .debug_ranges  0x0000000000000640       0x68 ./Drivers/STM32F0xx_HAL_Driver/Src/stm32f0xx_hal_rcc_ex.o
 .debug_ranges  0x00000000000006a8      0x1c8 ./Drivers/STM32F0xx_HAL_Driver/Src/stm32f0xx_hal_spi.o
 .debug_ranges  0x0000000000000870      0x3c0 ./Drivers/STM32F0xx_HAL_Driver/Src/stm32f0xx_hal_tim.o
 .debug_ranges  0x0000000000000c30      0x158 ./Drivers/STM32F0xx_HAL_Driver/Src/stm32f0xx_hal_tim_ex.o
 .debug_ranges  0x0000000000000d88      0x248 ./Drivers/STM32F0xx_HAL_Driver/Src/stm32f0xx_hal_uart.o
 .debug_ranges  0x0000000000000fd0      0x218 ./Middlewares/Third_Party/FreeRTOS/Source/CMSIS_RTOS_V2/cmsis_os2.o
 .debug_ranges  0x00000000000011e8       0x30 ./Middlewares/Third_Party/FreeRTOS/Source/list.o
 .debug_ranges  0x0000000000001218      0x148 ./Middlewares/Third_Party/FreeRTOS/Source/queue.o
 .debug_ranges  0x0000000000001360      0x1e8 ./Middlewares/Third_Party/FreeRTOS/Source/tasks.o
 .debug_ranges  0x0000000000001548       0xd0 ./Middlewares/Third_Party/FreeRTOS/Source/timers.o
 .debug_ranges  0x0000000000001618       0x78 ./Middlewares/Third_Party/FreeRTOS/Source/portable/GCC/ARM_CM0/port.o
 .debug_ranges  0x0000000000001690       0x40 ./Middlewares/Third_Party/FreeRTOS/Source/portable/MemMang/heap_4.o

.debug_macro    0x0000000000000000     0x45e1
 .debug_macro   0x0000000000000000      0x2f7 ./Core/Src/function_display.o
 .debug_macro   0x00000000000002f7       0x28 ./Core/Src/function_display.o
 .debug_macro   0x000000000000031f      0x341 ./Core/Src/function_display.o
 .debug_macro   0x0000000000000660       0x10 ./Core/Src/function_display.o
 .debug_macro   0x0000000000000670       0x20 ./Core/Src/function_display.o
 .debug_macro   0x0000000000000690       0xc4 ./Core/Src/function_display.o
 .debug_macro   0x0000000000000754      0x2f3 ./Core/Src/function_icons.o
 .debug_macro   0x0000000000000a47      0x1fe ./Core/Src/function_servo.o
 .debug_macro   0x0000000000000c45      0x351 ./Core/Src/lcd_st7565.o
 .debug_macro   0x0000000000000f96       0x4c ./Core/Src/lcd_st7565.o
 .debug_macro   0x0000000000000fe2       0x94 ./Core/Src/lcd_st7565.o
 .debug_macro   0x0000000000001076       0x16 ./Core/Src/lcd_st7565.o
 .debug_macro   0x000000000000108c      0x10e ./Core/Src/lcd_st7565.o
 .debug_macro   0x000000000000119a       0x8d ./Core/Src/lcd_st7565.o
 .debug_macro   0x0000000000001227       0x57 ./Core/Src/lcd_st7565.o
 .debug_macro   0x000000000000127e       0x16 ./Core/Src/lcd_st7565.o
 .debug_macro   0x0000000000001294       0x29 ./Core/Src/lcd_st7565.o
 .debug_macro   0x00000000000012bd       0x4f ./Core/Src/lcd_st7565.o
 .debug_macro   0x000000000000130c       0x16 ./Core/Src/lcd_st7565.o
 .debug_macro   0x0000000000001322      0x3b8 ./Core/Src/main.o
 .debug_macro   0x00000000000016da       0x5b ./Core/Src/main.o
 .debug_macro   0x0000000000001735       0x74 ./Core/Src/main.o
 .debug_macro   0x00000000000017a9       0xdd ./Core/Src/main.o
 .debug_macro   0x0000000000001886      0x1fa ./Core/Src/stm32f0xx_hal_msp.o
 .debug_macro   0x0000000000001a80      0x309 ./Core/Src/stm32f0xx_it.o
 .debug_macro   0x0000000000001d89      0x1eb ./Core/Src/system_stm32f0xx.o
 .debug_macro   0x0000000000001f74      0x20f ./Drivers/STM32F0xx_HAL_Driver/Src/stm32f0xx_hal.o
 .debug_macro   0x0000000000002183      0x20f ./Drivers/STM32F0xx_HAL_Driver/Src/stm32f0xx_hal_adc.o
 .debug_macro   0x0000000000002392      0x1eb ./Drivers/STM32F0xx_HAL_Driver/Src/stm32f0xx_hal_cortex.o
 .debug_macro   0x000000000000257d      0x1eb ./Drivers/STM32F0xx_HAL_Driver/Src/stm32f0xx_hal_dma.o
 .debug_macro   0x0000000000002768      0x1f2 ./Drivers/STM32F0xx_HAL_Driver/Src/stm32f0xx_hal_gpio.o
 .debug_macro   0x000000000000295a      0x1fd ./Drivers/STM32F0xx_HAL_Driver/Src/stm32f0xx_hal_rcc.o
 .debug_macro   0x0000000000002b57      0x1fd ./Drivers/STM32F0xx_HAL_Driver/Src/stm32f0xx_hal_rcc_ex.o
 .debug_macro   0x0000000000002d54      0x1f3 ./Drivers/STM32F0xx_HAL_Driver/Src/stm32f0xx_hal_spi.o
 .debug_macro   0x0000000000002f47      0x1ec ./Drivers/STM32F0xx_HAL_Driver/Src/stm32f0xx_hal_tim.o