../Core/Src/function_display.c:10:6:Display_master_function	16	static
../Core/Src/function_display.c:47:5:Display_start_screen	16	static
../Core/Src/function_display.c:57:6:Display_stergere_x1	8	static
../Core/Src/function_display.c:66:6:Display_treapta_1	8	static
../Core/Src/function_display.c:79:6:Display_treapta_2	8	static
../Core/Src/function_display.c:92:6:Display_treapta_3	8	static
../Core/Src/function_display.c:105:6:Display_spalare_parbriz	8	static
../Core/Src/function_display.c:114:6:Display_spalare_luneta	8	static
