../Core/Src/lcd_st7565.c:83:6:st7565_write_buffer	32	static
../Core/Src/lcd_st7565.c:99:6:st7565_sendbyte	16	static
../Core/Src/lcd_st7565.c:105:6:st7565_init	8	static
../Core/Src/lcd_st7565.c:155:6:st7565_backlight_enable	8	static
../Core/Src/lcd_st7565.c:160:6:st7565_backlight_disable	8	static
../Core/Src/lcd_st7565.c:165:6:st7565_set_brightness	16	static
../Core/Src/lcd_st7565.c:171:6:st7565_fade_out	32	static
../Core/Src/lcd_st7565.c:180:6:st7565_fade_in	32	static
../Core/Src/lcd_st7565.c:189:6:st7565_clear_screen	16	static
../Core/Src/lcd_st7565.c:202:6:st7565_clear_buffer	16	static
../Core/Src/lcd_st7565.c:210:6:st7565_drawfallingbitmap	88	static
../Core/Src/lcd_st7565.c:246:6:st7565_setpixel	24	static
../Core/Src/lcd_st7565.c:258:6:st7565_drawbitmap	40	static
../Core/Src/lcd_st7565.c:271:6:st7565_drawstring	40	static
../Core/Src/lcd_st7565.c:286:6:st7565_drawchar	32	static
../Core/Src/lcd_st7565.c:295:6:st7565_clearpixel	16	static
../Core/Src/lcd_st7565.c:301:6:st7565_drawline	32	static
../Core/Src/lcd_st7565.c:358:6:st7565_fillrect	32	static
../Core/Src/lcd_st7565.c:370:6:st7565_drawrect	40	static
../Core/Src/lcd_st7565.c:385:6:st7565_drawcircle	40	static
../Core/Src/lcd_st7565.c:417:6:st7565_fillcircle	40	static
