../Core/Src/main.c:497:5:main	8	static
../Core/Src/main.c:584:6:SystemClock_Config	112	static
../Core/Src/main.c:631:13:MX_ADC_Init	24	static
../Core/Src/main.c:701:13:MX_SPI1_Init	8	static
../Core/Src/main.c:741:13:MX_TIM3_Init	64	static
../Core/Src/main.c:800:13:MX_USART2_UART_Init	8	static
../Core/Src/main.c:833:13:MX_DMA_Init	16	static
../Core/Src/main.c:854:13:MX_GPIO_Init	56	static
../Core/Src/main.c:907:6:Stergatoare	48	static
../Core/Src/main.c:1119:6:Error_Handler	8	static,ignoring_inline_asm
