../Core/Src/main.c:525:5:main	8	static
../Core/Src/main.c:616:6:SystemClock_Config	112	static
../Core/Src/main.c:663:13:MX_ADC_Init	24	static
../Core/Src/main.c:733:13:MX_SPI1_Init	8	static
../Core/Src/main.c:773:13:MX_TIM3_Init	64	static
../Core/Src/main.c:832:13:MX_USART2_UART_Init	8	static
../Core/Src/main.c:865:13:MX_DMA_Init	16	static
../Core/Src/main.c:886:13:MX_GPIO_Init	56	static
../Core/Src/main.c:939:6:Stergatoare	16	static
../Core/Src/main.c:1101:6:ReadJoystick	32	static
../Core/Src/main.c:1147:7:clearScreen	16	static
../Core/Src/main.c:1134:6:ControlLCD	48	static
../Core/Src/main.c:1243:6:Error_Handler	8	static,ignoring_inline_asm
